[15:34:30] [main/INFO]: Loading Minecraft 1.21.11 with Fabric Loader 0.19.3
[15:34:30] [main/INFO]: Loading 46 mods:
[15:34:30] [main/INFO]: - fabric-api 0.141.4+1.21.11
[15:34:30] [main/INFO]: |-- fabric-api-base 1.0.5+4ebb5c083e
[15:34:30] [main/INFO]: |-- fabric-api-lookup-api-v1 1.6.114+20dc27073e
[15:34:30] [main/INFO]: |-- fabric-biome-api-v1 17.1.1+4fc5413f3e
[15:34:30] [main/INFO]: |-- fabric-block-api-v1 1.1.10+4ebb5c083e
[15:34:30] [main/INFO]: |-- fabric-block-view-api-v2 1.0.39+4ebb5c083e
[15:34:30] [main/INFO]: |-- fabric-command-api-v2 2.4.7+6b42a6003e
[15:34:30] [main/INFO]: |-- fabric-content-registries-v0 10.2.14+4fc5413f3e
[15:34:30] [main/INFO]: |-- fabric-convention-tags-v1 2.1.55+7f945d5b3e
[15:34:30] [main/INFO]: |-- fabric-convention-tags-v2 2.17.3+8ef948ba3e
[15:34:30] [main/INFO]: |-- fabric-crash-report-info-v1 0.3.23+4ebb5c083e
[15:34:30] [main/INFO]: |-- fabric-data-attachment-api-v1 1.8.48+eed0806f3e
[15:34:30] [main/INFO]: |-- fabric-data-generation-api-v1 23.4.1+69974c4e3e
[15:34:30] [main/INFO]: |-- fabric-dimensions-v1 4.0.28+4fc5413f3e
[15:34:30] [main/INFO]: |-- fabric-entity-events-v1 3.1.1+1d0ab4303e
[15:34:30] [main/INFO]: |-- fabric-events-interaction-v0 4.1.1+3b89ecf63e
[15:34:30] [main/INFO]: |-- fabric-game-rule-api-v1 2.0.3+4fc5413f3e
[15:34:30] [main/INFO]: |-- fabric-item-api-v1 11.5.20+d0c46b9e3e
[15:34:30] [main/INFO]: |-- fabric-item-group-api-v1 4.2.36+4fc5413f3e
[15:34:30] [main/INFO]: |-- fabric-key-binding-api-v1 1.1.7+4fc5413f3e
[15:34:30] [main/INFO]: |-- fabric-lifecycle-events-v1 2.6.15+4ebb5c083e
[15:34:30] [main/INFO]: |-- fabric-loot-api-v2 3.0.73+3f89f5a53e
[15:34:30] [main/INFO]: |-- fabric-loot-api-v3 2.0.20+78c8b4663e
[15:34:30] [main/INFO]: |-- fabric-message-api-v1 6.1.12+4ebb5c083e
[15:34:30] [main/INFO]: |-- fabric-model-loading-api-v1 6.0.15+4fc5413f3e
[15:34:30] [main/INFO]: |-- fabric-networking-api-v1 5.1.6+6b6d71a53e
[15:34:30] [main/INFO]: |-- fabric-object-builder-api-v1 21.1.40+4fc5413f3e
[15:34:30] [main/INFO]: |-- fabric-particles-v1 4.2.12+4fc5413f3e
[15:34:30] [main/INFO]: |-- fabric-recipe-api-v1 8.2.4+4ebb5c083e
[15:34:30] [main/INFO]: |-- fabric-registry-sync-v0 6.2.6+1718722b3e
[15:34:30] [main/INFO]: |-- fabric-renderer-api-v1 8.0.3+f4ffd2e53e
[15:34:30] [main/INFO]: |-- fabric-renderer-indigo 5.0.3+f4ffd2e53e
[15:34:30] [main/INFO]: |-- fabric-rendering-fluids-v1 3.1.43+4ebb5c083e
[15:34:30] [main/INFO]: |-- fabric-rendering-v1 16.2.10+0290ad933e
[15:34:30] [main/INFO]: |-- fabric-resource-conditions-api-v1 5.0.35+4fc5413f3e
[15:34:30] [main/INFO]: |-- fabric-resource-loader-v0 3.3.4+4fc5413f3e
[15:34:30] [main/INFO]: |-- fabric-resource-loader-v1 1.0.10+78c8b4663e
[15:34:30] [main/INFO]: |-- fabric-screen-api-v1 3.1.7+4ebb5c083e
[15:34:30] [main/INFO]: |-- fabric-screen-handler-api-v1 1.3.162+4fc5413f3e
[15:34:30] [main/INFO]: |-- fabric-serialization-api-v1 1.0.5+4ebb5c083e
[15:34:30] [main/INFO]: |-- fabric-sound-api-v1 1.0.51+4fc5413f3e
[15:34:30] [main/INFO]: |-- fabric-tag-api-v1 1.2.20+4fc5413f3e
[15:34:30] [main/INFO]: |-- fabric-transfer-api-v1 6.0.25+4fc5413f3e
[15:34:30] [main/INFO]: \-- fabric-transitive-access-wideners-v1 7.1.0+014c8cec3e
[15:34:30] [main/INFO]: - fabricloader 0.19.3
[15:34:30] [main/INFO]: \-- mixinextras 0.5.4
[15:34:30] [main/INFO]: - ferritecore 8.2.0
[15:34:30] [main/INFO]: - jade 21.1.6+fabric
[15:34:30] [main/INFO]: - java 21
[15:34:30] [main/INFO]: - jei 27.4.0.22
[15:34:30] [main/INFO]: - minecraft 1.21.11
[15:34:30] [main/INFO]: - xaerominimap 26.1.0
[15:34:30] [main/INFO]: \-- xaerolib 1.1.15
[15:34:30] [main/INFO]: SpongePowered MIXIN Subsystem Version=0.8.7 Source=file:/server/libraries/net/fabricmc/sponge-mixin/0.17.3+mixin.0.8.7/sponge-mixin-0.17.3+mixin.0.8.7.jar Service=Knot/Fabric Env=SERVER
[15:34:30] [main/INFO]: Compatibility level set to JAVA_21
[15:34:30] [main/WARN]: Reference map 'xaerolib.refmap.json' for xaerolib.mixins.json could not be read. If this is a development environment you can ignore this message
[15:34:30] [main/WARN]: Reference map 'xaerominimap.refmap.json' for xaerohud.mixins.json could not be read. If this is a development environment you can ignore this message
[15:34:30] [main/WARN]: Reference map 'xaerominimap.refmap.json' for xaerohud.fabric.mixins.json could not be read. If this is a development environment you can ignore this message
[15:34:30] [main/WARN]: Reference map 'xaerominimap.refmap.json' for xaerominimap.mixins.json could not be read. If this is a development environment you can ignore this message
[15:34:31] [main/INFO]: Initializing MixinExtras via com.llamalad7.mixinextras.service.MixinExtrasServiceImpl(version=0.5.4).
[15:34:36] [main/INFO]: Registering common data for channel xaerolib:main!
[15:34:36] [main/INFO]: Loading primary common config for channel xaerolib:main!
[15:34:36] [main/INFO]: Loading server config profiles for channel xaerolib:main!
[15:34:36] [main/INFO]: Loading XaeroLib common 1/2!
[15:34:36] [main/INFO]: Loading XaeroLib server 1/2!
[15:34:36] [main/INFO]: Registering common data for channel xaerominimap:main!
[15:34:36] [main/INFO]: Loading primary common config for channel xaerominimap:main!
[15:34:36] [main/INFO]: Loading server config profiles for channel xaerominimap:main!
[15:34:36] [main/INFO]: Loading Xaero's Minimap - Stage 1/2 (Server)
[15:34:36] [main/INFO]: Environment: Environment[sessionHost=https://sessionserver.mojang.com, servicesHost=https://api.minecraftservices.com, profilesHost=https://api.mojang.com, name=PROD]
[15:34:38] [main/INFO]: Loaded 1470 recipes
[15:34:38] [main/INFO]: Loaded 1584 advancements
[15:34:38] [main/INFO]: Applied 0 biome modifications to 0 of 65 new biomes in 985.6 μs
[15:34:38] [Server thread/INFO]: Loading XaeroLib common 2/2!
[15:34:38] [Server thread/INFO]: Loading XaeroLib server 2/2!
[15:34:38] [Server thread/INFO]: Starting json RPC server on 0.0.0.0:9900
[15:34:38] [Server thread/INFO]: Json-RPC Management connection listening on 0.0.0.0:9900
[15:34:38] [Server thread/INFO]: Starting minecraft server version 1.21.11
[15:34:38] [Server thread/INFO]: Loading properties
[15:34:38] [Server thread/INFO]: Default game type: SURVIVAL
[15:34:38] [Server thread/INFO]: Generating keypair
[15:34:38] [Server thread/INFO]: Starting Minecraft server on *:11469
[15:34:38] [Server thread/WARN]: **** SERVER IS RUNNING IN OFFLINE/INSECURE MODE!
[15:34:38] [Server thread/WARN]: The server will make no attempt to authenticate usernames. Beware.
[15:34:38] [Server thread/WARN]: While this makes the game possible to play without internet access, it also opens up the ability for hackers to connect with any username they choose.
[15:34:38] [Server thread/WARN]: To change this, set "online-mode" to "true" in the server.properties file.
[15:34:38] [Server thread/INFO]: Preparing level "world"
[15:34:39] [Server thread/INFO]: Loading 50 persistent chunks...
[15:34:39] [Server thread/INFO]: Preparing spawn area: 16%
[15:34:39] [Server thread/INFO]: Preparing spawn area: 16%
[15:34:40] [Server thread/INFO]: Preparing spawn area: 16%
[15:34:40] [Server thread/INFO]: Preparing spawn area: 16%
[15:34:41] [Server thread/INFO]: Preparing spawn area: 16%
[15:34:41] [Server thread/INFO]: Preparing spawn area: 16%
[15:34:42] [Server thread/INFO]: Preparing spawn area: 16%
[15:34:42] [Server thread/INFO]: Preparing spawn area: 16%
[15:34:43] [Server thread/INFO]: Preparing spawn area: 16%
[15:34:43] [Server thread/INFO]: Preparing spawn area: 16%
[15:34:44] [Server thread/INFO]: Preparing spawn area: 16%
[15:34:44] [Server thread/INFO]: Preparing spawn area: 16%
[15:34:45] [Server thread/INFO]: Preparing spawn area: 16%
[15:34:45] [Server thread/INFO]: Preparing spawn area: 16%
[15:34:46] [Server thread/INFO]: Time elapsed: 6992 ms
[15:34:46] [Server thread/INFO]: Done (7.397s)! For help, type "help"
[15:34:46] [Server thread/INFO]: Starting GS4 status listener
[15:34:46] [Server thread/INFO]: Thread Query Listener started
[15:34:46] [Query Listener #1/INFO]: Query running on 0.0.0.0:9898
[15:34:46] [Server thread/INFO]: JMX monitoring enabled
[15:34:46] [Server thread/INFO]: Start loading plugin from Jade: snownee.jade.addon.core.CorePlugin
[15:34:46] [Server thread/INFO]: Start loading plugin from Jade: snownee.jade.addon.vanilla.VanillaPlugin
[15:34:46] [Server thread/INFO]: Start loading plugin from Jade: snownee.jade.addon.universal.UniversalPlugin
[15:34:46] [Server thread/INFO]: Start loading plugin from Jade: snownee.jade.addon.access.AccessibilityPlugin
[15:34:46] [Server thread/INFO]: Start loading plugin from Jade: snownee.jade.addon.debug.DebugPlugin
[15:34:46] [Server thread/INFO]: Loading Xaero's Minimap - Stage 2/2 (Server)
[15:35:37] [Server thread/INFO]: BC_U809[/**.**.**.**:54180] logged in with entity id 70 at (-9.030744183764494, 118.0, -123.3427897959957)
[15:35:37] [Server thread/INFO]: BC_U809 joined the game
[15:45:51] [Server thread/INFO]: [BC_U809: Set own game mode to Creative Mode]
[15:51:39] [Server thread/INFO]: [BC_U809: Set own game mode to Spectator Mode]
[15:53:00] [Server thread/INFO]: [BC_U809: Set own game mode to Creative Mode]
[15:53:07] [Server thread/INFO]: [BC_U809: Set own game mode to Spectator Mode]
[15:53:37] [Server thread/INFO]: [BC_U809: Set own game mode to Creative Mode]
[15:53:44] [Server thread/INFO]: [BC_U809: Set own game mode to Survival Mode]
[15:54:02] [Server thread/INFO]: [BC_U809: Teleported BC_U809 to 138.500000, 76.500000, -251.500000]
[15:58:22] [Server thread/INFO]: [@: Killed Ghast]
[15:58:36] [Server thread/INFO]: [BC_U809: Applied effect Night Vision to BC_U809]
[15:59:12] [Server thread/INFO]: [@: Killed Ghast]
[15:59:12] [Server thread/INFO]: [@: Killed Ghast]
[15:59:33] [Server thread/INFO]: [BC_U809: Set own game mode to Creative Mode]
[15:59:44] [Server thread/INFO]: [@: Killed Ghast]
[15:59:47] [Server thread/INFO]: [BC_U809: Set own game mode to Spectator Mode]
[15:59:56] [Server thread/INFO]: [BC_U809: Set own game mode to Creative Mode]
[16:01:14] [Server thread/INFO]: [@: Killed Ghast]
[16:01:17] [Server thread/INFO]: BC_U809 has made the advancement [Into Fire]
[16:01:56] [Server thread/INFO]: [BC_U809: Set own game mode to Survival Mode]
[16:02:48] [Server thread/INFO]: [BC_U809: Teleported BC_U809 to 14.500000, 83.500000, -36.500000]
[16:03:08] [Server thread/INFO]: [BC_U809: Teleported BC_U809 to -2.500000, 118.500000, -127.500000]
[16:04:46] [Server thread/INFO]: [BC_U809: Teleported BC_U809 to 138.500000, 76.500000, -251.500000]
[16:05:57] [Server thread/INFO]: [BC_U809: Set own game mode to Spectator Mode]
[16:06:07] [Server thread/INFO]: [BC_U809: Set own game mode to Creative Mode]
[16:07:25] [Server thread/INFO]: [BC_U809: Set own game mode to Survival Mode]
[16:09:19] [Server thread/INFO]: BC_U809 was fireballed by Blaze
[16:09:42] [Server thread/INFO]: [BC_U809: Teleported BC_U809 to 138.500000, 76.500000, -251.500000]
[16:10:14] [Server thread/INFO]: [BC_U809: Teleported BC_U809 to 110.500000, 77.500000, -83.500000]
[16:10:14] [Server thread/INFO]: [@: Killed Ghast]
[16:10:35] [Server thread/INFO]: [BC_U809: Applied effect Night Vision to BC_U809]
[16:11:28] [Server thread/INFO]: [BC_U809: Set own game mode to Creative Mode]
[16:13:57] [Server thread/INFO]: [BC_U809: Set own game mode to Survival Mode]
[16:16:28] [Server thread/INFO]: [BC_U809: Set own game mode to Spectator Mode]
[16:16:40] [Server thread/INFO]: [BC_U809: Set own game mode to Survival Mode]
[16:16:53] [Server thread/INFO]: BC_U809 has made the advancement [Ice Bucket Challenge]
[16:17:25] [Server thread/INFO]: [@: Killed Ghast]
[16:18:10] [Server thread/INFO]: BC_U809 withered away while fighting Wither Skeleton
[16:18:22] [Server thread/INFO]: [BC_U809: Applied effect Night Vision to BC_U809]
[16:18:26] [Server thread/INFO]: [BC_U809: Teleported BC_U809 to 138.500000, 76.500000, -251.500000]
[16:19:17] [Server thread/INFO]: [BC_U809: Teleported BC_U809 to -2.500000, 118.500000, -127.500000]
[16:20:44] [Server thread/INFO]: [BC_U809: Teleported BC_U809 to 138.500000, 76.500000, -251.500000]
[16:21:51] [Server thread/INFO]: [@: Killed Ghast]
[16:25:57] [Server thread/INFO]: [@: Killed Ghast]
[16:28:47] [Server thread/INFO]: [@: Killed Ghast]
[16:28:51] [Server thread/INFO]: [BC_U809: Gave 64 [Dried Ghast] to BC_U809]
[16:28:52] [Server thread/INFO]: [@: Killed Ghast]
[16:28:53] [Server thread/INFO]: [@: Killed Ghast]
[16:32:07] [Server thread/INFO]: [@: Killed Ghast]
[16:33:55] [Server thread/INFO]: [BC_U809: Gave 64 [Bread] to BC_U809]
[16:33:59] [Server thread/INFO]: [BC_U809: Gave 64 [Bread] to BC_U809]
[16:34:26] [Server thread/INFO]: [BC_U809: Set own game mode to Spectator Mode]
[16:34:41] [Server thread/INFO]: [BC_U809: Set own game mode to Survival Mode]
[16:35:52] [Server thread/INFO]: [@: Killed Ghast]
[16:36:16] [Server thread/INFO]: [BC_U809: Set own game mode to Spectator Mode]
[16:36:19] [Server thread/INFO]: [BC_U809: Set own game mode to Survival Mode]
[16:36:58] [Server thread/INFO]: [@: Killed Ghast]
[16:40:30] [Server thread/INFO]: BC_U809 fell from a high place
[16:40:43] [Server thread/INFO]: [BC_U809: Applied effect Night Vision to BC_U809]
[16:40:47] [Server thread/INFO]: [BC_U809: Teleported BC_U809 to 138.500000, 76.500000, -251.500000]
[16:40:53] [Server thread/INFO]: [BC_U809: Teleported BC_U809 to -2.500000, 118.500000, -127.500000]
[16:41:32] [Server thread/INFO]: [BC_U809: Teleported BC_U809 to 138.500000, 76.500000, -251.500000]
[16:41:51] [Server thread/INFO]: [BC_U809: Teleported BC_U809 to -2.500000, 118.500000, -127.500000]
[16:42:52] [Server thread/INFO]: [BC_U809: Set own game mode to Creative Mode]
[16:43:33] [Server thread/INFO]: BC_U809 has made the advancement [Stay Hydrated!]
[16:43:46] [Server thread/INFO]: [BC_U809: Set own game mode to Survival Mode]
[16:46:45] [Server thread/INFO]: BC_U809 was slain by Vindicator
[16:47:17] [Server thread/INFO]: [BC_U809: Teleported BC_U809 to 19.500000, 111.500000, -251.500000]
[16:47:22] [Server thread/INFO]: BC_U809 was slain by Vindicator
[16:47:40] [Server thread/INFO]: [BC_U809: Applied effect Night Vision to BC_U809]
[16:47:45] [Server thread/INFO]: [BC_U809: Teleported BC_U809 to 19.500000, 111.500000, -251.500000]
[16:51:34] [Server thread/INFO]: BC_U809 was slain by Vex
[16:52:41] [Server thread/INFO]: [BC_U809: Applied effect Night Vision to BC_U809]
[16:52:48] [Server thread/INFO]: [BC_U809: Set own game mode to Creative Mode]
[16:54:14] [Server thread/INFO]: BC_U809 lost connection: Disconnected
[16:54:14] [Server thread/INFO]: BC_U809 left the game
[16:55:14] [Server thread/INFO]: Server empty for 60 seconds, pausing
[16:56:54] [Server thread/INFO]: Stopping the server
[16:56:54] [Server thread/INFO]: Stopping server
[16:56:54] [Server thread/INFO]: Saving players
[16:56:54] [Server thread/INFO]: Saving worlds
[16:56:54] [Server thread/INFO]: Saving chunks for level 'ServerLevel[world]'/minecraft:overworld
[16:56:54] [Server thread/INFO]: Saving chunks for level 'ServerLevel[world]'/minecraft:the_end
[16:56:54] [Server thread/INFO]: Saving chunks for level 'ServerLevel[world]'/minecraft:the_nether
[16:56:54] [Server thread/INFO]: ThreadedAnvilChunkStorage (world): All chunks are saved
[16:56:54] [Server thread/INFO]: ThreadedAnvilChunkStorage (DIM1): All chunks are saved
[16:56:54] [Server thread/INFO]: ThreadedAnvilChunkStorage (DIM-1): All chunks are saved
[16:56:54] [Server thread/INFO]: ThreadedAnvilChunkStorage: All dimensions are saved
[16:56:54] [Server thread/INFO]: Thread Query Listener stopped
