[20:56:41] [main/INFO]: Loading Minecraft 1.21.11 with Fabric Loader 0.19.3
[20:56:42] [main/INFO]: Loading 45 mods:
[20:56:42] [main/INFO]: - fabric-api 0.141.4+1.21.11
[20:56:42] [main/INFO]: |-- fabric-api-base 1.0.5+4ebb5c083e
[20:56:42] [main/INFO]: |-- fabric-api-lookup-api-v1 1.6.114+20dc27073e
[20:56:42] [main/INFO]: |-- fabric-biome-api-v1 17.1.1+4fc5413f3e
[20:56:42] [main/INFO]: |-- fabric-block-api-v1 1.1.10+4ebb5c083e
[20:56:42] [main/INFO]: |-- fabric-block-view-api-v2 1.0.39+4ebb5c083e
[20:56:42] [main/INFO]: |-- fabric-command-api-v2 2.4.7+6b42a6003e
[20:56:42] [main/INFO]: |-- fabric-content-registries-v0 10.2.14+4fc5413f3e
[20:56:42] [main/INFO]: |-- fabric-convention-tags-v1 2.1.55+7f945d5b3e
[20:56:42] [main/INFO]: |-- fabric-convention-tags-v2 2.17.3+8ef948ba3e
[20:56:42] [main/INFO]: |-- fabric-crash-report-info-v1 0.3.23+4ebb5c083e
[20:56:42] [main/INFO]: |-- fabric-data-attachment-api-v1 1.8.48+eed0806f3e
[20:56:42] [main/INFO]: |-- fabric-data-generation-api-v1 23.4.1+69974c4e3e
[20:56:42] [main/INFO]: |-- fabric-dimensions-v1 4.0.28+4fc5413f3e
[20:56:42] [main/INFO]: |-- fabric-entity-events-v1 3.1.1+1d0ab4303e
[20:56:42] [main/INFO]: |-- fabric-events-interaction-v0 4.1.1+3b89ecf63e
[20:56:42] [main/INFO]: |-- fabric-game-rule-api-v1 2.0.3+4fc5413f3e
[20:56:42] [main/INFO]: |-- fabric-item-api-v1 11.5.20+d0c46b9e3e
[20:56:42] [main/INFO]: |-- fabric-item-group-api-v1 4.2.36+4fc5413f3e
[20:56:42] [main/INFO]: |-- fabric-key-binding-api-v1 1.1.7+4fc5413f3e
[20:56:42] [main/INFO]: |-- fabric-lifecycle-events-v1 2.6.15+4ebb5c083e
[20:56:42] [main/INFO]: |-- fabric-loot-api-v2 3.0.73+3f89f5a53e
[20:56:42] [main/INFO]: |-- fabric-loot-api-v3 2.0.20+78c8b4663e
[20:56:42] [main/INFO]: |-- fabric-message-api-v1 6.1.12+4ebb5c083e
[20:56:42] [main/INFO]: |-- fabric-model-loading-api-v1 6.0.15+4fc5413f3e
[20:56:42] [main/INFO]: |-- fabric-networking-api-v1 5.1.6+6b6d71a53e
[20:56:42] [main/INFO]: |-- fabric-object-builder-api-v1 21.1.40+4fc5413f3e
[20:56:42] [main/INFO]: |-- fabric-particles-v1 4.2.12+4fc5413f3e
[20:56:42] [main/INFO]: |-- fabric-recipe-api-v1 8.2.4+4ebb5c083e
[20:56:42] [main/INFO]: |-- fabric-registry-sync-v0 6.2.6+1718722b3e
[20:56:42] [main/INFO]: |-- fabric-renderer-api-v1 8.0.3+f4ffd2e53e
[20:56:42] [main/INFO]: |-- fabric-renderer-indigo 5.0.3+f4ffd2e53e
[20:56:42] [main/INFO]: |-- fabric-rendering-fluids-v1 3.1.43+4ebb5c083e
[20:56:42] [main/INFO]: |-- fabric-rendering-v1 16.2.10+0290ad933e
[20:56:42] [main/INFO]: |-- fabric-resource-conditions-api-v1 5.0.35+4fc5413f3e
[20:56:42] [main/INFO]: |-- fabric-resource-loader-v0 3.3.4+4fc5413f3e
[20:56:42] [main/INFO]: |-- fabric-resource-loader-v1 1.0.10+78c8b4663e
[20:56:42] [main/INFO]: |-- fabric-screen-api-v1 3.1.7+4ebb5c083e
[20:56:42] [main/INFO]: |-- fabric-screen-handler-api-v1 1.3.162+4fc5413f3e
[20:56:42] [main/INFO]: |-- fabric-serialization-api-v1 1.0.5+4ebb5c083e
[20:56:42] [main/INFO]: |-- fabric-sound-api-v1 1.0.51+4fc5413f3e
[20:56:42] [main/INFO]: |-- fabric-tag-api-v1 1.2.20+4fc5413f3e
[20:56:42] [main/INFO]: |-- fabric-transfer-api-v1 6.0.25+4fc5413f3e
[20:56:42] [main/INFO]: \-- fabric-transitive-access-wideners-v1 7.1.0+014c8cec3e
[20:56:42] [main/INFO]: - fabricloader 0.19.3
[20:56:42] [main/INFO]: \-- mixinextras 0.5.4
[20:56:42] [main/INFO]: - ferritecore 8.2.0
[20:56:42] [main/INFO]: - java 21
[20:56:42] [main/INFO]: - jei 27.17.0.50
[20:56:42] [main/INFO]: - lithium 0.21.4+mc1.21.11
[20:56:42] [main/INFO]: - minecraft 1.21.11
[20:56:42] [main/INFO]: - scalable 1.0.0
[20:56:43] [main/INFO]: SpongePowered MIXIN Subsystem Version=0.8.7 Source=file:/D:/Minecraft_Server/libraries/net/fabricmc/sponge-mixin/0.17.3+mixin.0.8.7/sponge-mixin-0.17.3+mixin.0.8.7.jar Service=Knot/Fabric Env=SERVER
[20:56:45] [main/INFO]: Compatibility level set to JAVA_21
[20:56:45] [main/INFO]: Loaded configuration file for Lithium: 171 options available, 0 override(s) found.
[20:56:45] [main/WARN]: Error loading class: de/siphalor/amecs/key_modifiers/impl/AmecsKeyModifiersEarlyInit (java.lang.ClassNotFoundException: de/siphalor/amecs/key_modifiers/impl/AmecsKeyModifiersEarlyInit)
[20:56:45] [main/WARN]: @Mixin target de.siphalor.amecs.key_modifiers.impl.AmecsKeyModifiersEarlyInit was not found jei.mixins.json:AmecsKeyModifiersEarlyInitMixin from mod jei
[20:56:46] [main/INFO]: Initializing MixinExtras via com.llamalad7.mixinextras.service.MixinExtrasServiceImpl(version=0.5.4).
[20:56:52] [main/INFO]: [Scalable] Initializing ...
[20:56:52] [main/INFO]: Environment: Environment[sessionHost=http://127.0.0.1:3262/https/sessionserver.mojang.com, servicesHost=http://127.0.0.1:3262/https/api.minecraftservices.com, profilesHost=http://127.0.0.1:3262/https/api.mojang.com, name=PROD]
[20:56:53] [main/INFO]: Loaded 1470 recipes
[20:56:53] [main/INFO]: Loaded 1584 advancements
[20:56:53] [main/INFO]: Applied 0 biome modifications to 0 of 65 new biomes in 1.329 ms
[20:56:54] [Server thread/INFO]: Starting minecraft server version 1.21.11
[20:56:54] [Server thread/INFO]: Loading properties
[20:56:54] [Server thread/INFO]: Default game type: SURVIVAL
[20:56:54] [Server thread/INFO]: Generating keypair
[20:56:54] [Server thread/INFO]: Starting Minecraft server on *:25565
[20:56:54] [Server thread/INFO]: Preparing level "world"
[20:56:54] [Server thread/INFO]: Loading 0 persistent chunks...
[20:56:54] [Server thread/INFO]: Preparing spawn area: 100%
[20:56:54] [Server thread/INFO]: Time elapsed: 84 ms
[20:56:54] [Server thread/INFO]: Done (0.583s)! For help, type "help"
[20:57:54] [Server thread/INFO]: Server empty for 60 seconds, pausing
[21:21:58] [Server thread/INFO]: Stopping the server
[21:21:59] [Server thread/INFO]: [Scalable] Server stopping ...
[21:21:59] [Server thread/INFO]: Stopping server
[21:21:59] [Server thread/INFO]: Saving players
[21:21:59] [Server thread/INFO]: Saving worlds
[21:21:59] [Server thread/INFO]: Saving chunks for level 'ServerLevel[world]'/minecraft:overworld
[21:21:59] [Server thread/INFO]: Saving chunks for level 'ServerLevel[world]'/minecraft:the_end
[21:21:59] [Server thread/INFO]: Saving chunks for level 'ServerLevel[world]'/minecraft:the_nether
[21:21:59] [Server thread/INFO]: ThreadedAnvilChunkStorage (world): All chunks are saved
[21:21:59] [Server thread/INFO]: ThreadedAnvilChunkStorage (DIM1): All chunks are saved
[21:21:59] [Server thread/INFO]: ThreadedAnvilChunkStorage (DIM-1): All chunks are saved
[21:21:59] [Server thread/INFO]: ThreadedAnvilChunkStorage: All dimensions are saved
