[21:22:12] [main/INFO]: Loading Minecraft 1.21.11 with Fabric Loader 0.19.3
[21:22:13] [main/INFO]: Loading 45 mods:
[21:22:13] [main/INFO]: - fabric-api 0.141.4+1.21.11
[21:22:13] [main/INFO]: |-- fabric-api-base 1.0.5+4ebb5c083e
[21:22:13] [main/INFO]: |-- fabric-api-lookup-api-v1 1.6.114+20dc27073e
[21:22:13] [main/INFO]: |-- fabric-biome-api-v1 17.1.1+4fc5413f3e
[21:22:13] [main/INFO]: |-- fabric-block-api-v1 1.1.10+4ebb5c083e
[21:22:13] [main/INFO]: |-- fabric-block-view-api-v2 1.0.39+4ebb5c083e
[21:22:13] [main/INFO]: |-- fabric-command-api-v2 2.4.7+6b42a6003e
[21:22:13] [main/INFO]: |-- fabric-content-registries-v0 10.2.14+4fc5413f3e
[21:22:13] [main/INFO]: |-- fabric-convention-tags-v1 2.1.55+7f945d5b3e
[21:22:13] [main/INFO]: |-- fabric-convention-tags-v2 2.17.3+8ef948ba3e
[21:22:13] [main/INFO]: |-- fabric-crash-report-info-v1 0.3.23+4ebb5c083e
[21:22:13] [main/INFO]: |-- fabric-data-attachment-api-v1 1.8.48+eed0806f3e
[21:22:13] [main/INFO]: |-- fabric-data-generation-api-v1 23.4.1+69974c4e3e
[21:22:13] [main/INFO]: |-- fabric-dimensions-v1 4.0.28+4fc5413f3e
[21:22:13] [main/INFO]: |-- fabric-entity-events-v1 3.1.1+1d0ab4303e
[21:22:13] [main/INFO]: |-- fabric-events-interaction-v0 4.1.1+3b89ecf63e
[21:22:13] [main/INFO]: |-- fabric-game-rule-api-v1 2.0.3+4fc5413f3e
[21:22:13] [main/INFO]: |-- fabric-item-api-v1 11.5.20+d0c46b9e3e
[21:22:13] [main/INFO]: |-- fabric-item-group-api-v1 4.2.36+4fc5413f3e
[21:22:13] [main/INFO]: |-- fabric-key-binding-api-v1 1.1.7+4fc5413f3e
[21:22:13] [main/INFO]: |-- fabric-lifecycle-events-v1 2.6.15+4ebb5c083e
[21:22:13] [main/INFO]: |-- fabric-loot-api-v2 3.0.73+3f89f5a53e
[21:22:13] [main/INFO]: |-- fabric-loot-api-v3 2.0.20+78c8b4663e
[21:22:13] [main/INFO]: |-- fabric-message-api-v1 6.1.12+4ebb5c083e
[21:22:13] [main/INFO]: |-- fabric-model-loading-api-v1 6.0.15+4fc5413f3e
[21:22:13] [main/INFO]: |-- fabric-networking-api-v1 5.1.6+6b6d71a53e
[21:22:13] [main/INFO]: |-- fabric-object-builder-api-v1 21.1.40+4fc5413f3e
[21:22:13] [main/INFO]: |-- fabric-particles-v1 4.2.12+4fc5413f3e
[21:22:13] [main/INFO]: |-- fabric-recipe-api-v1 8.2.4+4ebb5c083e
[21:22:13] [main/INFO]: |-- fabric-registry-sync-v0 6.2.6+1718722b3e
[21:22:13] [main/INFO]: |-- fabric-renderer-api-v1 8.0.3+f4ffd2e53e
[21:22:13] [main/INFO]: |-- fabric-renderer-indigo 5.0.3+f4ffd2e53e
[21:22:13] [main/INFO]: |-- fabric-rendering-fluids-v1 3.1.43+4ebb5c083e
[21:22:13] [main/INFO]: |-- fabric-rendering-v1 16.2.10+0290ad933e
[21:22:13] [main/INFO]: |-- fabric-resource-conditions-api-v1 5.0.35+4fc5413f3e
[21:22:13] [main/INFO]: |-- fabric-resource-loader-v0 3.3.4+4fc5413f3e
[21:22:13] [main/INFO]: |-- fabric-resource-loader-v1 1.0.10+78c8b4663e
[21:22:13] [main/INFO]: |-- fabric-screen-api-v1 3.1.7+4ebb5c083e
[21:22:13] [main/INFO]: |-- fabric-screen-handler-api-v1 1.3.162+4fc5413f3e
[21:22:13] [main/INFO]: |-- fabric-serialization-api-v1 1.0.5+4ebb5c083e
[21:22:13] [main/INFO]: |-- fabric-sound-api-v1 1.0.51+4fc5413f3e
[21:22:13] [main/INFO]: |-- fabric-tag-api-v1 1.2.20+4fc5413f3e
[21:22:13] [main/INFO]: |-- fabric-transfer-api-v1 6.0.25+4fc5413f3e
[21:22:13] [main/INFO]: \-- fabric-transitive-access-wideners-v1 7.1.0+014c8cec3e
[21:22:13] [main/INFO]: - fabricloader 0.19.3
[21:22:13] [main/INFO]: \-- mixinextras 0.5.4
[21:22:13] [main/INFO]: - ferritecore 8.2.0
[21:22:13] [main/INFO]: - java 21
[21:22:13] [main/INFO]: - jei 27.17.0.50
[21:22:13] [main/INFO]: - lithium 0.21.4+mc1.21.11
[21:22:13] [main/INFO]: - minecraft 1.21.11
[21:22:13] [main/INFO]: - scalable 1.0.0
[21:22:15] [main/INFO]: SpongePowered MIXIN Subsystem Version=0.8.7 Source=file:/D:/Minecraft_Server/libraries/net/fabricmc/sponge-mixin/0.17.3+mixin.0.8.7/sponge-mixin-0.17.3+mixin.0.8.7.jar Service=Knot/Fabric Env=SERVER
[21:22:24] [main/INFO]: Compatibility level set to JAVA_21
[21:22:24] [main/INFO]: Loaded configuration file for Lithium: 171 options available, 0 override(s) found.
[21:22:25] [main/WARN]: Error loading class: de/siphalor/amecs/key_modifiers/impl/AmecsKeyModifiersEarlyInit (java.lang.ClassNotFoundException: de/siphalor/amecs/key_modifiers/impl/AmecsKeyModifiersEarlyInit)
[21:22:25] [main/WARN]: @Mixin target de.siphalor.amecs.key_modifiers.impl.AmecsKeyModifiersEarlyInit was not found jei.mixins.json:AmecsKeyModifiersEarlyInitMixin from mod jei
[21:22:25] [main/INFO]: Initializing MixinExtras via com.llamalad7.mixinextras.service.MixinExtrasServiceImpl(version=0.5.4).
[21:22:33] [main/INFO]: [Scalable] Initializing ...
[21:22:34] [main/INFO]: Environment: Environment[sessionHost=http://127.0.0.1:14190/https/sessionserver.mojang.com, servicesHost=http://127.0.0.1:14190/https/api.minecraftservices.com, profilesHost=http://127.0.0.1:14190/https/api.mojang.com, name=PROD]
[21:22:35] [main/INFO]: Loaded 1470 recipes
[21:22:35] [main/INFO]: Loaded 1584 advancements
[21:22:35] [main/INFO]: Applied 0 biome modifications to 0 of 65 new biomes in 1.870 ms
[21:22:35] [Server thread/INFO]: Starting minecraft server version 1.21.11
[21:22:35] [Server thread/INFO]: Loading properties
[21:22:35] [Server thread/INFO]: Default game type: SURVIVAL
[21:22:35] [Server thread/INFO]: Generating keypair
[21:22:36] [Server thread/INFO]: Starting Minecraft server on *:25565
[21:22:36] [Server thread/INFO]: Preparing level "world"
[21:22:36] [Server thread/INFO]: Loading 0 persistent chunks...
[21:22:36] [Server thread/INFO]: Preparing spawn area: 100%
[21:22:36] [Server thread/INFO]: Time elapsed: 73 ms
[21:22:36] [Server thread/INFO]: Done (0.658s)! For help, type "help"
[21:23:36] [Server thread/INFO]: Server empty for 60 seconds, pausing
[21:24:20] [User Authenticator #1/INFO]: UUID of player BC_U is 0b27b59c-c397-4fb7-bb5e-ebf0740bbbfe
[21:24:26] [Server thread/INFO]: BC_U (0b27b59c-c397-4fb7-bb5e-ebf0740bbbfe) lost connection: Disconnected
[21:24:31] [User Authenticator #2/INFO]: UUID of player BC_U is 0b27b59c-c397-4fb7-bb5e-ebf0740bbbfe
[21:24:44] [Server thread/INFO]: BC_U[/127.0.0.1:37937] logged in with entity id 57 at (-107.2246723680164, 72.0, 274.17124669286346)
[21:24:45] [Server thread/INFO]: BC_U joined the game
[21:25:00] [Server thread/INFO]: BC_U lost connection: Disconnected
[21:25:00] [Server thread/INFO]: BC_U left the game
[21:25:14] [Server thread/INFO]: /127.0.0.1:7060 lost connection: Disconnected
[21:26:00] [Server thread/INFO]: Server empty for 60 seconds, pausing
[21:31:58] [User Authenticator #3/INFO]: UUID of player BC_U is 0b27b59c-c397-4fb7-bb5e-ebf0740bbbfe
[21:32:07] [Server thread/INFO]: BC_U[/127.0.0.1:46302] logged in with entity id 352 at (-106.69682718540655, 72.0, 272.2991964803654)
[21:32:07] [Server thread/INFO]: BC_U joined the game
[21:33:58] [Server thread/INFO]: BC_U lost connection: Disconnected
[21:33:58] [Server thread/INFO]: BC_U left the game
[21:34:20] [User Authenticator #4/INFO]: UUID of player BC_U is 0b27b59c-c397-4fb7-bb5e-ebf0740bbbfe
[21:34:21] [Server thread/INFO]: BC_U[/127.0.0.1:57356] logged in with entity id 1099 at (-171.16864469544552, 63.9375, 353.0102737233565)
[21:34:21] [Server thread/INFO]: BC_U joined the game
[21:39:33] [Server thread/INFO]: [BC_U: Teleported BC_U to -178.500000, 70.500000, 314.500000]
[21:41:35] [Server thread/INFO]: [BC_U: Applied effect Night Vision to BC_U]
[21:48:33] [Server thread/INFO]: Incorrect argument for command
[21:48:33] [Server thread/INFO]: gamerule keepInventory true<--[HERE]
[21:51:38] [Server thread/INFO]: [BC_U: Gamerule keep_inventory is now set to: true]
[21:52:58] [Server thread/INFO]: [BC_U: Set own game mode to Creative Mode]
[21:53:18] [Server thread/INFO]: [BC_U: Set own game mode to Survival Mode]
[21:55:04] [Server thread/INFO]: [BC_U: Set own game mode to Creative Mode]
[21:55:44] [Server thread/INFO]: [BC_U: Set own game mode to Survival Mode]
[21:56:47] [Server thread/INFO]: <BC_U> t
[21:57:49] [Server thread/INFO]: [BC_U: Set own game mode to Creative Mode]
[21:58:13] [Server thread/INFO]: [BC_U: Set own game mode to Survival Mode]
[21:58:37] [Server thread/INFO]: BC_U was slain by Zombie
[21:59:46] [Server thread/INFO]: BC_U lost connection: Disconnected
[21:59:46] [Server thread/INFO]: BC_U left the game
[21:59:59] [Server thread/INFO]: Stopping the server
[21:59:59] [Server thread/INFO]: [Scalable] Server stopping ...
[21:59:59] [Server thread/INFO]: Stopping server
[21:59:59] [Server thread/INFO]: Saving players
[21:59:59] [Server thread/INFO]: Saving worlds
[21:59:59] [Server thread/INFO]: Saving chunks for level 'ServerLevel[world]'/minecraft:overworld
[21:59:59] [Server thread/INFO]: Saving chunks for level 'ServerLevel[world]'/minecraft:the_nether
[21:59:59] [Server thread/INFO]: Saving chunks for level 'ServerLevel[world]'/minecraft:the_end
[21:59:59] [Server thread/INFO]: ThreadedAnvilChunkStorage (world): All chunks are saved
[21:59:59] [Server thread/INFO]: ThreadedAnvilChunkStorage (DIM-1): All chunks are saved
[21:59:59] [Server thread/INFO]: ThreadedAnvilChunkStorage (DIM1): All chunks are saved
[21:59:59] [Server thread/INFO]: ThreadedAnvilChunkStorage: All dimensions are saved
