[15:21:44] [main/INFO]: Loading Minecraft 1.21.11 with Fabric Loader 0.19.3
[15:21:44] [main/INFO]: Loading 45 mods:
[15:21:44] [main/INFO]: - fabric-api 0.141.4+1.21.11
[15:21:44] [main/INFO]: |-- fabric-api-base 1.0.5+4ebb5c083e
[15:21:44] [main/INFO]: |-- fabric-api-lookup-api-v1 1.6.114+20dc27073e
[15:21:44] [main/INFO]: |-- fabric-biome-api-v1 17.1.1+4fc5413f3e
[15:21:44] [main/INFO]: |-- fabric-block-api-v1 1.1.10+4ebb5c083e
[15:21:44] [main/INFO]: |-- fabric-block-view-api-v2 1.0.39+4ebb5c083e
[15:21:44] [main/INFO]: |-- fabric-command-api-v2 2.4.7+6b42a6003e
[15:21:44] [main/INFO]: |-- fabric-content-registries-v0 10.2.14+4fc5413f3e
[15:21:44] [main/INFO]: |-- fabric-convention-tags-v1 2.1.55+7f945d5b3e
[15:21:44] [main/INFO]: |-- fabric-convention-tags-v2 2.17.3+8ef948ba3e
[15:21:44] [main/INFO]: |-- fabric-crash-report-info-v1 0.3.23+4ebb5c083e
[15:21:44] [main/INFO]: |-- fabric-data-attachment-api-v1 1.8.48+eed0806f3e
[15:21:44] [main/INFO]: |-- fabric-data-generation-api-v1 23.4.1+69974c4e3e
[15:21:44] [main/INFO]: |-- fabric-dimensions-v1 4.0.28+4fc5413f3e
[15:21:44] [main/INFO]: |-- fabric-entity-events-v1 3.1.1+1d0ab4303e
[15:21:44] [main/INFO]: |-- fabric-events-interaction-v0 4.1.1+3b89ecf63e
[15:21:44] [main/INFO]: |-- fabric-game-rule-api-v1 2.0.3+4fc5413f3e
[15:21:44] [main/INFO]: |-- fabric-item-api-v1 11.5.20+d0c46b9e3e
[15:21:44] [main/INFO]: |-- fabric-item-group-api-v1 4.2.36+4fc5413f3e
[15:21:44] [main/INFO]: |-- fabric-key-binding-api-v1 1.1.7+4fc5413f3e
[15:21:44] [main/INFO]: |-- fabric-lifecycle-events-v1 2.6.15+4ebb5c083e
[15:21:44] [main/INFO]: |-- fabric-loot-api-v2 3.0.73+3f89f5a53e
[15:21:44] [main/INFO]: |-- fabric-loot-api-v3 2.0.20+78c8b4663e
[15:21:44] [main/INFO]: |-- fabric-message-api-v1 6.1.12+4ebb5c083e
[15:21:44] [main/INFO]: |-- fabric-model-loading-api-v1 6.0.15+4fc5413f3e
[15:21:44] [main/INFO]: |-- fabric-networking-api-v1 5.1.6+6b6d71a53e
[15:21:44] [main/INFO]: |-- fabric-object-builder-api-v1 21.1.40+4fc5413f3e
[15:21:44] [main/INFO]: |-- fabric-particles-v1 4.2.12+4fc5413f3e
[15:21:44] [main/INFO]: |-- fabric-recipe-api-v1 8.2.4+4ebb5c083e
[15:21:44] [main/INFO]: |-- fabric-registry-sync-v0 6.2.6+1718722b3e
[15:21:44] [main/INFO]: |-- fabric-renderer-api-v1 8.0.3+f4ffd2e53e
[15:21:44] [main/INFO]: |-- fabric-renderer-indigo 5.0.3+f4ffd2e53e
[15:21:44] [main/INFO]: |-- fabric-rendering-fluids-v1 3.1.43+4ebb5c083e
[15:21:44] [main/INFO]: |-- fabric-rendering-v1 16.2.10+0290ad933e
[15:21:44] [main/INFO]: |-- fabric-resource-conditions-api-v1 5.0.35+4fc5413f3e
[15:21:44] [main/INFO]: |-- fabric-resource-loader-v0 3.3.4+4fc5413f3e
[15:21:44] [main/INFO]: |-- fabric-resource-loader-v1 1.0.10+78c8b4663e
[15:21:44] [main/INFO]: |-- fabric-screen-api-v1 3.1.7+4ebb5c083e
[15:21:44] [main/INFO]: |-- fabric-screen-handler-api-v1 1.3.162+4fc5413f3e
[15:21:44] [main/INFO]: |-- fabric-serialization-api-v1 1.0.5+4ebb5c083e
[15:21:44] [main/INFO]: |-- fabric-sound-api-v1 1.0.51+4fc5413f3e
[15:21:44] [main/INFO]: |-- fabric-tag-api-v1 1.2.20+4fc5413f3e
[15:21:44] [main/INFO]: |-- fabric-transfer-api-v1 6.0.25+4fc5413f3e
[15:21:44] [main/INFO]: \-- fabric-transitive-access-wideners-v1 7.1.0+014c8cec3e
[15:21:44] [main/INFO]: - fabricloader 0.19.3
[15:21:44] [main/INFO]: \-- mixinextras 0.5.4
[15:21:44] [main/INFO]: - ferritecore 8.2.0
[15:21:44] [main/INFO]: - java 21
[15:21:44] [main/INFO]: - jei 27.17.0.50
[15:21:44] [main/INFO]: - lithium 0.21.4+mc1.21.11
[15:21:44] [main/INFO]: - minecraft 1.21.11
[15:21:44] [main/INFO]: - scalable 1.0.0
[15:21:44] [main/INFO]: SpongePowered MIXIN Subsystem Version=0.8.7 Source=file:/D:/Minecraft_Server/libraries/net/fabricmc/sponge-mixin/0.17.3+mixin.0.8.7/sponge-mixin-0.17.3+mixin.0.8.7.jar Service=Knot/Fabric Env=SERVER
[15:21:44] [main/INFO]: Compatibility level set to JAVA_21
[15:21:44] [main/INFO]: Loaded configuration file for Lithium: 171 options available, 0 override(s) found.
[15:21:44] [main/WARN]: Error loading class: de/siphalor/amecs/key_modifiers/impl/AmecsKeyModifiersEarlyInit (java.lang.ClassNotFoundException: de/siphalor/amecs/key_modifiers/impl/AmecsKeyModifiersEarlyInit)
[15:21:44] [main/WARN]: @Mixin target de.siphalor.amecs.key_modifiers.impl.AmecsKeyModifiersEarlyInit was not found jei.mixins.json:AmecsKeyModifiersEarlyInitMixin from mod jei
[15:21:45] [main/INFO]: Initializing MixinExtras via com.llamalad7.mixinextras.service.MixinExtrasServiceImpl(version=0.5.4).
[15:21:50] [main/INFO]: [Scalable] Initializing ...
[15:21:50] [main/INFO]: Environment: Environment[sessionHost=http://127.0.0.1:7157/https/sessionserver.mojang.com, servicesHost=http://127.0.0.1:7157/https/api.minecraftservices.com, profilesHost=http://127.0.0.1:7157/https/api.mojang.com, name=PROD]
[15:21:51] [main/WARN]: Missing data pack antixray
[15:21:52] [main/INFO]: Loaded 1470 recipes
[15:21:52] [main/INFO]: Loaded 1584 advancements
[15:21:53] [main/INFO]: Applied 0 biome modifications to 0 of 65 new biomes in 2.380 ms
[15:21:53] [Server thread/INFO]: Starting minecraft server version 1.21.11
[15:21:53] [Server thread/INFO]: Loading properties
[15:21:53] [Server thread/INFO]: Default game type: SURVIVAL
[15:21:53] [Server thread/INFO]: Generating keypair
[15:21:53] [Server thread/INFO]: Starting Minecraft server on *:25565
[15:21:53] [Server thread/INFO]: Preparing level "world"
[15:21:54] [Server thread/INFO]: Loading 0 persistent chunks...
[15:21:54] [Server thread/INFO]: Preparing spawn area: 100%
[15:21:54] [Server thread/INFO]: Time elapsed: 91 ms
[15:21:54] [Server thread/INFO]: Done (0.685s)! For help, type "help"
[15:22:54] [Server thread/INFO]: Server empty for 60 seconds, pausing
[15:29:47] [User Authenticator #1/INFO]: UUID of player BC_U is 0b27b59c-c397-4fb7-bb5e-ebf0740bbbfe
[15:29:49] [Server thread/INFO]: BC_U[/127.0.0.1:59759] logged in with entity id 54 at (-178.72938109956095, 73.0, 323.14177796163824)
[15:29:49] [Server thread/INFO]: BC_U joined the game
[15:30:00] [Server thread/INFO]: Villager class_1646['Villager'/43, l='ServerLevel[world]', x=-195.72, y=68.00, z=355.30] died, message: 'Villager was slain by Zombie'
[15:30:55] [Server thread/INFO]: <BC_U> sss
[15:33:12] [Server thread/INFO]: [BC_U: Applied effect Night Vision to BC_U]
[15:39:23] [Server thread/INFO]: BC_U has made the advancement [Isn't It Iron Pick]
[15:46:06] [Server thread/INFO]: BC_U has made the advancement [Diamonds!]
[15:52:38] [Server thread/INFO]: [BC_U: Teleported BC_U to -178.500000, 70.500000, 314.500000]
[16:04:42] [Server thread/INFO]: BC_U has made the advancement [Minecraft: Trial(s) Edition]
[16:04:53] [Server thread/INFO]: [BC_U: Set own game mode to Creative Mode]
[16:05:47] [Server thread/INFO]: [BC_U: Set own game mode to Survival Mode]
[16:06:56] [Server thread/INFO]: BC_U has made the advancement [Hot Stuff]
[16:09:49] [Server thread/INFO]: [BC_U: Teleported BC_U to -178.500000, 70.500000, 314.500000]
[16:24:34] [User Authenticator #2/INFO]: UUID of player DKFmc is e6228eb1-bb60-4e24-a379-dc62f5c0fc3e
[16:24:38] [Server thread/INFO]: DKFmc[/127.0.0.1:2936] logged in with entity id 8675 at (-196.69999998807907, 61.0, 300.5021110129235)
[16:24:38] [Server thread/INFO]: DKFmc joined the game
[16:30:59] [Server thread/INFO]: DKFmc lost connection: Disconnected
[16:30:59] [Server thread/INFO]: DKFmc left the game
[16:33:05] [User Authenticator #3/INFO]: UUID of player DKFmc is e6228eb1-bb60-4e24-a379-dc62f5c0fc3e
[16:33:09] [Server thread/INFO]: DKFmc[/127.0.0.1:1658] logged in with entity id 10211 at (-156.69999998807907, -1.0, 317.30000001192093)
[16:33:09] [Server thread/INFO]: DKFmc joined the game
[16:33:56] [Server thread/INFO]: Villager class_1646['Mason'/41, l='ServerLevel[world]', x=-201.67, y=68.00, z=296.61] died, message: 'Mason was slain by Zombie'
[16:34:08] [Server thread/INFO]: [BC_U: Applied effect Night Vision to DKFmc]
[16:35:50] [Server thread/INFO]: DKFmc has made the advancement [Acquire Hardware]
[16:36:05] [Server thread/INFO]: DKFmc has made the advancement [Isn't It Iron Pick]
[16:36:44] [Server thread/INFO]: DKFmc has made the advancement [Monster Hunter]
[16:38:20] [Server thread/INFO]: DKFmc has made the advancement [Diamonds!]
[16:39:07] [Server thread/INFO]: DKFmc has made the advancement [Ice Bucket Challenge]
[16:40:25] [Server thread/INFO]: DKFmc tried to swim in lava
[16:42:22] [Server thread/INFO]: [BC_U: Applied effect Night Vision to DKFmc]
[16:46:23] [Server thread/INFO]: DKFmc has made the advancement [Suit Up]
[16:49:33] [Server thread/INFO]: DKFmc has made the advancement [Not Today, Thank You]
[16:53:16] [Server thread/INFO]: DKFmc burned to death
[16:56:30] [Server thread/INFO]: [BC_U: Applied effect Night Vision to DKFmc]
[16:57:22] [Server thread/INFO]: [BC_U: Teleported BC_U to -178.500000, 70.500000, 314.500000]
[16:58:10] [Server thread/INFO]: [BC_U: Set the time to 1000]
[17:00:51] [Server thread/INFO]: DKFmc tried to swim in lava
[17:02:06] [Server thread/INFO]: BC_U was slain by DKFmc
[17:02:34] [Server thread/INFO]: DKFmc has made the advancement [Take Aim]
[17:02:58] [Server thread/INFO]: [BC_U: Set own game mode to Creative Mode]
[17:03:20] [Server thread/INFO]: DKFmc was killed
[17:03:20] [Server thread/INFO]: [BC_U: Killed DKFmc]
[17:03:24] [Server thread/INFO]: [BC_U: Set own game mode to Survival Mode]
[17:03:26] [Server thread/INFO]: BC_U was shot by DKFmc
[17:04:03] [Server thread/INFO]: DKFmc has made the advancement [Hot Stuff]
[17:05:12] [Server thread/INFO]: [BC_U: Applied effect Night Vision to DKFmc]
[17:09:17] [Server thread/INFO]: [BC_U: Set the time to 1000]
[17:10:01] [Server thread/INFO]: BC_U fell from a high place
[17:10:30] [Server thread/INFO]: BC_U fell from a high place
[17:11:25] [Server thread/INFO]: [BC_U: Teleported BC_U to -178.500000, 70.500000, 314.500000]
[17:11:41] [Server thread/INFO]: [BC_U: Set own game mode to Creative Mode]
[17:12:18] [Server thread/INFO]: [BC_U: Set own game mode to Survival Mode]
[17:12:18] [Server thread/INFO]: DKFmc lost connection: Disconnected
[17:12:18] [Server thread/INFO]: DKFmc left the game
[17:13:40] [Server thread/INFO]: [BC_U: Set own game mode to Creative Mode]
[17:14:09] [Server thread/INFO]: [BC_U: Set own game mode to Spectator Mode]
[17:14:36] [Server thread/INFO]: [BC_U: Set own game mode to Survival Mode]
[17:14:40] [Server thread/INFO]: [BC_U: Set own game mode to Spectator Mode]
[17:15:15] [User Authenticator #4/INFO]: UUID of player DKFmc is e6228eb1-bb60-4e24-a379-dc62f5c0fc3e
[17:15:19] [Server thread/INFO]: DKFmc[/127.0.0.1:27139] logged in with entity id 18876 at (-133.3060888488281, 8.0, 324.30000001192093)
[17:15:19] [Server thread/INFO]: DKFmc joined the game
[17:15:25] [Server thread/INFO]: DKFmc was doomed to fall
[17:15:28] [Server thread/INFO]: [BC_U: Set own game mode to Survival Mode]
[17:16:17] [Server thread/INFO]: DKFmc has made the advancement [We Need to Go Deeper]
[17:16:18] [Server thread/WARN]: Can't keep up! Is the server overloaded? Running 2543ms or 50 ticks behind
[17:16:18] [Server thread/WARN]: BC_U moved too quickly! 10.107515665589688,-1.0,-0.8653815650131946
[17:16:31] [Server thread/INFO]: BC_U has made the advancement [We Need to Go Deeper]
[17:16:55] [Server thread/INFO]: BC_U was slain by Piglin
[17:17:27] [Server thread/INFO]: BC_U has made the advancement [Suit Up]
[17:21:31] [Server thread/INFO]: DKFmc has made the advancement [Those Were the Days]
[17:23:51] [Server thread/INFO]: [BC_U: Applied effect Night Vision to BC_U]
[17:24:20] [Server thread/INFO]: BC_U has made the advancement [Hidden in the Depths]
[17:25:12] [Server thread/INFO]: DKFmc was slain by Piglin Brute
[17:26:41] [Server thread/INFO]: [BC_U: Set own game mode to Creative Mode]
[17:26:54] [Server thread/INFO]: [BC_U: Set own game mode to Survival Mode]
[17:28:01] [Server thread/INFO]: DKFmc has made the advancement [War Pigs]
[17:28:23] [Server thread/INFO]: DKFmc was slain by Piglin
[17:33:27] [Server thread/INFO]: [BC_U: Set own game mode to Creative Mode]
[17:33:33] [Server thread/INFO]: [BC_U: Set own game mode to Survival Mode]
[17:34:12] [Server thread/INFO]: DKFmc has made the advancement [Hidden in the Depths]
[17:34:35] [Server thread/INFO]: DKFmc was slain by Piglin Brute
[17:36:11] [Server thread/INFO]: DKFmc burned to death
[17:40:56] [Server thread/INFO]: [BC_U: Set own game mode to Creative Mode]
[17:40:58] [Server thread/INFO]: [BC_U: Set own game mode to Survival Mode]
[17:41:12] [Server thread/INFO]: DKFmc was slain by Hoglin
[17:41:55] [Server thread/INFO]: BC_U tried to swim in lava
[17:42:31] [Server thread/INFO]: [BC_U: Set the time to 1000]
[17:46:32] [Server thread/INFO]: DKFmc has made the advancement [Cover Me with Diamonds]
[17:49:24] [Server thread/INFO]: BC_U lost connection: Disconnected
[17:49:24] [Server thread/INFO]: BC_U left the game
[17:50:11] [Server thread/INFO]: DKFmc has made the advancement [Crafting a New Look]
[17:52:21] [User Authenticator #5/INFO]: UUID of player BC_U is 0b27b59c-c397-4fb7-bb5e-ebf0740bbbfe
[17:52:23] [Server thread/INFO]: BC_U[/127.0.0.1:28456] logged in with entity id 28499 at (-167.51916169377472, 69.0, 320.719706957564)
[17:52:23] [Server thread/INFO]: BC_U joined the game
[17:53:51] [Server thread/INFO]: [BC_U: Applied effect Night Vision to BC_U]
[17:55:44] [Server thread/INFO]: DKFmc burned to death
[17:56:32] [Server thread/INFO]: DKFmc fell from a high place
[17:56:35] [Server thread/INFO]: BC_U fell from a high place
[17:57:58] [Server thread/INFO]: [BC_U: Set own game mode to Creative Mode]
[18:00:04] [Server thread/INFO]: DKFmc was shot by Piglin
[18:00:30] [Server thread/INFO]: DKFmc tried to swim in lava
[18:01:43] [Server thread/INFO]: [@: Killed Ghast]
[18:02:28] [Server thread/INFO]: [@: Killed Ghast]
[18:03:19] [Server thread/INFO]: [@: Killed Ghast]
[18:03:27] [Server thread/INFO]: [@: Killed Ghast]
[18:03:49] [Server thread/INFO]: [@: Killed Ghast]
[18:04:30] [Server thread/INFO]: [@: Killed Ghast]
[18:04:42] [Server thread/INFO]: [BC_U: Marked chunk [-4, -9] in minecraft:the_nether to be force loaded]
[18:04:51] [Server thread/INFO]: DKFmc was slain by Piglin Brute
[18:05:05] [Server thread/INFO]: [@: Killed Ghast]
[18:05:39] [Server thread/INFO]: [@: Killed Ghast]
[18:05:58] [Server thread/INFO]: [@: Killed Ghast]
[18:06:14] [Server thread/INFO]: BC_U lost connection: Disconnected
[18:06:14] [Server thread/INFO]: BC_U left the game
[18:06:22] [User Authenticator #6/INFO]: UUID of player BC_U is 0b27b59c-c397-4fb7-bb5e-ebf0740bbbfe
[18:06:23] [Server thread/INFO]: BC_U[/127.0.0.1:1196] logged in with entity id 32706 at (-48.676039943843335, 51.0, -132.73942537351223)
[18:06:23] [Server thread/INFO]: BC_U joined the game
[18:07:03] [Server thread/INFO]: DKFmc has made the advancement [Ol' Betsy]
[18:07:45] [Server thread/INFO]: [@: Killed 30 entities]
[18:07:46] [Server thread/INFO]: [@: Killed Piglin]
[18:07:46] [Server thread/INFO]: [@: Killed Ghast]
[18:07:46] [Server thread/INFO]: [@: Killed 2 entities]
[18:07:46] [Server thread/INFO]: [@: Killed Piglin]
[18:07:46] [Server thread/INFO]: [@: Killed Piglin]
[18:07:46] [Server thread/INFO]: [@: Killed Piglin]
[18:07:48] [Server thread/INFO]: [@: Killed Piglin]
[18:07:48] [Server thread/INFO]: [@: Killed Piglin]
[18:07:50] [Server thread/INFO]: [@: Killed Piglin]
[18:07:50] [Server thread/INFO]: [@: Killed 2 entities]
[18:07:51] [Server thread/INFO]: [@: Killed 4 entities]
[18:07:51] [Server thread/INFO]: [@: Killed Piglin]
[18:07:52] [Server thread/INFO]: [@: Killed Piglin]
[18:07:54] [Server thread/INFO]: [@: Killed Piglin]
[18:07:56] [Server thread/INFO]: [@: Killed 2 entities]
[18:08:01] [Server thread/INFO]: [@: Killed 3 entities]
[18:08:02] [Server thread/INFO]: [@: Killed Piglin]
[18:08:03] [Server thread/INFO]: [@: Killed 2 entities]
[18:08:07] [Server thread/INFO]: [@: Killed Piglin]
[18:08:18] [Server thread/INFO]: [BC_U: Set own game mode to Survival Mode]
[18:08:22] [Server thread/INFO]: [@: Killed 2 entities]
[18:08:24] [Server thread/INFO]: [@: Killed Piglin]
[18:08:24] [Server thread/INFO]: [@: Killed Piglin]
[18:08:24] [Server thread/INFO]: [@: Killed Piglin]
[18:08:26] [Server thread/INFO]: [@: Killed Piglin]
[18:08:26] [Server thread/INFO]: [@: Killed Ghast]
[18:08:26] [Server thread/INFO]: [@: Killed Piglin]
[18:08:28] [Server thread/INFO]: [BC_U: Set own game mode to Creative Mode]
[18:08:28] [Server thread/INFO]: [@: Killed Piglin]
[18:08:33] [Server thread/INFO]: [@: Killed 2 entities]
[18:08:35] [Server thread/INFO]: [@: Killed 2 entities]
[18:08:37] [Server thread/INFO]: [@: Killed 2 entities]
[18:08:45] [Server thread/INFO]: [@: Killed 4 entities]
[18:08:46] [Server thread/INFO]: [@: Killed 2 entities]
[18:08:47] [Server thread/INFO]: [@: Killed Piglin]
[18:08:49] [Server thread/INFO]: [@: Killed Piglin]
[18:08:55] [Server thread/INFO]: [@: Killed 3 entities]
[18:08:58] [Server thread/INFO]: [@: Killed Piglin]
[18:08:59] [Server thread/INFO]: [@: Killed Piglin]
[18:09:01] [Server thread/INFO]: [@: Killed Piglin]
[18:09:02] [Server thread/INFO]: [@: Killed Ghast]
[18:09:03] [Server thread/INFO]: [@: Killed 4 entities]
[18:09:05] [Server thread/INFO]: [@: Killed Piglin]
[18:09:07] [Server thread/INFO]: [@: Killed Piglin]
[18:09:08] [Server thread/INFO]: [@: Killed 2 entities]
[18:09:13] [Server thread/INFO]: [@: Killed 2 entities]
[18:09:16] [Server thread/INFO]: [@: Killed Piglin]
[18:09:17] [Server thread/INFO]: [@: Killed Piglin]
[18:09:19] [Server thread/INFO]: [@: Killed 3 entities]
[18:09:20] [Server thread/INFO]: [@: Killed Piglin]
[18:09:20] [Server thread/INFO]: [@: Killed 2 entities]
[18:09:29] [Server thread/INFO]: [@: Killed 6 entities]
[18:09:37] [Server thread/INFO]: [@: Killed 4 entities]
[18:09:40] [Server thread/INFO]: [@: Killed Piglin]
[18:09:41] [Server thread/INFO]: [@: Killed 2 entities]
[18:09:42] [Server thread/INFO]: [@: Killed 2 entities]
[18:09:43] [Server thread/INFO]: [@: Killed Piglin]
[18:09:44] [Server thread/INFO]: [@: Killed Ghast]
[18:09:48] [Server thread/INFO]: [@: Killed Piglin]
[18:09:49] [Server thread/INFO]: [@: Killed 3 entities]
[18:09:50] [Server thread/INFO]: [@: Killed 2 entities]
[18:09:51] [Server thread/INFO]: [@: Killed Piglin]
[18:09:54] [Server thread/INFO]: [@: Killed Piglin]
[18:09:54] [Server thread/INFO]: [@: Killed Piglin]
[18:09:55] [Server thread/INFO]: [@: Killed 2 entities]
[18:09:56] [Server thread/INFO]: [@: Killed Piglin]
[18:09:56] [Server thread/INFO]: [@: Killed Piglin]
[18:09:58] [Server thread/INFO]: [@: Killed Piglin]
[18:09:59] [Server thread/INFO]: [@: Killed Piglin]
[18:09:59] [Server thread/INFO]: [@: Killed Piglin]
[18:10:01] [Server thread/INFO]: [@: Killed Piglin]
[18:10:01] [Server thread/INFO]: [@: Killed Piglin]
[18:10:01] [Server thread/INFO]: [@: Killed Piglin]
[18:10:02] [Server thread/INFO]: [@: Killed Piglin]
[18:10:02] [Server thread/INFO]: [@: Killed 3 entities]
[18:10:02] [Server thread/INFO]: DKFmc tried to swim in lava to escape Hoglin
[18:10:03] [Server thread/INFO]: [@: Killed 3 entities]
[18:10:08] [Server thread/INFO]: [@: Killed Piglin]
[18:10:17] [Server thread/INFO]: [@: Killed 2 entities]
[18:10:19] [Server thread/INFO]: [@: Killed 2 entities]
[18:10:22] [Server thread/INFO]: DKFmc lost connection: Disconnected
[18:10:22] [Server thread/INFO]: DKFmc left the game
[18:10:27] [Server thread/INFO]: [@: Killed Ghast]
[18:10:39] [Server thread/INFO]: [@: Killed Piglin]
[18:11:17] [Server thread/INFO]: [@: Killed Piglin]
[18:11:20] [Server thread/INFO]: [@: Killed 17 entities]
[18:11:21] [Server thread/INFO]: [@: Killed 38 entities]
[18:11:22] [Server thread/INFO]: [@: Killed 87 entities]
[18:11:23] [Server thread/INFO]: [@: Killed Magma Cube]
[18:11:23] [Server thread/INFO]: [@: Killed Magma Cube]
[18:11:23] [Server thread/INFO]: [@: Killed Piglin]
[18:11:23] [Server thread/INFO]: [@: Killed Piglin]
[18:11:23] [Server thread/INFO]: [@: Killed 2 entities]
[18:11:23] [Server thread/INFO]: [@: Killed 2 entities]
[18:11:23] [Server thread/INFO]: [@: Killed Magma Cube]
[18:11:24] [Server thread/INFO]: [@: Killed 4 entities]
[18:11:24] [Server thread/INFO]: [@: Killed 4 entities]
[18:11:24] [Server thread/INFO]: [@: Killed 2 entities]
[18:11:24] [Server thread/INFO]: [@: Killed 8 entities]
[18:11:24] [Server thread/INFO]: [@: Killed 2 entities]
[18:11:25] [Server thread/INFO]: [@: Killed 12 entities]
[18:11:25] [Server thread/INFO]: [@: Killed 8 entities]
[18:11:25] [Server thread/INFO]: [@: Killed 6 entities]
[18:11:26] [Server thread/INFO]: [@: Killed Magma Cube]
[18:11:26] [Server thread/INFO]: [@: Killed 4 entities]
[18:11:28] [Server thread/INFO]: [@: Killed Piglin]
[18:11:32] [Server thread/INFO]: [@: Killed Magma Cube]
[18:11:33] [Server thread/INFO]: [@: Killed 2 entities]
[18:11:33] [Server thread/INFO]: [@: Killed Piglin]
[18:11:33] [Server thread/INFO]: [@: Killed 4 entities]
[18:11:34] [Server thread/INFO]: [@: Killed Magma Cube]
[18:11:34] [Server thread/INFO]: [@: Killed 10 entities]
[18:11:35] [Server thread/INFO]: [@: Killed 3 entities]
[18:11:35] [Server thread/INFO]: [@: Killed Magma Cube]
[18:11:36] [Server thread/INFO]: [@: Killed Magma Cube]
[18:11:36] [Server thread/INFO]: [@: Killed Piglin]
[18:11:36] [Server thread/INFO]: [@: Killed Magma Cube]
[18:11:36] [Server thread/INFO]: [@: Killed 10 entities]
[18:11:36] [Server thread/INFO]: [@: Killed 3 entities]
[18:11:37] [Server thread/INFO]: [@: Killed 3 entities]
[18:11:37] [Server thread/INFO]: [@: Killed 3 entities]
[18:11:37] [Server thread/INFO]: [@: Killed 2 entities]
[18:11:37] [Server thread/INFO]: [@: Killed 10 entities]
[18:11:38] [Server thread/INFO]: [@: Killed 11 entities]
[18:11:39] [Server thread/INFO]: [@: Killed 2 entities]
[18:11:39] [Server thread/INFO]: [@: Killed Magma Cube]
[18:11:39] [Server thread/INFO]: [@: Killed Magma Cube]
[18:11:39] [Server thread/INFO]: [@: Killed 3 entities]
[18:11:39] [Server thread/INFO]: [@: Killed Magma Cube]
[18:11:39] [Server thread/INFO]: [@: Killed Magma Cube]
[18:11:39] [Server thread/INFO]: [@: Killed Magma Cube]
[18:11:40] [Server thread/INFO]: [@: Killed 6 entities]
[18:11:40] [Server thread/INFO]: [@: Killed 4 entities]
[18:11:40] [Server thread/INFO]: [@: Killed 12 entities]
[18:11:40] [Server thread/INFO]: [@: Killed 2 entities]
[18:11:41] [Server thread/INFO]: [@: Killed 10 entities]
[18:11:41] [Server thread/INFO]: [@: Killed 9 entities]
[18:11:41] [Server thread/INFO]: [@: Killed 25 entities]
[18:11:41] [Server thread/INFO]: [@: Killed 6 entities]
[18:11:42] [Server thread/INFO]: [@: Killed 3 entities]
[18:11:42] [Server thread/INFO]: [@: Killed Magma Cube]
[18:11:42] [Server thread/INFO]: [@: Killed Magma Cube]
[18:11:43] [Server thread/INFO]: [@: Killed Magma Cube]
[18:11:43] [Server thread/INFO]: [@: Killed Magma Cube]
[18:11:43] [Server thread/INFO]: [@: Killed Magma Cube]
[18:11:43] [Server thread/INFO]: [@: Killed 9 entities]
[18:11:43] [Server thread/INFO]: [@: Killed 2 entities]
[18:11:44] [Server thread/INFO]: [@: Killed 4 entities]
[18:11:44] [Server thread/INFO]: [@: Killed 3 entities]
[18:11:44] [Server thread/INFO]: [@: Killed 21 entities]
[18:11:45] [Server thread/INFO]: [@: Killed 12 entities]
[18:11:46] [Server thread/INFO]: [@: Killed 2 entities]
[18:11:47] [Server thread/INFO]: [@: Killed 2 entities]
[18:11:48] [Server thread/INFO]: [@: Killed Magma Cube]
[18:11:50] [Server thread/INFO]: [@: Killed 4 entities]
[18:11:51] [Server thread/INFO]: [@: Killed 7 entities]
[18:11:52] [Server thread/INFO]: [@: Killed 9 entities]
[18:11:53] [Server thread/INFO]: [@: Killed 2 entities]
[18:11:53] [Server thread/INFO]: [@: Killed 4 entities]
[18:11:53] [Server thread/INFO]: [@: Killed Magma Cube]
[18:11:53] [Server thread/INFO]: [@: Killed Magma Cube]
[18:11:53] [Server thread/INFO]: [@: Killed 2 entities]
[18:11:54] [Server thread/INFO]: [@: Killed 5 entities]
[18:11:54] [Server thread/INFO]: [@: Killed 4 entities]
[18:11:54] [Server thread/INFO]: [@: Killed 5 entities]
[18:11:55] [Server thread/INFO]: [@: Killed 13 entities]
[18:11:55] [Server thread/INFO]: [@: Killed 10 entities]
[18:11:56] [Server thread/INFO]: [@: Killed Magma Cube]
[18:11:56] [Server thread/INFO]: [@: Killed Magma Cube]
[18:11:57] [Server thread/INFO]: [@: Killed 2 entities]
[18:11:57] [Server thread/INFO]: [@: Killed Magma Cube]
[18:11:57] [Server thread/INFO]: [@: Killed 3 entities]
[18:11:57] [Server thread/INFO]: [@: Killed 3 entities]
[18:11:58] [Server thread/INFO]: [@: Killed 3 entities]
[18:11:58] [Server thread/INFO]: [@: Killed 3 entities]
[18:11:58] [Server thread/INFO]: [@: Killed 6 entities]
[18:11:59] [Server thread/INFO]: [@: Killed 8 entities]
[18:12:00] [Server thread/INFO]: [@: Killed 2 entities]
[18:12:01] [Server thread/INFO]: [@: Killed 4 entities]
[18:12:07] [Server thread/INFO]: [@: Killed Magma Cube]
[18:12:14] [Server thread/INFO]: [BC_U: Teleported BC_U to -19.500000, 61.500000, 38.500000]
[18:12:14] [Server thread/INFO]: [@: Killed Piglin]
[18:12:15] [Server thread/INFO]: [@: Killed Piglin]
[18:12:15] [Server thread/INFO]: [@: Killed 2 entities]
[18:12:15] [Server thread/INFO]: [@: Killed 2 entities]
[18:12:15] [Server thread/INFO]: [@: Killed 3 entities]
[18:12:15] [Server thread/INFO]: [@: Killed 2 entities]
[18:12:15] [Server thread/INFO]: [@: Killed 3 entities]
[18:12:15] [Server thread/INFO]: [@: Killed 2 entities]
[18:12:15] [Server thread/INFO]: [@: Killed Magma Cube]
[18:12:16] [Server thread/INFO]: [@: Killed 3 entities]
[18:12:16] [Server thread/INFO]: [@: Killed Piglin]
[18:12:16] [Server thread/INFO]: [@: Killed 2 entities]
[18:12:17] [Server thread/INFO]: [@: Killed Piglin]
[18:12:46] [Server thread/INFO]: [BC_U: Set own game mode to Survival Mode]
[18:13:30] [Server thread/INFO]: BC_U lost connection: Disconnected
[18:13:30] [Server thread/INFO]: BC_U left the game
[18:14:30] [Server thread/INFO]: Server empty for 60 seconds, pausing
[21:38:57] [User Authenticator #7/INFO]: UUID of player BC_U is 0b27b59c-c397-4fb7-bb5e-ebf0740bbbfe
[21:38:58] [Server thread/INFO]: BC_U[/127.0.0.1:42056] logged in with entity id 35013 at (-177.31366237309612, 73.0, 322.0809086400317)
[21:38:58] [Server thread/INFO]: BC_U joined the game
[21:39:31] [Server thread/INFO]: [@: Killed 2 entities]
[21:39:40] [Server thread/INFO]: [@: Killed 3 entities]
[21:39:40] [Server thread/INFO]: [@: Killed 2 entities]
[21:39:57] [Server thread/INFO]: [@: Killed Magma Cube]
[21:39:58] [Server thread/INFO]: [@: Killed 3 entities]
[21:40:02] [Server thread/INFO]: [@: Killed 2 entities]
[21:40:04] [Server thread/INFO]: [@: Killed 3 entities]
[21:40:05] [Server thread/INFO]: [@: Killed 5 entities]
[21:40:05] [Server thread/INFO]: [@: Killed Magma Cube]
[21:40:06] [Server thread/INFO]: [@: Killed 4 entities]
[21:40:07] [Server thread/INFO]: [@: Killed 12 entities]
[21:40:08] [Server thread/INFO]: [@: Killed 2 entities]
[21:40:16] [Server thread/INFO]: [@: Killed 2 entities]
[21:40:19] [Server thread/INFO]: [BC_U: Applied effect Night Vision to BC_U]
[21:40:31] [Server thread/INFO]: [BC_U: Set own game mode to Creative Mode]
[21:40:32] [Server thread/INFO]: [@: Killed 2 entities]
[21:40:40] [Server thread/INFO]: [BC_U: Set own game mode to Survival Mode]
[21:40:50] [Server thread/INFO]: [@: Killed Piglin]
[21:41:01] [Server thread/INFO]: [@: Killed Magma Cube]
[21:41:18] [Server thread/INFO]: [@: Killed 4 entities]
[21:41:19] [Server thread/INFO]: [@: Killed 7 entities]
[21:41:21] [Server thread/INFO]: [@: Killed 3 entities]
[21:41:25] [Server thread/INFO]: [@: Killed 2 entities]
[21:41:26] [Server thread/INFO]: [@: Killed 7 entities]
[21:41:27] [Server thread/INFO]: [@: Killed 12 entities]
[21:41:32] [Server thread/INFO]: [@: Killed 3 entities]
[21:41:34] [Server thread/INFO]: [@: Killed 2 entities]
[21:41:36] [Server thread/INFO]: [@: Killed 2 entities]
[21:41:37] [Server thread/INFO]: [BC_U: Set own game mode to Creative Mode]
[21:41:37] [Server thread/INFO]: [@: Killed 4 entities]
[21:41:38] [Server thread/INFO]: [@: Killed 14 entities]
[21:41:39] [Server thread/INFO]: [@: Killed 2 entities]
[21:41:41] [Server thread/INFO]: [@: Killed 2 entities]
[21:41:42] [Server thread/INFO]: [BC_U: Set own game mode to Survival Mode]
[21:41:42] [Server thread/INFO]: [@: Killed Magma Cube]
[21:41:42] [Server thread/INFO]: BC_U tried to swim in lava
[21:41:43] [Server thread/INFO]: [@: Killed 2 entities]
[21:42:40] [Server thread/INFO]: [BC_U: Set the time to 1000]
[21:43:27] [Server thread/INFO]: BC_U fell from a high place
[21:43:36] [Server thread/INFO]: [BC_U: Teleported BC_U to -198.500000, 3.500000, 291.500000]
[21:44:00] [Server thread/INFO]: [BC_U: Applied effect Night Vision to BC_U]
[21:44:07] [Server thread/INFO]: BC_U fell from a high place
[21:44:23] [Server thread/INFO]: [BC_U: Set own game mode to Creative Mode]
[21:45:08] [Server thread/INFO]: [@: Applied effect Night Vision to BC_U]
[21:45:48] [Server thread/INFO]: [BC_U: Marked chunk [-14, 20] in minecraft:overworld to be force loaded]
[21:46:26] [Server thread/INFO]: BC_U lost connection: Disconnected
[21:46:26] [Server thread/INFO]: BC_U left the game
[21:46:57] [User Authenticator #8/INFO]: UUID of player BC_U is 0b27b59c-c397-4fb7-bb5e-ebf0740bbbfe
[21:46:57] [Server thread/INFO]: BC_U[/127.0.0.1:35536] logged in with entity id 37250 at (-200.69999998807907, -24.0, 295.645395980557)
[21:46:57] [Server thread/INFO]: BC_U joined the game
[21:47:09] [Server thread/INFO]: [BC_U: Set own game mode to Survival Mode]
[21:59:40] [Server thread/INFO]: BC_U lost connection: Disconnected
[21:59:40] [Server thread/INFO]: BC_U left the game
[22:00:38] [Server thread/INFO]: Stopping the server
[22:00:38] [Server thread/INFO]: [Scalable] Server stopping ...
[22:00:38] [Server thread/INFO]: Stopping server
[22:00:38] [Server thread/INFO]: Saving players
[22:00:38] [Server thread/INFO]: Saving worlds
[22:00:38] [Server thread/INFO]: Saving chunks for level 'ServerLevel[world]'/minecraft:overworld
[22:00:38] [Server thread/INFO]: Saving chunks for level 'ServerLevel[world]'/minecraft:the_end
[22:00:38] [Server thread/INFO]: Saving chunks for level 'ServerLevel[world]'/minecraft:the_nether
[22:00:38] [Server thread/INFO]: ThreadedAnvilChunkStorage (world): All chunks are saved
[22:00:38] [Server thread/INFO]: ThreadedAnvilChunkStorage (DIM1): All chunks are saved
[22:00:38] [Server thread/INFO]: ThreadedAnvilChunkStorage (DIM-1): All chunks are saved
[22:00:38] [Server thread/INFO]: ThreadedAnvilChunkStorage: All dimensions are saved
