[20:05:16] [main/INFO]: Loading Minecraft 1.21.11 with Fabric Loader 0.19.3
[20:05:16] [main/INFO]: Loading 45 mods:
[20:05:16] [main/INFO]: - fabric-api 0.141.4+1.21.11
[20:05:16] [main/INFO]: |-- fabric-api-base 1.0.5+4ebb5c083e
[20:05:16] [main/INFO]: |-- fabric-api-lookup-api-v1 1.6.114+20dc27073e
[20:05:16] [main/INFO]: |-- fabric-biome-api-v1 17.1.1+4fc5413f3e
[20:05:16] [main/INFO]: |-- fabric-block-api-v1 1.1.10+4ebb5c083e
[20:05:16] [main/INFO]: |-- fabric-block-view-api-v2 1.0.39+4ebb5c083e
[20:05:16] [main/INFO]: |-- fabric-command-api-v2 2.4.7+6b42a6003e
[20:05:16] [main/INFO]: |-- fabric-content-registries-v0 10.2.14+4fc5413f3e
[20:05:16] [main/INFO]: |-- fabric-convention-tags-v1 2.1.55+7f945d5b3e
[20:05:16] [main/INFO]: |-- fabric-convention-tags-v2 2.17.3+8ef948ba3e
[20:05:16] [main/INFO]: |-- fabric-crash-report-info-v1 0.3.23+4ebb5c083e
[20:05:16] [main/INFO]: |-- fabric-data-attachment-api-v1 1.8.48+eed0806f3e
[20:05:16] [main/INFO]: |-- fabric-data-generation-api-v1 23.4.1+69974c4e3e
[20:05:16] [main/INFO]: |-- fabric-dimensions-v1 4.0.28+4fc5413f3e
[20:05:16] [main/INFO]: |-- fabric-entity-events-v1 3.1.1+1d0ab4303e
[20:05:16] [main/INFO]: |-- fabric-events-interaction-v0 4.1.1+3b89ecf63e
[20:05:16] [main/INFO]: |-- fabric-game-rule-api-v1 2.0.3+4fc5413f3e
[20:05:16] [main/INFO]: |-- fabric-item-api-v1 11.5.20+d0c46b9e3e
[20:05:16] [main/INFO]: |-- fabric-item-group-api-v1 4.2.36+4fc5413f3e
[20:05:16] [main/INFO]: |-- fabric-key-binding-api-v1 1.1.7+4fc5413f3e
[20:05:16] [main/INFO]: |-- fabric-lifecycle-events-v1 2.6.15+4ebb5c083e
[20:05:16] [main/INFO]: |-- fabric-loot-api-v2 3.0.73+3f89f5a53e
[20:05:16] [main/INFO]: |-- fabric-loot-api-v3 2.0.20+78c8b4663e
[20:05:16] [main/INFO]: |-- fabric-message-api-v1 6.1.12+4ebb5c083e
[20:05:16] [main/INFO]: |-- fabric-model-loading-api-v1 6.0.15+4fc5413f3e
[20:05:16] [main/INFO]: |-- fabric-networking-api-v1 5.1.6+6b6d71a53e
[20:05:16] [main/INFO]: |-- fabric-object-builder-api-v1 21.1.40+4fc5413f3e
[20:05:16] [main/INFO]: |-- fabric-particles-v1 4.2.12+4fc5413f3e
[20:05:16] [main/INFO]: |-- fabric-recipe-api-v1 8.2.4+4ebb5c083e
[20:05:16] [main/INFO]: |-- fabric-registry-sync-v0 6.2.6+1718722b3e
[20:05:16] [main/INFO]: |-- fabric-renderer-api-v1 8.0.3+f4ffd2e53e
[20:05:16] [main/INFO]: |-- fabric-renderer-indigo 5.0.3+f4ffd2e53e
[20:05:16] [main/INFO]: |-- fabric-rendering-fluids-v1 3.1.43+4ebb5c083e
[20:05:16] [main/INFO]: |-- fabric-rendering-v1 16.2.10+0290ad933e
[20:05:16] [main/INFO]: |-- fabric-resource-conditions-api-v1 5.0.35+4fc5413f3e
[20:05:16] [main/INFO]: |-- fabric-resource-loader-v0 3.3.4+4fc5413f3e
[20:05:16] [main/INFO]: |-- fabric-resource-loader-v1 1.0.10+78c8b4663e
[20:05:16] [main/INFO]: |-- fabric-screen-api-v1 3.1.7+4ebb5c083e
[20:05:16] [main/INFO]: |-- fabric-screen-handler-api-v1 1.3.162+4fc5413f3e
[20:05:16] [main/INFO]: |-- fabric-serialization-api-v1 1.0.5+4ebb5c083e
[20:05:16] [main/INFO]: |-- fabric-sound-api-v1 1.0.51+4fc5413f3e
[20:05:16] [main/INFO]: |-- fabric-tag-api-v1 1.2.20+4fc5413f3e
[20:05:16] [main/INFO]: |-- fabric-transfer-api-v1 6.0.25+4fc5413f3e
[20:05:16] [main/INFO]: \-- fabric-transitive-access-wideners-v1 7.1.0+014c8cec3e
[20:05:16] [main/INFO]: - fabricloader 0.19.3
[20:05:16] [main/INFO]: \-- mixinextras 0.5.4
[20:05:16] [main/INFO]: - ferritecore 8.2.0
[20:05:16] [main/INFO]: - java 21
[20:05:16] [main/INFO]: - jei 27.17.0.50
[20:05:16] [main/INFO]: - lithium 0.21.4+mc1.21.11
[20:05:16] [main/INFO]: - minecraft 1.21.11
[20:05:16] [main/INFO]: - scalable 1.0.0
[20:05:19] [main/INFO]: SpongePowered MIXIN Subsystem Version=0.8.7 Source=file:/D:/Minecraft_Server/libraries/net/fabricmc/sponge-mixin/0.17.3+mixin.0.8.7/sponge-mixin-0.17.3+mixin.0.8.7.jar Service=Knot/Fabric Env=SERVER
[20:05:27] [main/INFO]: Compatibility level set to JAVA_21
[20:05:27] [main/INFO]: Loaded configuration file for Lithium: 171 options available, 0 override(s) found.
[20:05:28] [main/WARN]: Error loading class: de/siphalor/amecs/key_modifiers/impl/AmecsKeyModifiersEarlyInit (java.lang.ClassNotFoundException: de/siphalor/amecs/key_modifiers/impl/AmecsKeyModifiersEarlyInit)
[20:05:28] [main/WARN]: @Mixin target de.siphalor.amecs.key_modifiers.impl.AmecsKeyModifiersEarlyInit was not found jei.mixins.json:AmecsKeyModifiersEarlyInitMixin from mod jei
[20:05:28] [main/INFO]: Initializing MixinExtras via com.llamalad7.mixinextras.service.MixinExtrasServiceImpl(version=0.5.4).
[20:05:33] [main/INFO]: [Scalable] Initializing ...
[20:05:33] [main/INFO]: Environment: Environment[sessionHost=http://127.0.0.1:54110/https/sessionserver.mojang.com, servicesHost=http://127.0.0.1:54110/https/api.minecraftservices.com, profilesHost=http://127.0.0.1:54110/https/api.mojang.com, name=PROD]
[20:05:35] [main/INFO]: Loaded 1470 recipes
[20:05:35] [main/INFO]: Loaded 1584 advancements
[20:05:35] [main/INFO]: Applied 0 biome modifications to 0 of 65 new biomes in 3.043 ms
[20:05:35] [Server thread/INFO]: Starting minecraft server version 1.21.11
[20:05:35] [Server thread/INFO]: Loading properties
[20:05:35] [Server thread/INFO]: Default game type: SURVIVAL
[20:05:35] [Server thread/INFO]: Generating keypair
[20:05:35] [Server thread/INFO]: Starting Minecraft server on *:25565
[20:05:35] [Server thread/INFO]: Preparing level "world"
[20:05:36] [Server thread/INFO]: Loading 50 persistent chunks...
[20:05:36] [Server thread/INFO]: Preparing spawn area: 16%
[20:05:37] [Server thread/INFO]: Preparing spawn area: 16%
[20:05:37] [Server thread/INFO]: Time elapsed: 964 ms
[20:05:37] [Server thread/INFO]: Done (1.563s)! For help, type "help"
[20:06:37] [Server thread/INFO]: Server empty for 60 seconds, pausing
[20:10:49] [User Authenticator #1/INFO]: UUID of player BC_U is 0b27b59c-c397-4fb7-bb5e-ebf0740bbbfe
[20:10:50] [Server thread/INFO]: BC_U[/127.0.0.1:47648] logged in with entity id 76 at (1237.477531933393, 63.0, -805.5533656614782)
[20:10:50] [Server thread/INFO]: BC_U joined the game
[20:12:54] [Server thread/INFO]: [BC_U: Set the time to 1000]
[20:18:54] [Server thread/INFO]: BC_U lost connection: Disconnected
[20:18:54] [Server thread/INFO]: BC_U left the game
[20:19:54] [Server thread/INFO]: Server empty for 60 seconds, pausing
[20:49:00] [User Authenticator #2/INFO]: UUID of player BC_U is 0b27b59c-c397-4fb7-bb5e-ebf0740bbbfe
[20:49:01] [Server thread/INFO]: BC_U[/127.0.0.1:48553] logged in with entity id 1443 at (1184.2286965912394, 73.0, -901.3806945406097)
[20:49:01] [Server thread/INFO]: BC_U joined the game
[21:00:08] [Server thread/INFO]: [BC_U: Set the time to 1000]
[21:02:56] [Server thread/INFO]: [BC_U: Set own game mode to Creative Mode]
[21:03:13] [Server thread/INFO]: [BC_U: Set own game mode to Survival Mode]
[21:16:12] [Server thread/INFO]: [BC_U: Set the time to 1000]
[21:18:28] [Server thread/INFO]: BC_U has made the advancement [Cover Me with Diamonds]
[21:24:44] [Server thread/INFO]: BC_U lost connection: Disconnected
[21:24:44] [Server thread/INFO]: BC_U left the game
[21:25:44] [Server thread/INFO]: Server empty for 60 seconds, pausing
[21:25:47] [User Authenticator #3/INFO]: UUID of player BC_U is 0b27b59c-c397-4fb7-bb5e-ebf0740bbbfe
[21:25:48] [Server thread/INFO]: BC_U[/127.0.0.1:7595] logged in with entity id 11806 at (1356.2713575743173, 125.0, -1443.9595270131683)
[21:25:48] [Server thread/INFO]: BC_U joined the game
[21:27:34] [Server thread/INFO]: [BC_U: Set own game mode to Creative Mode]
[21:27:53] [Server thread/INFO]: [BC_U: Set own game mode to Survival Mode]
[21:28:52] [Server thread/INFO]: BC_U fell from a high place
[21:28:53] [Server thread/INFO]: [@: Applied effect Night Vision to BC_U]
[21:28:53] [Server thread/INFO]: [@: Applied effect Night Vision to BC_U]
[21:29:01] [Server thread/INFO]: [BC_U: Teleported BC_U to 1399.500000, 84.500000, -1367.500000]
[21:29:58] [Server thread/INFO]: [BC_U: Teleported BC_U to -178.500000, 70.500000, 314.500000]
[21:30:10] [Server thread/INFO]: [@: Killed Piglin]
[21:30:10] [Server thread/INFO]: [@: Killed Magma Cube]
[21:30:10] [Server thread/INFO]: [@: Killed 4 entities]
[21:30:10] [Server thread/INFO]: [@: Killed 4 entities]
[21:30:10] [Server thread/INFO]: [@: Killed 14 entities]
[21:30:10] [Server thread/INFO]: [@: Killed 4 entities]
[21:30:10] [Server thread/INFO]: [@: Killed Ghast]
[21:30:10] [Server thread/INFO]: [@: Killed 3 entities]
[21:30:10] [Server thread/INFO]: [@: Killed 2 entities]
[21:30:11] [Server thread/INFO]: [@: Killed 4 entities]
[21:30:11] [Server thread/INFO]: [@: Killed 3 entities]
[21:30:11] [Server thread/INFO]: [@: Killed 2 entities]
[21:30:12] [Server thread/INFO]: [@: Killed Ghast]
[21:30:12] [Server thread/INFO]: [@: Killed Piglin]
[21:30:12] [Server thread/INFO]: [@: Killed Piglin]
[21:30:15] [Server thread/INFO]: [@: Killed Piglin]
[21:30:20] [Server thread/INFO]: [@: Killed 6 entities]
[21:30:20] [Server thread/INFO]: [@: Killed 12 entities]
[21:30:22] [Server thread/INFO]: [@: Killed Piglin]
[21:30:22] [Server thread/INFO]: [@: Killed Magma Cube]
[21:30:23] [Server thread/INFO]: [@: Killed 3 entities]
[21:30:23] [Server thread/INFO]: [@: Killed 3 entities]
[21:30:24] [Server thread/INFO]: [@: Killed 7 entities]
[21:30:46] [Server thread/INFO]: [@: Killed Ghast]
[21:30:46] [Server thread/INFO]: [@: Killed Piglin]
[21:30:48] [Server thread/INFO]: [@: Killed Magma Cube]
[21:30:49] [Server thread/INFO]: [@: Killed 2 entities]
[21:30:54] [Server thread/INFO]: [@: Killed Piglin]
[21:30:58] [Server thread/INFO]: [@: Killed 3 entities]
[21:31:07] [Server thread/INFO]: [@: Killed Piglin]
[21:31:08] [Server thread/INFO]: [@: Killed 3 entities]
[21:31:25] [Server thread/INFO]: [@: Killed 3 entities]
[21:31:26] [Server thread/INFO]: [@: Killed Magma Cube]
[21:31:27] [Server thread/INFO]: [@: Killed 3 entities]
[21:31:28] [Server thread/INFO]: [@: Killed 2 entities]
[21:31:28] [Server thread/INFO]: [@: Killed 9 entities]
[21:31:32] [Server thread/INFO]: [@: Killed Piglin]
[21:31:32] [Server thread/INFO]: [@: Killed Magma Cube]
[21:31:32] [Server thread/INFO]: [@: Killed Piglin]
[21:31:32] [Server thread/INFO]: [@: Killed 2 entities]
[21:31:33] [Server thread/INFO]: [@: Killed Piglin]
[21:31:33] [Server thread/INFO]: [@: Killed 2 entities]
[21:31:33] [Server thread/INFO]: [@: Killed Magma Cube]
[21:31:34] [Server thread/INFO]: [@: Killed 2 entities]
[21:31:34] [Server thread/INFO]: [@: Killed 5 entities]
[21:31:35] [Server thread/INFO]: [@: Killed Magma Cube]
[21:31:35] [Server thread/INFO]: [@: Killed 2 entities]
[21:31:44] [Server thread/INFO]: [@: Killed Piglin]
[21:31:47] [Server thread/INFO]: [@: Killed 3 entities]
[21:31:52] [Server thread/INFO]: [@: Killed 3 entities]
[21:31:53] [Server thread/INFO]: [@: Killed 2 entities]
[21:31:54] [Server thread/INFO]: [@: Killed 3 entities]
[21:31:55] [Server thread/INFO]: [@: Killed Piglin]
[21:31:56] [Server thread/INFO]: [@: Killed Piglin]
[21:31:57] [Server thread/INFO]: [@: Killed 4 entities]
[21:32:10] [Server thread/INFO]: [@: Killed 2 entities]
[21:32:11] [Server thread/INFO]: [@: Killed Piglin]
[21:32:15] [Server thread/INFO]: [@: Killed 2 entities]
[21:32:21] [Server thread/INFO]: [@: Killed Piglin]
[21:32:24] [Server thread/INFO]: [@: Killed Piglin]
[21:32:25] [Server thread/INFO]: [@: Killed Piglin]
[21:32:26] [Server thread/INFO]: [@: Killed Piglin]
[21:32:32] [Server thread/INFO]: [@: Killed Piglin]
[21:32:38] [Server thread/INFO]: [@: Killed 2 entities]
[21:32:39] [Server thread/INFO]: [@: Killed Magma Cube]
[21:32:39] [Server thread/INFO]: [@: Killed 4 entities]
[21:32:40] [Server thread/INFO]: [@: Killed 2 entities]
[21:32:49] [Server thread/INFO]: [@: Killed Magma Cube]
[21:32:52] [Server thread/INFO]: [@: Killed Piglin]
[21:32:54] [Server thread/INFO]: [@: Killed 2 entities]
[21:32:54] [Server thread/INFO]: [@: Killed 2 entities]
[21:32:54] [Server thread/INFO]: [@: Killed Magma Cube]
[21:32:55] [Server thread/INFO]: [@: Killed 4 entities]
[21:32:56] [Server thread/INFO]: [@: Killed 12 entities]
[21:32:57] [Server thread/INFO]: [@: Killed Piglin]
[21:33:13] [Server thread/INFO]: [@: Killed 2 entities]
[21:33:13] [Server thread/INFO]: [@: Killed Magma Cube]
[21:33:14] [Server thread/INFO]: [@: Killed 3 entities]
[21:33:15] [Server thread/INFO]: [@: Killed 7 entities]
[21:33:26] [Server thread/INFO]: [@: Killed Piglin]
[21:33:28] [Server thread/INFO]: [@: Killed Piglin]
[21:33:29] [Server thread/INFO]: [@: Killed 2 entities]
[21:33:30] [Server thread/INFO]: [@: Killed 2 entities]
[21:33:48] [Server thread/INFO]: [@: Killed Piglin]
[21:33:51] [Server thread/INFO]: [@: Killed Magma Cube]
[21:33:53] [Server thread/INFO]: [@: Killed 5 entities]
[21:33:54] [Server thread/INFO]: [@: Killed 3 entities]
[21:33:54] [Server thread/INFO]: [@: Killed 2 entities]
[21:33:55] [Server thread/INFO]: [@: Killed 4 entities]
[21:33:56] [Server thread/INFO]: [@: Killed 5 entities]
[21:33:56] [Server thread/INFO]: [@: Killed 2 entities]
[21:33:57] [Server thread/INFO]: [@: Killed 3 entities]
[21:33:57] [Server thread/INFO]: [@: Killed Piglin]
[21:33:58] [Server thread/INFO]: [@: Killed Piglin]
[21:33:58] [Server thread/INFO]: [@: Killed 7 entities]
[21:33:59] [Server thread/INFO]: [@: Killed 2 entities]
[21:33:59] [Server thread/INFO]: [@: Killed 3 entities]
[21:34:00] [Server thread/INFO]: [@: Killed 3 entities]
[21:34:01] [Server thread/INFO]: [@: Killed Piglin]
[21:34:04] [Server thread/INFO]: [@: Killed 3 entities]
[21:34:06] [Server thread/INFO]: [@: Killed Piglin]
[21:34:06] [Server thread/INFO]: [@: Killed 7 entities]
[21:34:07] [Server thread/INFO]: [@: Killed 5 entities]
[21:34:07] [Server thread/INFO]: [@: Killed 5 entities]
[21:34:08] [Server thread/INFO]: [@: Killed Piglin]
[21:34:08] [Server thread/INFO]: [@: Killed 5 entities]
[21:34:09] [Server thread/INFO]: [@: Killed Piglin]
[21:34:09] [Server thread/INFO]: [@: Killed Piglin]
[21:34:10] [Server thread/INFO]: [@: Killed Piglin]
[21:34:10] [Server thread/INFO]: [@: Killed 3 entities]
[21:34:10] [Server thread/INFO]: [@: Killed 2 entities]
[21:34:10] [Server thread/INFO]: [@: Killed Piglin]
[21:34:10] [Server thread/INFO]: [@: Killed 2 entities]
[21:34:11] [Server thread/INFO]: [@: Killed Magma Cube]
[21:34:12] [Server thread/INFO]: [@: Killed 4 entities]
[21:34:13] [Server thread/INFO]: [@: Killed 4 entities]
[21:34:14] [Server thread/INFO]: [@: Killed 4 entities]
[21:34:15] [Server thread/INFO]: [@: Killed 2 entities]
[21:34:16] [Server thread/INFO]: [@: Killed Piglin]
[21:34:17] [Server thread/INFO]: [@: Killed 2 entities]
[21:34:29] [Server thread/INFO]: [@: Killed 3 entities]
[21:34:40] [Server thread/INFO]: [@: Killed 2 entities]
[21:34:46] [Server thread/INFO]: [@: Killed Piglin]
[21:34:52] [Server thread/INFO]: [@: Killed 4 entities]
[21:34:56] [Server thread/INFO]: [@: Killed 4 entities]
[21:34:59] [Server thread/INFO]: [@: Killed Piglin]
[21:35:07] [Server thread/INFO]: [@: Killed Piglin]
[21:35:08] [Server thread/INFO]: [@: Killed Piglin]
[21:35:15] [Server thread/INFO]: [@: Killed 2 entities]
[21:35:18] [Server thread/INFO]: [@: Killed 3 entities]
[21:35:19] [Server thread/INFO]: [@: Killed 4 entities]
[21:35:20] [Server thread/INFO]: [@: Killed 2 entities]
[21:35:21] [Server thread/INFO]: [@: Killed 2 entities]
[21:35:22] [Server thread/INFO]: [@: Killed 4 entities]
[21:35:24] [Server thread/INFO]: [@: Killed 3 entities]
[21:35:25] [Server thread/INFO]: [@: Killed 2 entities]
[21:35:25] [Server thread/INFO]: [@: Killed Piglin]
[21:35:26] [Server thread/INFO]: [@: Killed 5 entities]
[21:35:27] [Server thread/INFO]: [@: Killed Piglin]
[21:35:31] [Server thread/INFO]: [@: Killed Piglin]
[21:35:33] [Server thread/INFO]: [@: Killed Magma Cube]
[21:35:33] [Server thread/INFO]: [@: Killed Piglin]
[21:35:33] [Server thread/INFO]: [@: Killed 4 entities]
[21:35:34] [Server thread/INFO]: [@: Killed Piglin]
[21:35:43] [Server thread/INFO]: [@: Killed Piglin]
[21:35:44] [Server thread/INFO]: [@: Killed 2 entities]
[21:35:45] [Server thread/INFO]: [@: Killed Piglin]
[21:35:46] [Server thread/INFO]: [@: Killed Magma Cube]
[21:35:57] [Server thread/INFO]: [@: Killed Piglin]
[21:36:04] [Server thread/INFO]: [@: Killed 3 entities]
[21:36:09] [Server thread/INFO]: [@: Killed 2 entities]
[21:36:10] [Server thread/INFO]: [@: Killed Piglin]
[21:36:14] [Server thread/INFO]: [@: Killed Piglin]
[21:36:20] [Server thread/INFO]: [@: Killed Magma Cube]
[21:36:21] [Server thread/INFO]: [@: Killed 2 entities]
[21:36:22] [Server thread/INFO]: [@: Killed 5 entities]
[21:36:24] [Server thread/INFO]: [@: Killed 2 entities]
[21:36:24] [Server thread/INFO]: [@: Killed Piglin]
[21:36:26] [Server thread/INFO]: [@: Killed 2 entities]
[21:36:29] [Server thread/INFO]: [@: Killed 2 entities]
[21:36:30] [Server thread/INFO]: [@: Killed Magma Cube]
[21:36:31] [Server thread/INFO]: [@: Killed 3 entities]
[21:36:32] [Server thread/INFO]: [@: Killed 11 entities]
[21:36:33] [Server thread/INFO]: [@: Killed 2 entities]
[21:36:34] [Server thread/INFO]: [@: Killed 8 entities]
[21:36:35] [Server thread/INFO]: [@: Killed 11 entities]
[21:36:39] [Server thread/INFO]: [@: Killed 3 entities]
[21:36:39] [Server thread/INFO]: [@: Killed Magma Cube]
[21:36:40] [Server thread/INFO]: [@: Killed 3 entities]
[21:36:44] [Server thread/INFO]: [@: Killed 4 entities]
[21:36:51] [Server thread/INFO]: [@: Killed Magma Cube]
[21:36:52] [Server thread/INFO]: [@: Killed 2 entities]
[21:36:53] [Server thread/INFO]: [@: Killed 6 entities]
[21:36:55] [Server thread/INFO]: [@: Killed Piglin]
[21:36:55] [Server thread/INFO]: [@: Killed Magma Cube]
[21:36:56] [Server thread/INFO]: [@: Killed 3 entities]
[21:36:57] [Server thread/INFO]: [@: Killed Piglin]
[21:36:57] [Server thread/INFO]: [@: Killed 10 entities]
[21:36:58] [Server thread/INFO]: [@: Killed 7 entities]
[21:36:59] [Server thread/INFO]: [@: Killed Piglin]
[21:36:59] [Server thread/INFO]: [@: Killed Piglin]
[21:37:00] [Server thread/INFO]: [@: Killed 2 entities]
[21:37:01] [Server thread/INFO]: [@: Killed Piglin]
[21:37:05] [Server thread/INFO]: [BC_U: Set own game mode to Creative Mode]
[21:37:08] [Server thread/INFO]: [@: Killed 2 entities]
[21:37:10] [Server thread/INFO]: [@: Killed 2 entities]
[21:37:16] [Server thread/INFO]: [BC_U: Set own game mode to Survival Mode]
[21:37:18] [Server thread/INFO]: [@: Killed 3 entities]
[21:37:20] [Server thread/INFO]: [@: Killed Magma Cube]
[21:37:21] [Server thread/INFO]: [@: Killed 3 entities]
[21:37:22] [Server thread/INFO]: [@: Killed 8 entities]
[21:37:23] [Server thread/INFO]: [@: Killed Piglin]
[21:37:23] [Server thread/INFO]: [@: Killed 2 entities]
[21:37:24] [Server thread/INFO]: [@: Killed 4 entities]
[21:37:25] [Server thread/INFO]: [@: Killed 12 entities]
[21:37:33] [Server thread/INFO]: [@: Killed Magma Cube]
[21:37:34] [Server thread/INFO]: [@: Killed 2 entities]
[21:37:39] [Server thread/INFO]: [@: Killed Piglin]
[21:37:40] [Server thread/INFO]: [@: Killed Piglin]
[21:37:41] [Server thread/INFO]: [@: Killed Magma Cube]
[21:37:41] [Server thread/INFO]: BC_U was killed
[21:37:41] [Server thread/INFO]: [BC_U: Killed BC_U]
[21:37:42] [Server thread/INFO]: [@: Killed 4 entities]
[21:37:42] [Server thread/INFO]: [@: Applied effect Night Vision to BC_U]
[21:37:43] [Server thread/INFO]: [@: Applied effect Night Vision to BC_U]
[21:37:51] [Server thread/INFO]: [BC_U: Teleported BC_U to -178.500000, 70.500000, 314.500000]
[21:38:35] [Server thread/INFO]: [@: Killed 2 entities]
[21:38:35] [Server thread/INFO]: [@: Killed 13 entities]
[21:38:35] [Server thread/INFO]: [@: Killed Magma Cube]
[21:38:35] [Server thread/INFO]: [@: Killed Ghast]
[21:38:35] [Server thread/INFO]: [@: Killed 4 entities]
[21:38:36] [Server thread/INFO]: [@: Killed 5 entities]
[21:38:36] [Server thread/INFO]: [@: Killed 3 entities]
[21:38:37] [Server thread/INFO]: [@: Killed 14 entities]
[21:38:38] [Server thread/INFO]: [@: Killed 6 entities]
[21:38:39] [Server thread/INFO]: [@: Killed 21 entities]
[21:38:40] [Server thread/INFO]: [@: Killed Piglin]
[21:38:40] [Server thread/INFO]: [@: Killed Magma Cube]
[21:38:41] [Server thread/INFO]: [@: Killed 2 entities]
[21:38:42] [Server thread/INFO]: [@: Killed 6 entities]
[21:38:47] [Server thread/INFO]: [@: Killed 3 entities]
[21:38:48] [Server thread/INFO]: [@: Killed Piglin]
[21:38:48] [Server thread/INFO]: [@: Killed Magma Cube]
[21:38:48] [Server thread/INFO]: [@: Killed Magma Cube]
[21:38:49] [Server thread/INFO]: [@: Killed 2 entities]
[21:38:49] [Server thread/INFO]: [@: Killed 3 entities]
[21:38:50] [Server thread/INFO]: [@: Killed 6 entities]
[21:38:51] [Server thread/INFO]: [@: Killed 3 entities]
[21:39:31] [Server thread/INFO]: [@: Killed Piglin]
[21:39:42] [Server thread/INFO]: [@: Killed Piglin]
[21:40:08] [Server thread/INFO]: [@: Killed Magma Cube]
[21:40:12] [Server thread/INFO]: [@: Killed Piglin]
[21:40:16] [Server thread/INFO]: [@: Killed 2 entities]
[21:40:22] [Server thread/INFO]: [@: Killed Piglin]
[21:40:23] [Server thread/INFO]: [@: Killed Magma Cube]
[21:40:24] [Server thread/INFO]: [@: Killed 2 entities]
[21:40:24] [Server thread/INFO]: [@: Killed Ghast]
[21:40:28] [Server thread/INFO]: [@: Killed Piglin]
[21:40:47] [Server thread/INFO]: [@: Killed 2 entities]
[21:40:51] [Server thread/INFO]: [@: Killed Piglin]
[21:40:57] [Server thread/INFO]: [@: Killed 3 entities]
[21:40:58] [Server thread/INFO]: [@: Killed Piglin]
[21:41:08] [Server thread/INFO]: [@: Killed Piglin]
[21:41:09] [Server thread/INFO]: [@: Killed 2 entities]
[21:41:11] [Server thread/INFO]: [@: Killed 2 entities]
[21:41:14] [Server thread/INFO]: [@: Killed Piglin]
[21:41:22] [Server thread/INFO]: [@: Killed Piglin]
[21:41:27] [Server thread/INFO]: [@: Killed Piglin]
[21:41:28] [Server thread/INFO]: [@: Killed Piglin]
[21:41:33] [Server thread/INFO]: [@: Killed Piglin]
[21:41:47] [Server thread/INFO]: [@: Killed 2 entities]
[21:41:48] [Server thread/INFO]: [@: Killed Piglin]
[21:41:53] [Server thread/INFO]: [@: Killed 4 entities]
[21:41:54] [Server thread/INFO]: [@: Killed Piglin]
[21:42:00] [Server thread/INFO]: [@: Killed Piglin]
[21:42:03] [Server thread/INFO]: [@: Killed Ghast]
[21:42:04] [Server thread/INFO]: [@: Killed 2 entities]
[21:42:08] [Server thread/INFO]: [@: Killed Piglin]
[21:42:09] [Server thread/INFO]: [@: Killed Piglin]
[21:42:12] [Server thread/INFO]: [@: Killed Magma Cube]
[21:42:13] [Server thread/INFO]: [@: Killed 2 entities]
[21:42:14] [Server thread/INFO]: [@: Killed 4 entities]
[21:42:15] [Server thread/INFO]: [@: Killed Piglin]
[21:42:38] [Server thread/INFO]: [@: Killed Magma Cube]
[21:42:38] [Server thread/INFO]: [@: Killed Ghast]
[21:42:38] [Server thread/INFO]: [@: Killed Piglin]
[21:42:39] [Server thread/INFO]: [@: Killed 4 entities]
[21:42:40] [Server thread/INFO]: [@: Killed 13 entities]
[21:42:48] [Server thread/INFO]: [@: Killed 2 entities]
[21:42:49] [Server thread/INFO]: [@: Killed 2 entities]
[21:42:50] [Server thread/INFO]: [@: Killed Ghast]
[21:42:50] [Server thread/INFO]: [@: Killed 3 entities]
[21:43:02] [Server thread/INFO]: [@: Killed 3 entities]
[21:43:10] [Server thread/INFO]: [@: Killed Piglin]
[21:43:13] [Server thread/INFO]: [@: Killed 2 entities]
[21:43:14] [Server thread/INFO]: [@: Killed Magma Cube]
[21:43:14] [Server thread/INFO]: [@: Killed 5 entities]
[21:43:15] [Server thread/INFO]: [@: Killed 4 entities]
[21:43:16] [Server thread/INFO]: [@: Killed 13 entities]
[21:43:17] [Server thread/INFO]: [@: Killed Piglin]
[21:43:19] [Server thread/INFO]: [@: Killed Magma Cube]
[21:43:20] [Server thread/INFO]: [@: Killed Piglin]
[21:43:31] [Server thread/INFO]: [@: Killed 3 entities]
[21:43:33] [Server thread/INFO]: [@: Killed 2 entities]
[21:43:34] [Server thread/INFO]: [@: Killed Piglin]
[21:43:34] [Server thread/INFO]: [@: Killed 2 entities]
[21:43:35] [Server thread/INFO]: [@: Killed 2 entities]
[21:43:36] [Server thread/INFO]: [@: Killed 3 entities]
[21:43:41] [Server thread/INFO]: [@: Killed Piglin]
[21:43:41] [Server thread/INFO]: [@: Killed Magma Cube]
[21:43:42] [Server thread/INFO]: [@: Killed 4 entities]
[21:43:43] [Server thread/INFO]: [@: Killed 13 entities]
[21:43:45] [Server thread/INFO]: [@: Killed 4 entities]
[21:43:47] [Server thread/INFO]: [@: Killed 2 entities]
[21:43:48] [Server thread/INFO]: [@: Killed Magma Cube]
[21:43:55] [Server thread/INFO]: [@: Killed Piglin]
[21:44:00] [Server thread/INFO]: [@: Killed 3 entities]
[21:44:17] [Server thread/INFO]: [@: Killed 2 entities]
[21:44:38] [Server thread/INFO]: [@: Killed 2 entities]
[21:44:39] [Server thread/INFO]: [@: Killed Piglin]
[21:44:43] [Server thread/INFO]: [@: Killed Magma Cube]
[21:44:44] [Server thread/INFO]: [@: Killed 3 entities]
[21:44:46] [Server thread/INFO]: [@: Killed Magma Cube]
[21:44:47] [Server thread/INFO]: [@: Killed 2 entities]
[21:44:48] [Server thread/INFO]: [@: Killed 7 entities]
[21:44:49] [Server thread/INFO]: [@: Killed 4 entities]
[21:44:54] [Server thread/INFO]: [@: Killed 2 entities]
[21:44:54] [Server thread/INFO]: [@: Killed Magma Cube]
[21:44:55] [Server thread/INFO]: [@: Killed 4 entities]
[21:44:56] [Server thread/INFO]: [@: Killed 10 entities]
[21:44:57] [Server thread/INFO]: [@: Killed Piglin]
[21:44:57] [Server thread/INFO]: [@: Killed Magma Cube]
[21:44:58] [Server thread/INFO]: [@: Killed 3 entities]
[21:45:01] [Server thread/INFO]: [@: Killed 2 entities]
[21:45:02] [Server thread/INFO]: [@: Killed 4 entities]
[21:45:03] [Server thread/INFO]: [@: Killed 6 entities]
[21:45:04] [Server thread/INFO]: [@: Killed Piglin]
[21:45:07] [Server thread/INFO]: [@: Killed Magma Cube]
[21:45:08] [Server thread/INFO]: [@: Killed 4 entities]
[21:45:09] [Server thread/INFO]: [@: Killed 12 entities]
[21:45:11] [Server thread/INFO]: [@: Killed Piglin]
[21:45:12] [Server thread/INFO]: [@: Killed 2 entities]
[21:45:25] [Server thread/INFO]: [@: Killed 4 entities]
[21:45:32] [Server thread/INFO]: [@: Killed Piglin]
[21:45:33] [Server thread/INFO]: [@: Killed 4 entities]
[21:45:38] [Server thread/INFO]: [@: Killed 3 entities]
[21:45:39] [Server thread/INFO]: [@: Killed 2 entities]
[21:45:40] [Server thread/INFO]: [@: Killed 3 entities]
[21:45:40] [Server thread/INFO]: [@: Killed 3 entities]
[21:45:46] [Server thread/INFO]: [@: Killed 2 entities]
[21:45:47] [Server thread/INFO]: [@: Killed 6 entities]
[21:45:48] [Server thread/INFO]: [@: Killed 9 entities]
[21:45:57] [Server thread/INFO]: [@: Killed 2 entities]
[21:45:58] [Server thread/INFO]: [@: Killed Piglin]
[21:45:58] [Server thread/INFO]: [@: Killed Magma Cube]
[21:45:59] [Server thread/INFO]: [@: Killed 2 entities]
[21:46:00] [Server thread/INFO]: [@: Killed 6 entities]
[21:46:04] [Server thread/INFO]: [@: Killed 2 entities]
[21:46:04] [Server thread/INFO]: [@: Killed Magma Cube]
[21:46:05] [Server thread/INFO]: [@: Killed 3 entities]
[21:46:06] [Server thread/INFO]: [@: Killed 4 entities]
[21:46:12] [Server thread/INFO]: [@: Killed Piglin]
[21:46:15] [Server thread/INFO]: [@: Killed Piglin]
[21:46:15] [Server thread/INFO]: [@: Killed 2 entities]
[21:46:17] [Server thread/INFO]: [@: Killed Piglin]
[21:46:18] [Server thread/INFO]: [@: Killed 2 entities]
[21:46:28] [Server thread/INFO]: [@: Killed Piglin]
[21:46:31] [Server thread/INFO]: [@: Killed Piglin]
[21:46:43] [Server thread/INFO]: [@: Killed Magma Cube]
[21:46:44] [Server thread/INFO]: [@: Killed 4 entities]
[21:46:45] [Server thread/INFO]: [@: Killed 2 entities]
[21:46:57] [Server thread/INFO]: [@: Killed Ghast]
[21:47:00] [Server thread/INFO]: [@: Killed 2 entities]
[21:47:01] [Server thread/INFO]: [@: Killed Piglin]
[21:47:03] [Server thread/INFO]: [@: Killed 2 entities]
[21:47:04] [Server thread/INFO]: [@: Killed 3 entities]
[21:47:05] [Server thread/INFO]: [@: Killed 2 entities]
[21:47:06] [Server thread/INFO]: [@: Killed Ghast]
[21:47:06] [Server thread/INFO]: [@: Killed 2 entities]
[21:47:07] [Server thread/INFO]: [@: Killed 8 entities]
[21:47:35] [Server thread/INFO]: [@: Killed Piglin]
[21:47:36] [Server thread/INFO]: [@: Killed Ghast]
[21:47:36] [Server thread/INFO]: [@: Killed Piglin]
[21:47:37] [Server thread/INFO]: [@: Killed Piglin]
[21:47:54] [Server thread/INFO]: [@: Killed Piglin]
[21:48:00] [Server thread/INFO]: [@: Killed 2 entities]
[21:48:16] [Server thread/INFO]: [@: Killed 2 entities]
[21:48:23] [Server thread/INFO]: [@: Killed Piglin]
[21:48:24] [Server thread/INFO]: [@: Killed Piglin]
[21:48:33] [Server thread/INFO]: [@: Killed Ghast]
[21:48:33] [Server thread/INFO]: [@: Killed Piglin]
[21:48:35] [Server thread/INFO]: [@: Killed Piglin]
[21:48:43] [Server thread/INFO]: [@: Killed 2 entities]
[21:48:48] [Server thread/INFO]: [@: Killed Magma Cube]
[21:48:48] [Server thread/INFO]: [@: Killed Ghast]
[21:48:49] [Server thread/INFO]: [@: Killed 2 entities]
[21:48:50] [Server thread/INFO]: [@: Killed Piglin]
[21:48:57] [Server thread/INFO]: [@: Killed 3 entities]
[21:48:58] [Server thread/INFO]: [@: Killed 2 entities]
[21:48:59] [Server thread/INFO]: [@: Killed Piglin]
[21:48:59] [Server thread/INFO]: [@: Killed Ghast]
[21:49:06] [Server thread/INFO]: [@: Killed Piglin]
[21:49:22] [Server thread/INFO]: [@: Killed Piglin]
[21:49:22] [Server thread/INFO]: [@: Killed Piglin]
[21:49:23] [Server thread/INFO]: [@: Killed Piglin]
[21:49:24] [Server thread/INFO]: [@: Killed 4 entities]
[21:49:30] [Server thread/INFO]: [@: Killed Piglin]
[21:49:31] [Server thread/INFO]: [@: Killed Piglin]
[21:49:32] [Server thread/INFO]: [@: Killed Piglin]
[21:49:36] [Server thread/INFO]: [@: Killed 2 entities]
[21:49:37] [Server thread/INFO]: [@: Killed 2 entities]
[21:49:40] [Server thread/INFO]: [@: Killed 2 entities]
[21:49:41] [Server thread/INFO]: [@: Killed 4 entities]
[21:49:42] [Server thread/INFO]: [@: Killed 9 entities]
[21:49:43] [Server thread/INFO]: [@: Killed Piglin]
[21:49:46] [Server thread/INFO]: [@: Killed Piglin]
[21:49:52] [Server thread/INFO]: [@: Killed Piglin]
[21:49:58] [Server thread/INFO]: [@: Killed Magma Cube]
[21:49:59] [Server thread/INFO]: [@: Killed 3 entities]
[21:50:00] [Server thread/INFO]: [@: Killed 2 entities]
[21:50:08] [Server thread/INFO]: [@: Killed Piglin]
[21:50:12] [Server thread/INFO]: [@: Killed Piglin]
[21:50:16] [Server thread/INFO]: [@: Killed Piglin]
[21:50:20] [Server thread/INFO]: [@: Killed Piglin]
[21:50:21] [Server thread/INFO]: [@: Killed Piglin]
[21:50:32] [Server thread/INFO]: [@: Killed Piglin]
[21:50:37] [Server thread/INFO]: [@: Killed Magma Cube]
[21:50:38] [Server thread/INFO]: [@: Killed 4 entities]
[21:50:39] [Server thread/INFO]: [@: Killed 11 entities]
[21:50:57] [Server thread/INFO]: [@: Killed 2 entities]
[21:51:00] [Server thread/INFO]: [@: Killed 2 entities]
[21:51:01] [Server thread/INFO]: [@: Killed Piglin]
[21:51:02] [Server thread/INFO]: [@: Killed 2 entities]
[21:51:08] [Server thread/INFO]: [@: Killed Piglin]
[21:51:25] [Server thread/INFO]: [@: Killed 2 entities]
[21:51:28] [Server thread/INFO]: [@: Killed Ghast]
[21:51:29] [Server thread/INFO]: [@: Killed 2 entities]
[21:51:31] [Server thread/INFO]: [@: Killed 2 entities]
[21:51:34] [Server thread/INFO]: [@: Killed Piglin]
[21:51:35] [Server thread/INFO]: [@: Killed Ghast]
[21:51:41] [Server thread/INFO]: [@: Killed Ghast]
[21:51:43] [Server thread/INFO]: [@: Killed Magma Cube]
[21:51:44] [Server thread/INFO]: [@: Killed Magma Cube]
[21:51:45] [Server thread/INFO]: [@: Killed 4 entities]
[21:51:57] [Server thread/INFO]: [@: Killed Piglin]
[21:51:59] [Server thread/INFO]: [@: Killed Ghast]
[21:52:00] [Server thread/INFO]: [@: Killed 2 entities]
[21:52:01] [Server thread/INFO]: [@: Killed Piglin]
[21:52:01] [Server thread/INFO]: [@: Killed Piglin]
[21:52:02] [Server thread/INFO]: [@: Killed 5 entities]
[21:52:03] [Server thread/INFO]: [@: Killed Piglin]
[21:52:04] [Server thread/INFO]: [@: Killed 3 entities]
[21:52:22] [Server thread/INFO]: [@: Killed 3 entities]
[21:52:34] [Server thread/INFO]: [@: Killed Piglin]
[21:52:49] [Server thread/INFO]: [@: Killed Piglin]
[21:52:50] [Server thread/INFO]: [@: Killed Piglin]
[21:52:51] [Server thread/INFO]: [@: Killed 2 entities]
[21:52:51] [Server thread/INFO]: [@: Killed Magma Cube]
[21:52:54] [Server thread/INFO]: [@: Killed 2 entities]
[21:52:55] [Server thread/INFO]: [@: Killed Ghast]
[21:52:58] [Server thread/INFO]: [@: Killed 4 entities]
[21:53:04] [Server thread/INFO]: [@: Killed Piglin]
[21:53:26] [Server thread/INFO]: [@: Killed 2 entities]
[21:53:27] [Server thread/INFO]: [@: Killed Piglin]
[21:53:45] [Server thread/INFO]: [@: Killed 2 entities]
[21:53:47] [Server thread/INFO]: [@: Killed 2 entities]
[21:53:47] [Server thread/INFO]: [@: Killed Magma Cube]
[21:53:48] [Server thread/INFO]: [@: Killed 3 entities]
[21:53:49] [Server thread/INFO]: [@: Killed 6 entities]
[21:53:50] [Server thread/INFO]: [@: Killed 3 entities]
[21:53:55] [Server thread/INFO]: [@: Killed Piglin]
[21:54:01] [Server thread/INFO]: [@: Killed Piglin]
[21:54:01] [Server thread/INFO]: [@: Killed Piglin]
[21:54:02] [Server thread/INFO]: [@: Killed 2 entities]
[21:54:03] [Server thread/INFO]: [@: Killed 2 entities]
[21:54:04] [Server thread/INFO]: [@: Killed Piglin]
[21:54:08] [Server thread/INFO]: [@: Killed Piglin]
[21:54:12] [Server thread/INFO]: [@: Killed 2 entities]
[21:54:18] [Server thread/INFO]: [@: Killed 3 entities]
[21:54:33] [Server thread/INFO]: [@: Killed 4 entities]
[21:54:34] [Server thread/INFO]: [@: Killed Piglin]
[21:54:36] [Server thread/INFO]: [@: Killed 2 entities]
[21:54:37] [Server thread/INFO]: [@: Killed 2 entities]
[21:54:53] [Server thread/INFO]: [@: Killed Piglin]
[21:54:59] [Server thread/INFO]: [@: Killed 3 entities]
[21:55:01] [Server thread/INFO]: [@: Killed Piglin]
[21:55:01] [Server thread/INFO]: [@: Killed Piglin]
[21:55:03] [Server thread/INFO]: [@: Killed 2 entities]
[21:55:06] [Server thread/INFO]: [@: Killed 4 entities]
[21:55:15] [Server thread/INFO]: [@: Killed Magma Cube]
[21:55:16] [Server thread/INFO]: [@: Killed 2 entities]
[21:55:17] [Server thread/INFO]: [@: Killed Piglin]
[21:55:19] [Server thread/INFO]: [@: Killed Piglin]
[21:55:26] [Server thread/INFO]: [@: Killed Piglin]
[21:55:30] [Server thread/INFO]: [@: Killed Ghast]
[21:55:30] [Server thread/INFO]: [@: Killed 2 entities]
[21:55:31] [Server thread/INFO]: [@: Killed 2 entities]
[21:55:32] [Server thread/INFO]: [@: Killed Piglin]
[21:55:38] [Server thread/INFO]: [@: Killed Piglin]
[21:55:43] [Server thread/INFO]: [@: Killed Piglin]
[21:55:44] [Server thread/INFO]: [@: Killed 2 entities]
[21:55:55] [Server thread/INFO]: [@: Killed Piglin]
[21:56:07] [Server thread/INFO]: [@: Killed 3 entities]
[21:56:08] [Server thread/INFO]: [@: Killed 2 entities]
[21:56:12] [Server thread/INFO]: [@: Killed 4 entities]
[21:56:13] [Server thread/INFO]: [@: Killed Piglin]
[21:56:18] [Server thread/INFO]: [@: Killed Piglin]
[21:56:24] [Server thread/INFO]: [@: Killed Piglin]
[21:56:25] [Server thread/INFO]: [@: Killed 4 entities]
[21:56:32] [Server thread/INFO]: [@: Killed Piglin]
[21:56:40] [Server thread/INFO]: [@: Killed Piglin]
[21:56:41] [Server thread/INFO]: [@: Killed Piglin]
[21:56:48] [Server thread/INFO]: [@: Killed Piglin]
[21:56:49] [Server thread/INFO]: [@: Killed Piglin]
[21:56:50] [Server thread/INFO]: [@: Killed 3 entities]
[21:57:02] [Server thread/INFO]: [@: Killed 4 entities]
[21:57:03] [Server thread/INFO]: [@: Killed Piglin]
[21:57:05] [Server thread/INFO]: [@: Killed 3 entities]
[21:57:08] [Server thread/INFO]: [@: Killed 2 entities]
[21:57:13] [Server thread/INFO]: [@: Killed 2 entities]
[21:57:14] [Server thread/INFO]: [@: Killed Piglin]
[21:57:14] [Server thread/INFO]: [@: Killed Magma Cube]
[21:57:15] [Server thread/INFO]: [@: Killed 4 entities]
[21:57:16] [Server thread/INFO]: [@: Killed 12 entities]
[21:57:18] [Server thread/INFO]: [@: Killed 2 entities]
[21:57:18] [Server thread/INFO]: [@: Killed Piglin]
[21:57:20] [Server thread/INFO]: [@: Killed 2 entities]
[21:57:21] [Server thread/INFO]: [@: Killed Piglin]
[21:57:25] [Server thread/INFO]: [@: Killed Piglin]
[21:57:26] [Server thread/INFO]: [@: Killed Piglin]
[21:57:31] [Server thread/INFO]: [@: Killed Piglin]
[21:57:32] [Server thread/INFO]: [@: Killed Piglin]
[21:57:33] [Server thread/INFO]: [@: Killed 2 entities]
[21:57:35] [Server thread/INFO]: [@: Killed Piglin]
[21:57:37] [Server thread/INFO]: [@: Killed 2 entities]
[21:57:38] [Server thread/INFO]: [@: Killed Piglin]
[21:57:38] [Server thread/INFO]: [@: Killed 2 entities]
[21:57:45] [Server thread/INFO]: [@: Killed Piglin]
[21:57:52] [Server thread/INFO]: [@: Killed Magma Cube]
[21:58:08] [Server thread/INFO]: [@: Killed Piglin]
[21:58:12] [Server thread/INFO]: [@: Killed 2 entities]
[21:58:14] [Server thread/INFO]: [@: Killed Piglin]
[21:58:27] [Server thread/INFO]: [@: Killed Piglin]
[21:58:30] [Server thread/INFO]: [@: Killed Piglin]
[21:58:32] [Server thread/INFO]: [@: Killed 2 entities]
[21:58:33] [Server thread/INFO]: [@: Killed Piglin]
[21:58:35] [Server thread/INFO]: [@: Killed Piglin]
[21:58:44] [Server thread/INFO]: [@: Killed Piglin]
[21:58:44] [Server thread/INFO]: [@: Killed 3 entities]
[21:58:45] [Server thread/INFO]: [@: Killed 4 entities]
[21:58:46] [Server thread/INFO]: [@: Killed 4 entities]
[21:58:47] [Server thread/INFO]: [@: Killed 2 entities]
[21:58:53] [Server thread/INFO]: [@: Killed Piglin]
[21:58:56] [Server thread/INFO]: [@: Killed 2 entities]
[21:59:00] [Server thread/INFO]: [@: Killed 2 entities]
[21:59:01] [Server thread/INFO]: [@: Killed Piglin]
[21:59:16] [Server thread/INFO]: [@: Killed Magma Cube]
[21:59:17] [Server thread/INFO]: [@: Killed 3 entities]
[21:59:18] [Server thread/INFO]: [@: Killed 2 entities]
[21:59:21] [Server thread/INFO]: [@: Killed Piglin]
[21:59:22] [Server thread/INFO]: [@: Killed 2 entities]
[21:59:26] [Server thread/INFO]: [@: Killed 2 entities]
[21:59:27] [Server thread/INFO]: [@: Killed Piglin]
[21:59:32] [Server thread/INFO]: [@: Killed Piglin]
[21:59:38] [Server thread/INFO]: [@: Killed 3 entities]
[21:59:42] [Server thread/INFO]: [@: Killed 2 entities]
[21:59:45] [Server thread/INFO]: [@: Killed Piglin]
[21:59:48] [Server thread/INFO]: [@: Killed Piglin]
[21:59:57] [Server thread/INFO]: [@: Killed 3 entities]
[21:59:59] [Server thread/INFO]: [@: Killed 2 entities]
[22:00:00] [Server thread/INFO]: [@: Killed Piglin]
[22:00:04] [Server thread/INFO]: [@: Killed Piglin]
[22:00:06] [Server thread/INFO]: [@: Killed 3 entities]
[22:00:10] [Server thread/INFO]: [@: Killed Piglin]
[22:00:20] [Server thread/INFO]: [@: Killed Piglin]
[22:00:23] [Server thread/INFO]: [@: Killed 2 entities]
[22:00:25] [Server thread/INFO]: [@: Killed Piglin]
[22:00:32] [Server thread/INFO]: BC_U lost connection: Disconnected
[22:00:32] [Server thread/INFO]: BC_U left the game
[22:00:47] [Server thread/INFO]: Stopping the server
[22:00:47] [Server thread/INFO]: [Scalable] Server stopping ...
[22:00:47] [Server thread/INFO]: Stopping server
[22:00:47] [Server thread/INFO]: Saving players
[22:00:47] [Server thread/INFO]: Saving worlds
[22:00:47] [Server thread/INFO]: Saving chunks for level 'ServerLevel[world]'/minecraft:overworld
[22:00:47] [Server thread/INFO]: Saving chunks for level 'ServerLevel[world]'/minecraft:the_end
[22:00:47] [Server thread/INFO]: Saving chunks for level 'ServerLevel[world]'/minecraft:the_nether
[22:00:47] [Server thread/INFO]: ThreadedAnvilChunkStorage (world): All chunks are saved
[22:00:47] [Server thread/INFO]: ThreadedAnvilChunkStorage (DIM1): All chunks are saved
[22:00:47] [Server thread/INFO]: ThreadedAnvilChunkStorage (DIM-1): All chunks are saved
[22:00:47] [Server thread/INFO]: ThreadedAnvilChunkStorage: All dimensions are saved
