[14:48:26] [main/INFO]: Loading Minecraft 1.21.11 with Fabric Loader 0.19.3
[14:48:26] [main/INFO]: Loading 45 mods:
[14:48:26] [main/INFO]: - fabric-api 0.141.4+1.21.11
[14:48:26] [main/INFO]: |-- fabric-api-base 1.0.5+4ebb5c083e
[14:48:26] [main/INFO]: |-- fabric-api-lookup-api-v1 1.6.114+20dc27073e
[14:48:26] [main/INFO]: |-- fabric-biome-api-v1 17.1.1+4fc5413f3e
[14:48:26] [main/INFO]: |-- fabric-block-api-v1 1.1.10+4ebb5c083e
[14:48:26] [main/INFO]: |-- fabric-block-view-api-v2 1.0.39+4ebb5c083e
[14:48:26] [main/INFO]: |-- fabric-command-api-v2 2.4.7+6b42a6003e
[14:48:26] [main/INFO]: |-- fabric-content-registries-v0 10.2.14+4fc5413f3e
[14:48:26] [main/INFO]: |-- fabric-convention-tags-v1 2.1.55+7f945d5b3e
[14:48:26] [main/INFO]: |-- fabric-convention-tags-v2 2.17.3+8ef948ba3e
[14:48:26] [main/INFO]: |-- fabric-crash-report-info-v1 0.3.23+4ebb5c083e
[14:48:26] [main/INFO]: |-- fabric-data-attachment-api-v1 1.8.48+eed0806f3e
[14:48:26] [main/INFO]: |-- fabric-data-generation-api-v1 23.4.1+69974c4e3e
[14:48:26] [main/INFO]: |-- fabric-dimensions-v1 4.0.28+4fc5413f3e
[14:48:26] [main/INFO]: |-- fabric-entity-events-v1 3.1.1+1d0ab4303e
[14:48:26] [main/INFO]: |-- fabric-events-interaction-v0 4.1.1+3b89ecf63e
[14:48:26] [main/INFO]: |-- fabric-game-rule-api-v1 2.0.3+4fc5413f3e
[14:48:26] [main/INFO]: |-- fabric-item-api-v1 11.5.20+d0c46b9e3e
[14:48:26] [main/INFO]: |-- fabric-item-group-api-v1 4.2.36+4fc5413f3e
[14:48:26] [main/INFO]: |-- fabric-key-binding-api-v1 1.1.7+4fc5413f3e
[14:48:26] [main/INFO]: |-- fabric-lifecycle-events-v1 2.6.15+4ebb5c083e
[14:48:26] [main/INFO]: |-- fabric-loot-api-v2 3.0.73+3f89f5a53e
[14:48:26] [main/INFO]: |-- fabric-loot-api-v3 2.0.20+78c8b4663e
[14:48:26] [main/INFO]: |-- fabric-message-api-v1 6.1.12+4ebb5c083e
[14:48:26] [main/INFO]: |-- fabric-model-loading-api-v1 6.0.15+4fc5413f3e
[14:48:26] [main/INFO]: |-- fabric-networking-api-v1 5.1.6+6b6d71a53e
[14:48:26] [main/INFO]: |-- fabric-object-builder-api-v1 21.1.40+4fc5413f3e
[14:48:26] [main/INFO]: |-- fabric-particles-v1 4.2.12+4fc5413f3e
[14:48:26] [main/INFO]: |-- fabric-recipe-api-v1 8.2.4+4ebb5c083e
[14:48:26] [main/INFO]: |-- fabric-registry-sync-v0 6.2.6+1718722b3e
[14:48:26] [main/INFO]: |-- fabric-renderer-api-v1 8.0.3+f4ffd2e53e
[14:48:26] [main/INFO]: |-- fabric-renderer-indigo 5.0.3+f4ffd2e53e
[14:48:26] [main/INFO]: |-- fabric-rendering-fluids-v1 3.1.43+4ebb5c083e
[14:48:26] [main/INFO]: |-- fabric-rendering-v1 16.2.10+0290ad933e
[14:48:26] [main/INFO]: |-- fabric-resource-conditions-api-v1 5.0.35+4fc5413f3e
[14:48:26] [main/INFO]: |-- fabric-resource-loader-v0 3.3.4+4fc5413f3e
[14:48:26] [main/INFO]: |-- fabric-resource-loader-v1 1.0.10+78c8b4663e
[14:48:26] [main/INFO]: |-- fabric-screen-api-v1 3.1.7+4ebb5c083e
[14:48:26] [main/INFO]: |-- fabric-screen-handler-api-v1 1.3.162+4fc5413f3e
[14:48:26] [main/INFO]: |-- fabric-serialization-api-v1 1.0.5+4ebb5c083e
[14:48:26] [main/INFO]: |-- fabric-sound-api-v1 1.0.51+4fc5413f3e
[14:48:26] [main/INFO]: |-- fabric-tag-api-v1 1.2.20+4fc5413f3e
[14:48:26] [main/INFO]: |-- fabric-transfer-api-v1 6.0.25+4fc5413f3e
[14:48:26] [main/INFO]: \-- fabric-transitive-access-wideners-v1 7.1.0+014c8cec3e
[14:48:26] [main/INFO]: - fabricloader 0.19.3
[14:48:26] [main/INFO]: \-- mixinextras 0.5.4
[14:48:26] [main/INFO]: - ferritecore 8.2.0
[14:48:26] [main/INFO]: - java 21
[14:48:26] [main/INFO]: - jei 27.17.0.50
[14:48:26] [main/INFO]: - lithium 0.21.4+mc1.21.11
[14:48:26] [main/INFO]: - minecraft 1.21.11
[14:48:26] [main/INFO]: - scalable 1.0.0
[14:48:26] [main/INFO]: SpongePowered MIXIN Subsystem Version=0.8.7 Source=file:/D:/Minecraft_Server/libraries/net/fabricmc/sponge-mixin/0.17.3+mixin.0.8.7/sponge-mixin-0.17.3+mixin.0.8.7.jar Service=Knot/Fabric Env=SERVER
[14:48:26] [main/INFO]: Compatibility level set to JAVA_21
[14:48:26] [main/INFO]: Loaded configuration file for Lithium: 171 options available, 0 override(s) found.
[14:48:27] [main/WARN]: Error loading class: de/siphalor/amecs/key_modifiers/impl/AmecsKeyModifiersEarlyInit (java.lang.ClassNotFoundException: de/siphalor/amecs/key_modifiers/impl/AmecsKeyModifiersEarlyInit)
[14:48:27] [main/WARN]: @Mixin target de.siphalor.amecs.key_modifiers.impl.AmecsKeyModifiersEarlyInit was not found jei.mixins.json:AmecsKeyModifiersEarlyInitMixin from mod jei
[14:48:27] [main/INFO]: Initializing MixinExtras via com.llamalad7.mixinextras.service.MixinExtrasServiceImpl(version=0.5.4).
[14:48:32] [main/INFO]: [Scalable] Initializing ...
[14:48:33] [main/INFO]: Environment: Environment[sessionHost=http://127.0.0.1:14764/https/sessionserver.mojang.com, servicesHost=http://127.0.0.1:14764/https/api.minecraftservices.com, profilesHost=http://127.0.0.1:14764/https/api.mojang.com, name=PROD]
[14:48:34] [main/INFO]: Loaded 1470 recipes
[14:48:34] [main/INFO]: Loaded 1584 advancements
[14:48:34] [main/INFO]: Applied 0 biome modifications to 0 of 65 new biomes in 3.744 ms
[14:48:34] [Server thread/INFO]: Starting minecraft server version 1.21.11
[14:48:34] [Server thread/INFO]: Loading properties
[14:48:34] [Server thread/INFO]: Default game type: SURVIVAL
[14:48:34] [Server thread/INFO]: Generating keypair
[14:48:34] [Server thread/INFO]: Starting Minecraft server on *:25565
[14:48:34] [Server thread/INFO]: Preparing level "world"
[14:48:35] [Server thread/INFO]: Loading 50 persistent chunks...
[14:48:35] [Server thread/INFO]: Preparing spawn area: 16%
[14:48:35] [Server thread/INFO]: Preparing spawn area: 16%
[14:48:36] [Server thread/INFO]: Preparing spawn area: 60%
[14:48:36] [Server thread/INFO]: Time elapsed: 1005 ms
[14:48:36] [Server thread/INFO]: Done (1.443s)! For help, type "help"
[14:49:36] [Server thread/INFO]: Server empty for 60 seconds, pausing
[15:06:30] [User Authenticator #1/INFO]: UUID of player BC_U is 0b27b59c-c397-4fb7-bb5e-ebf0740bbbfe
[15:06:31] [Server thread/INFO]: BC_U[/127.0.0.1:9380] logged in with entity id 49 at (-10.450457841906635, 7.0, 120.31155849779303)
[15:06:32] [Server thread/INFO]: BC_U joined the game
[15:06:32] [Server thread/INFO]: [@: Killed 3 entities]
[15:06:32] [Server thread/INFO]: [@: Killed Piglin]
[15:07:00] [Server thread/INFO]: [@: Killed Piglin]
[15:07:01] [Server thread/INFO]: [@: Killed Piglin]
[15:07:01] [Server thread/INFO]: [@: Killed 2 entities]
[15:07:01] [Server thread/INFO]: [@: Killed 2 entities]
[15:07:04] [Server thread/INFO]: [@: Killed Piglin]
[15:07:04] [Server thread/INFO]: [@: Killed Piglin]
[15:07:05] [Server thread/INFO]: [@: Killed Piglin]
[15:07:09] [Server thread/INFO]: [@: Killed Piglin]
[15:07:09] [Server thread/INFO]: [@: Killed 2 entities]
[15:07:10] [Server thread/INFO]: [@: Killed Piglin]
[15:07:10] [Server thread/INFO]: [@: Killed 3 entities]
[15:07:12] [Server thread/INFO]: [@: Killed 2 entities]
[15:07:21] [Server thread/INFO]: [@: Killed Piglin]
[15:07:29] [Server thread/INFO]: [@: Killed 2 entities]
[15:07:30] [Server thread/INFO]: [@: Killed Piglin]
[15:07:34] [Server thread/INFO]: [@: Killed 3 entities]
[15:07:36] [Server thread/INFO]: [@: Killed Piglin]
[15:07:44] [Server thread/INFO]: [@: Killed Piglin]
[15:07:51] [Server thread/INFO]: [@: Killed Piglin]
[15:07:52] [Server thread/INFO]: [@: Killed Piglin]
[15:07:58] [Server thread/INFO]: [@: Killed 2 entities]
[15:07:59] [Server thread/INFO]: [@: Killed 2 entities]
[15:08:00] [Server thread/INFO]: [@: Killed Piglin]
[15:08:00] [Server thread/INFO]: [@: Killed Piglin]
[15:08:00] [Server thread/INFO]: [@: Killed Piglin]
[15:08:03] [Server thread/INFO]: [@: Killed 4 entities]
[15:08:18] [Server thread/INFO]: [@: Killed Piglin]
[15:08:24] [Server thread/INFO]: [@: Killed Piglin]
[15:08:33] [Server thread/INFO]: [@: Killed Piglin]
[15:08:34] [Server thread/INFO]: [@: Killed Piglin]
[15:08:35] [Server thread/INFO]: [@: Killed Piglin]
[15:08:36] [Server thread/INFO]: [@: Killed 3 entities]
[15:08:48] [Server thread/INFO]: [@: Killed Piglin]
[15:08:52] [Server thread/INFO]: [@: Killed Piglin]
[15:09:01] [Server thread/INFO]: [@: Killed 2 entities]
[15:09:10] [Server thread/INFO]: [@: Killed 2 entities]
[15:09:11] [Server thread/INFO]: [@: Killed Piglin]
[15:09:15] [Server thread/INFO]: [@: Killed 2 entities]
[15:09:16] [Server thread/INFO]: [@: Killed 2 entities]
[15:09:18] [Server thread/INFO]: [@: Killed 2 entities]
[15:09:19] [Server thread/INFO]: [@: Killed Piglin]
[15:09:20] [Server thread/INFO]: [@: Killed 3 entities]
[15:09:21] [Server thread/INFO]: [@: Killed 2 entities]
[15:09:22] [Server thread/INFO]: [@: Killed Piglin]
[15:09:23] [Server thread/INFO]: [@: Killed 3 entities]
[15:09:23] [Server thread/INFO]: [@: Killed Piglin]
[15:09:24] [Server thread/INFO]: [@: Killed Piglin]
[15:09:31] [Server thread/INFO]: [@: Killed Piglin]
[15:09:34] [Server thread/INFO]: [@: Killed Piglin]
[15:09:43] [Server thread/INFO]: [@: Killed 4 entities]
[15:09:44] [Server thread/INFO]: [@: Killed 2 entities]
[15:09:44] [Server thread/INFO]: [@: Killed 2 entities]
[15:09:47] [Server thread/INFO]: [@: Killed Piglin]
[15:09:49] [Server thread/INFO]: [@: Killed Piglin]
[15:09:49] [Server thread/INFO]: [@: Killed Piglin]
[15:09:50] [Server thread/INFO]: [@: Killed 2 entities]
[15:09:55] [Server thread/INFO]: [@: Killed Piglin]
[15:10:01] [Server thread/INFO]: [@: Killed 2 entities]
[15:10:02] [Server thread/INFO]: [@: Killed 2 entities]
[15:10:03] [Server thread/INFO]: [@: Killed 3 entities]
[15:10:11] [Server thread/INFO]: [@: Killed Piglin]
[15:10:13] [Server thread/INFO]: [@: Killed Piglin]
[15:10:16] [Server thread/INFO]: [@: Killed Piglin]
[15:10:29] [Server thread/INFO]: [@: Killed Piglin]
[15:10:31] [Server thread/INFO]: [@: Killed Piglin]
[15:10:32] [Server thread/INFO]: [@: Killed Piglin]
[15:10:33] [Server thread/INFO]: [@: Killed Piglin]
[15:10:34] [Server thread/INFO]: [@: Killed Piglin]
[15:10:35] [Server thread/INFO]: [@: Killed Piglin]
[15:10:41] [Server thread/INFO]: [@: Killed Piglin]
[15:10:49] [Server thread/INFO]: [@: Killed 3 entities]
[15:10:56] [Server thread/INFO]: [@: Killed 2 entities]
[15:11:09] [Server thread/INFO]: [@: Killed Piglin]
[15:11:16] [Server thread/INFO]: [@: Killed Magma Cube]
[15:11:34] [Server thread/INFO]: [@: Killed 4 entities]
[15:11:35] [Server thread/INFO]: [@: Killed 2 entities]
[15:11:38] [Server thread/INFO]: [@: Killed Piglin]
[15:11:45] [Server thread/INFO]: [@: Killed Piglin]
[15:11:46] [Server thread/INFO]: [@: Killed Piglin]
[15:11:48] [Server thread/INFO]: [@: Killed Piglin]
[15:11:54] [Server thread/INFO]: [@: Killed Piglin]
[15:11:55] [Server thread/INFO]: [@: Killed 2 entities]
[15:12:07] [Server thread/INFO]: [@: Killed Piglin]
[15:12:07] [Server thread/INFO]: [@: Killed Piglin]
[15:12:19] [Server thread/INFO]: [@: Killed Piglin]
[15:12:20] [Server thread/INFO]: [@: Killed Piglin]
[15:12:21] [Server thread/INFO]: [@: Killed 3 entities]
[15:12:22] [Server thread/INFO]: [@: Killed 3 entities]
[15:12:26] [Server thread/INFO]: [@: Killed 2 entities]
[15:12:27] [Server thread/INFO]: [@: Killed 3 entities]
[15:12:29] [Server thread/INFO]: [@: Killed 2 entities]
[15:12:35] [Server thread/INFO]: [@: Killed Piglin]
[15:12:36] [Server thread/INFO]: [@: Killed Piglin]
[15:12:37] [Server thread/INFO]: [@: Killed Piglin]
[15:12:44] [Server thread/INFO]: [@: Killed Piglin]
[15:12:45] [Server thread/INFO]: [@: Killed Piglin]
[15:12:50] [Server thread/INFO]: [@: Killed 2 entities]
[15:12:51] [Server thread/INFO]: [@: Killed Piglin]
[15:13:09] [Server thread/INFO]: [@: Killed Piglin]
[15:13:12] [Server thread/INFO]: [@: Killed Piglin]
[15:13:13] [Server thread/INFO]: [@: Killed 2 entities]
[15:13:19] [Server thread/INFO]: [@: Killed Piglin]
[15:13:25] [Server thread/INFO]: [@: Killed 2 entities]
[15:13:26] [Server thread/INFO]: [@: Killed 4 entities]
[15:13:27] [Server thread/INFO]: [@: Killed 2 entities]
[15:13:28] [Server thread/INFO]: [@: Killed Piglin]
[15:13:29] [Server thread/INFO]: [@: Killed Piglin]
[15:13:32] [Server thread/INFO]: [@: Killed Piglin]
[15:13:33] [Server thread/INFO]: [@: Killed Piglin]
[15:13:34] [Server thread/INFO]: [@: Killed Piglin]
[15:13:35] [Server thread/INFO]: [@: Killed 2 entities]
[15:13:37] [Server thread/INFO]: [@: Killed Piglin]
[15:13:38] [Server thread/INFO]: [@: Killed 2 entities]
[15:13:39] [Server thread/INFO]: [@: Killed Piglin]
[15:13:41] [Server thread/INFO]: [@: Killed Piglin]
[15:13:51] [Server thread/INFO]: [@: Killed Piglin]
[15:13:51] [Server thread/INFO]: [@: Killed 3 entities]
[15:13:52] [Server thread/INFO]: [@: Killed Piglin]
[15:13:52] [Server thread/INFO]: [@: Killed 3 entities]
[15:13:54] [Server thread/INFO]: [@: Killed 2 entities]
[15:13:55] [Server thread/INFO]: [@: Killed 2 entities]
[15:13:58] [Server thread/INFO]: [@: Killed Piglin]
[15:14:01] [Server thread/INFO]: [@: Killed Piglin]
[15:14:19] [Server thread/INFO]: [@: Killed 2 entities]
[15:14:29] [Server thread/INFO]: [@: Killed Piglin]
[15:14:35] [Server thread/INFO]: [@: Killed Piglin]
[15:14:35] [Server thread/INFO]: [@: Killed Piglin]
[15:14:36] [Server thread/INFO]: [@: Killed 2 entities]
[15:14:39] [Server thread/INFO]: [@: Killed 2 entities]
[15:14:40] [Server thread/INFO]: [@: Killed Piglin]
[15:14:40] [Server thread/INFO]: [@: Killed Piglin]
[15:14:41] [Server thread/INFO]: [@: Killed Piglin]
[15:14:42] [Server thread/INFO]: [@: Killed 3 entities]
[15:14:46] [Server thread/INFO]: [@: Killed Piglin]
[15:14:47] [Server thread/INFO]: [@: Killed 2 entities]
[15:14:47] [Server thread/INFO]: [@: Killed Piglin]
[15:14:48] [Server thread/INFO]: [@: Killed 2 entities]
[15:14:49] [Server thread/INFO]: [@: Killed 3 entities]
[15:14:59] [Server thread/INFO]: [@: Killed 3 entities]
[15:15:00] [Server thread/INFO]: [@: Killed 4 entities]
[15:15:06] [Server thread/INFO]: [@: Killed Piglin]
[15:15:07] [Server thread/INFO]: [@: Killed 2 entities]
[15:15:09] [Server thread/INFO]: [@: Killed 3 entities]
[15:15:10] [Server thread/INFO]: [@: Killed Piglin]
[15:15:17] [Server thread/INFO]: [@: Killed Piglin]
[15:15:18] [Server thread/INFO]: [@: Killed Ghast]
[15:15:25] [Server thread/INFO]: [@: Killed Piglin]
[15:15:27] [Server thread/INFO]: [@: Killed 3 entities]
[15:15:28] [Server thread/INFO]: [@: Killed 3 entities]
[15:15:30] [Server thread/INFO]: [@: Killed Piglin]
[15:15:38] [Server thread/INFO]: [@: Killed 2 entities]
[15:15:41] [Server thread/INFO]: [@: Killed 2 entities]
[15:15:49] [Server thread/INFO]: [@: Killed 4 entities]
[15:15:51] [Server thread/INFO]: [@: Killed Piglin]
[15:15:56] [Server thread/INFO]: [@: Killed 3 entities]
[15:15:57] [Server thread/INFO]: [@: Killed Piglin]
[15:15:58] [Server thread/INFO]: [@: Killed Piglin]
[15:16:09] [Server thread/INFO]: [@: Killed 2 entities]
[15:16:15] [Server thread/INFO]: [@: Killed Piglin]
[15:16:18] [Server thread/INFO]: [@: Killed 3 entities]
[15:16:19] [Server thread/INFO]: [@: Killed 2 entities]
[15:16:20] [Server thread/INFO]: [@: Killed Piglin]
[15:16:20] [Server thread/INFO]: [@: Killed Piglin]
[15:16:24] [Server thread/INFO]: [@: Killed Piglin]
[15:16:25] [Server thread/INFO]: [@: Killed Piglin]
[15:16:28] [Server thread/INFO]: [@: Killed Piglin]
[15:16:29] [Server thread/INFO]: [@: Killed Piglin]
[15:16:31] [Server thread/INFO]: [@: Killed 2 entities]
[15:16:32] [Server thread/INFO]: [@: Killed 3 entities]
[15:16:33] [Server thread/INFO]: [@: Killed 2 entities]
[15:16:37] [Server thread/INFO]: [@: Killed Piglin]
[15:16:39] [Server thread/INFO]: [@: Killed 2 entities]
[15:16:43] [Server thread/INFO]: [@: Killed 3 entities]
[15:16:45] [Server thread/INFO]: [@: Killed 9 entities]
[15:16:45] [Server thread/INFO]: [@: Killed 11 entities]
[15:16:47] [Server thread/INFO]: [@: Killed 2 entities]
[15:16:49] [Server thread/INFO]: [@: Killed 2 entities]
[15:16:50] [Server thread/INFO]: [@: Killed 2 entities]
[15:16:54] [Server thread/INFO]: [@: Killed Piglin]
[15:17:07] [Server thread/INFO]: [@: Killed 2 entities]
[15:17:15] [Server thread/INFO]: [@: Killed 2 entities]
[15:17:17] [Server thread/INFO]: [@: Killed Piglin]
[15:17:20] [Server thread/INFO]: [@: Killed Piglin]
[15:17:25] [Server thread/INFO]: [@: Killed Piglin]
[15:17:33] [Server thread/INFO]: [@: Killed Piglin]
[15:17:39] [Server thread/INFO]: [@: Killed 2 entities]
[15:17:42] [Server thread/INFO]: [@: Killed 2 entities]
[15:17:55] [Server thread/INFO]: [@: Killed Piglin]
[15:17:57] [Server thread/INFO]: [@: Killed 3 entities]
[15:18:19] [Server thread/INFO]: [@: Killed Piglin]
[15:18:20] [Server thread/INFO]: [@: Killed Piglin]
[15:18:27] [Server thread/INFO]: [@: Killed 2 entities]
[15:18:29] [Server thread/INFO]: [@: Killed Piglin]
[15:18:37] [Server thread/INFO]: [@: Killed Ghast]
[15:18:40] [Server thread/INFO]: [@: Killed Piglin]
[15:18:44] [Server thread/INFO]: [@: Killed Piglin]
[15:18:45] [Server thread/INFO]: [@: Killed Piglin]
[15:18:45] [Server thread/INFO]: [@: Killed 2 entities]
[15:18:46] [Server thread/INFO]: [@: Killed 2 entities]
[15:18:47] [Server thread/INFO]: [@: Killed 7 entities]
[15:18:48] [Server thread/INFO]: [@: Killed 9 entities]
[15:18:49] [Server thread/INFO]: [@: Killed Piglin]
[15:18:49] [Server thread/INFO]: [@: Killed Piglin]
[15:18:49] [Server thread/INFO]: [@: Killed Piglin]
[15:19:03] [Server thread/INFO]: [@: Killed 2 entities]
[15:19:11] [Server thread/INFO]: [@: Killed 4 entities]
[15:19:13] [Server thread/INFO]: [@: Killed 4 entities]
[15:19:16] [Server thread/INFO]: [@: Killed Piglin]
[15:19:16] [Server thread/INFO]: [@: Killed Piglin]
[15:19:30] [Server thread/INFO]: [@: Killed Piglin]
[15:19:34] [Server thread/INFO]: [@: Killed Piglin]
[15:19:50] [Server thread/INFO]: [@: Killed Piglin]
[15:19:53] [Server thread/INFO]: [@: Killed Piglin]
[15:19:53] [Server thread/INFO]: [@: Killed 2 entities]
[15:19:54] [Server thread/INFO]: [@: Killed 2 entities]
[15:19:57] [Server thread/INFO]: [@: Killed Piglin]
[15:19:57] [Server thread/INFO]: [@: Killed Piglin]
[15:19:58] [Server thread/INFO]: [@: Killed Piglin]
[15:19:58] [Server thread/INFO]: [@: Killed Piglin]
[15:19:59] [Server thread/INFO]: [@: Killed Piglin]
[15:19:59] [Server thread/INFO]: [@: Killed 2 entities]
[15:20:00] [Server thread/INFO]: [@: Killed Piglin]
[15:20:00] [Server thread/INFO]: [@: Killed Piglin]
[15:20:01] [Server thread/INFO]: [@: Killed Piglin]
[15:20:02] [Server thread/INFO]: [@: Killed 2 entities]
[15:20:05] [Server thread/INFO]: [@: Killed Piglin]
[15:20:05] [Server thread/INFO]: [@: Killed 2 entities]
[15:20:09] [Server thread/INFO]: [@: Killed 3 entities]
[15:20:16] [Server thread/INFO]: [@: Killed Piglin]
[15:20:17] [Server thread/INFO]: [@: Killed Piglin]
[15:20:17] [Server thread/INFO]: [@: Killed 4 entities]
[15:20:24] [Server thread/INFO]: [@: Killed 2 entities]
[15:20:26] [Server thread/INFO]: [@: Killed Piglin]
[15:20:27] [Server thread/INFO]: [@: Killed 2 entities]
[15:20:28] [Server thread/INFO]: [@: Killed 6 entities]
[15:20:29] [Server thread/INFO]: [@: Killed 17 entities]
[15:20:38] [Server thread/INFO]: [@: Killed Piglin]
[15:20:41] [Server thread/INFO]: [@: Killed Piglin]
[15:20:42] [Server thread/INFO]: [@: Killed Piglin]
[15:20:55] [Server thread/INFO]: [@: Killed Magma Cube]
[15:20:56] [Server thread/INFO]: [@: Killed 2 entities]
[15:20:57] [Server thread/INFO]: [@: Killed Piglin]
[15:20:58] [Server thread/INFO]: [@: Killed 2 entities]
[15:21:05] [Server thread/INFO]: [@: Killed 2 entities]
[15:21:10] [Server thread/INFO]: [@: Killed 3 entities]
[15:21:15] [Server thread/INFO]: [@: Killed Piglin]
[15:21:29] [Server thread/INFO]: [@: Killed Piglin]
[15:21:37] [Server thread/INFO]: [@: Killed 2 entities]
[15:21:38] [Server thread/INFO]: [@: Killed Piglin]
[15:21:56] [Server thread/INFO]: [@: Killed 2 entities]
[15:21:57] [Server thread/INFO]: [@: Killed 2 entities]
[15:21:58] [Server thread/INFO]: [@: Killed Piglin]
[15:22:01] [Server thread/INFO]: [@: Killed 2 entities]
[15:22:20] [Server thread/INFO]: [@: Killed Piglin]
[15:22:29] [Server thread/INFO]: [@: Killed Piglin]
[15:22:54] [Server thread/INFO]: [@: Killed 2 entities]
[15:22:55] [Server thread/INFO]: [@: Killed Piglin]
[15:23:00] [Server thread/INFO]: [@: Killed 2 entities]
[15:23:06] [Server thread/INFO]: [@: Killed Piglin]
[15:23:07] [Server thread/INFO]: [@: Killed Piglin]
[15:23:08] [Server thread/INFO]: [@: Killed 4 entities]
[15:23:11] [Server thread/INFO]: [@: Killed 2 entities]
[15:23:22] [Server thread/INFO]: [@: Killed 2 entities]
[15:23:40] [Server thread/INFO]: [@: Killed Piglin]
[15:23:41] [Server thread/INFO]: [@: Killed 2 entities]
[15:23:49] [Server thread/INFO]: [@: Killed Piglin]
[15:23:50] [Server thread/INFO]: [@: Killed Piglin]
[15:23:57] [Server thread/INFO]: [@: Killed Piglin]
[15:23:58] [Server thread/INFO]: [@: Killed 2 entities]
[15:23:58] [Server thread/INFO]: [@: Killed Piglin]
[15:24:06] [Server thread/INFO]: [@: Killed Piglin]
[15:24:08] [Server thread/INFO]: [@: Killed 2 entities]
[15:24:09] [Server thread/INFO]: [@: Killed 2 entities]
[15:24:10] [Server thread/INFO]: [@: Killed 2 entities]
[15:24:12] [Server thread/INFO]: [@: Killed Piglin]
[15:24:13] [Server thread/INFO]: [@: Killed Piglin]
[15:24:18] [Server thread/INFO]: [@: Killed 2 entities]
[15:24:19] [Server thread/INFO]: [@: Killed 2 entities]
[15:24:20] [Server thread/INFO]: [@: Killed Piglin]
[15:24:22] [Server thread/INFO]: [@: Killed Piglin]
[15:24:23] [Server thread/INFO]: [@: Killed Piglin]
[15:24:24] [Server thread/INFO]: [@: Killed Piglin]
[15:24:25] [Server thread/INFO]: [@: Killed 2 entities]
[15:24:26] [Server thread/INFO]: [@: Killed Piglin]
[15:24:31] [Server thread/INFO]: [@: Killed 2 entities]
[15:24:32] [Server thread/INFO]: [@: Killed Piglin]
[15:24:33] [Server thread/INFO]: [@: Killed Piglin]
[15:24:34] [Server thread/INFO]: [@: Killed 2 entities]
[15:24:43] [Server thread/INFO]: [@: Killed 2 entities]
[15:24:46] [Server thread/INFO]: [@: Killed 2 entities]
[15:24:48] [Server thread/INFO]: [@: Killed 2 entities]
[15:24:58] [Server thread/INFO]: [@: Killed 2 entities]
[15:25:05] [Server thread/INFO]: [@: Killed Piglin]
[15:25:08] [Server thread/INFO]: [@: Killed Piglin]
[15:25:11] [Server thread/INFO]: [@: Killed Piglin]
[15:25:19] [Server thread/INFO]: [@: Killed 2 entities]
[15:25:22] [Server thread/INFO]: [@: Killed Piglin]
[15:25:36] [Server thread/INFO]: [@: Killed Piglin]
[15:25:41] [Server thread/INFO]: [@: Killed Piglin]
[15:25:41] [Server thread/INFO]: [@: Killed 2 entities]
[15:25:42] [Server thread/INFO]: [@: Killed Piglin]
[15:25:42] [Server thread/INFO]: [@: Killed 2 entities]
[15:25:43] [Server thread/INFO]: [@: Killed 3 entities]
[15:25:45] [Server thread/INFO]: [@: Killed Piglin]
[15:25:54] [Server thread/INFO]: [@: Killed 2 entities]
[15:25:55] [Server thread/INFO]: [@: Killed Piglin]
[15:26:01] [Server thread/INFO]: [@: Killed Piglin]
[15:26:03] [Server thread/INFO]: [@: Killed 3 entities]
[15:26:06] [Server thread/INFO]: [@: Killed Piglin]
[15:26:08] [Server thread/INFO]: [@: Killed Piglin]
[15:26:12] [Server thread/INFO]: [@: Killed Piglin]
[15:26:13] [Server thread/INFO]: [@: Killed Piglin]
[15:26:25] [Server thread/INFO]: [@: Killed 2 entities]
[15:26:26] [Server thread/INFO]: [@: Killed 2 entities]
[15:26:34] [Server thread/INFO]: [@: Killed 2 entities]
[15:26:41] [Server thread/INFO]: [@: Killed Piglin]
[15:26:45] [Server thread/INFO]: [@: Killed 2 entities]
[15:26:53] [Server thread/INFO]: [@: Killed Ghast]
[15:26:54] [Server thread/INFO]: [@: Killed 4 entities]
[15:26:55] [Server thread/INFO]: [@: Killed Piglin]
[15:26:55] [Server thread/INFO]: [@: Killed Piglin]
[15:26:55] [Server thread/INFO]: [@: Killed Piglin]
[15:26:56] [Server thread/INFO]: [@: Killed Piglin]
[15:26:56] [Server thread/INFO]: [@: Killed Piglin]
[15:27:05] [Server thread/INFO]: [@: Killed Piglin]
[15:27:07] [Server thread/INFO]: [@: Killed 2 entities]
[15:27:17] [Server thread/INFO]: [@: Killed Piglin]
[15:27:18] [Server thread/INFO]: [@: Killed Ghast]
[15:27:23] [Server thread/INFO]: [@: Killed Piglin]
[15:27:27] [Server thread/INFO]: [@: Killed Piglin]
[15:27:27] [Server thread/INFO]: [@: Killed 3 entities]
[15:27:28] [Server thread/INFO]: [@: Killed Ghast]
[15:27:30] [Server thread/INFO]: [@: Killed Piglin]
[15:27:30] [Server thread/INFO]: [@: Killed 3 entities]
[15:27:31] [Server thread/INFO]: [@: Killed Piglin]
[15:27:31] [Server thread/INFO]: [@: Killed 2 entities]
[15:27:32] [Server thread/INFO]: [@: Killed 3 entities]
[15:27:36] [Server thread/INFO]: [@: Killed 2 entities]
[15:27:40] [Server thread/INFO]: [@: Killed 2 entities]
[15:27:44] [Server thread/INFO]: [@: Killed 2 entities]
[15:27:46] [Server thread/INFO]: [@: Killed 3 entities]
[15:27:47] [Server thread/INFO]: [@: Killed Piglin]
[15:27:48] [Server thread/INFO]: [@: Killed 2 entities]
[15:27:52] [Server thread/INFO]: [@: Killed 2 entities]
[15:27:53] [Server thread/INFO]: [@: Killed 2 entities]
[15:28:02] [Server thread/INFO]: [@: Killed Piglin]
[15:28:02] [Server thread/INFO]: [@: Killed 2 entities]
[15:28:03] [Server thread/INFO]: [@: Killed Piglin]
[15:28:08] [Server thread/INFO]: [@: Killed Ghast]
[15:28:10] [Server thread/INFO]: [@: Killed Piglin]
[15:28:11] [Server thread/INFO]: [@: Killed 3 entities]
[15:28:13] [Server thread/INFO]: [@: Killed 3 entities]
[15:28:14] [Server thread/INFO]: [@: Killed Piglin]
[15:28:15] [Server thread/INFO]: [@: Killed 3 entities]
[15:28:16] [Server thread/INFO]: [@: Killed Piglin]
[15:28:21] [Server thread/INFO]: [@: Killed 2 entities]
[15:28:30] [Server thread/INFO]: [@: Killed 2 entities]
[15:28:31] [Server thread/INFO]: [@: Killed 3 entities]
[15:28:32] [Server thread/INFO]: [@: Killed 4 entities]
[15:28:33] [Server thread/INFO]: [@: Killed 2 entities]
[15:28:39] [Server thread/INFO]: [@: Killed Piglin]
[15:28:41] [Server thread/INFO]: [@: Killed Piglin]
[15:28:48] [Server thread/INFO]: [@: Killed 3 entities]
[15:28:50] [Server thread/INFO]: [@: Killed 3 entities]
[15:28:51] [Server thread/INFO]: [@: Killed 2 entities]
[15:28:57] [Server thread/INFO]: [@: Killed 2 entities]
[15:28:58] [Server thread/INFO]: [@: Killed Piglin]
[15:29:09] [Server thread/INFO]: [@: Killed Piglin]
[15:29:15] [Server thread/INFO]: [@: Killed 2 entities]
[15:29:16] [Server thread/INFO]: [@: Killed Piglin]
[15:29:17] [Server thread/INFO]: [@: Killed Piglin]
[15:29:19] [Server thread/INFO]: [@: Killed Piglin]
[15:29:19] [Server thread/INFO]: [@: Killed 2 entities]
[15:29:30] [Server thread/INFO]: [@: Killed 2 entities]
[15:29:35] [Server thread/INFO]: [@: Killed Piglin]
[15:29:46] [Server thread/INFO]: [@: Killed Piglin]
[15:29:52] [Server thread/INFO]: [@: Killed 2 entities]
[15:29:53] [Server thread/INFO]: [@: Killed 2 entities]
[15:29:54] [Server thread/INFO]: [@: Killed Piglin]
[15:29:55] [Server thread/INFO]: [@: Killed Piglin]
[15:29:56] [Server thread/INFO]: [@: Killed Piglin]
[15:30:17] [Server thread/INFO]: [@: Killed 2 entities]
[15:30:29] [Server thread/INFO]: [@: Killed Piglin]
[15:30:30] [Server thread/INFO]: [@: Killed Piglin]
[15:30:32] [Server thread/INFO]: [@: Killed 4 entities]
[15:30:35] [Server thread/INFO]: [@: Killed Piglin]
[15:30:35] [Server thread/INFO]: [@: Killed Piglin]
[15:30:45] [Server thread/INFO]: [@: Killed Piglin]
[15:30:46] [Server thread/INFO]: [@: Killed Piglin]
[15:30:59] [Server thread/INFO]: [@: Killed Piglin]
[15:31:01] [Server thread/INFO]: [@: Killed Piglin]
[15:31:09] [Server thread/INFO]: [@: Killed Piglin]
[15:31:10] [Server thread/INFO]: [@: Killed Piglin]
[15:31:20] [Server thread/INFO]: [@: Killed 2 entities]
[15:31:31] [Server thread/INFO]: [@: Killed Piglin]
[15:31:33] [Server thread/INFO]: [@: Killed 4 entities]
[15:31:34] [Server thread/INFO]: [@: Killed Piglin]
[15:31:37] [Server thread/INFO]: [@: Killed Piglin]
[15:31:40] [Server thread/INFO]: [@: Killed Piglin]
[15:31:44] [Server thread/INFO]: [@: Killed Piglin]
[15:31:54] [Server thread/INFO]: [@: Killed Piglin]
[15:32:01] [Server thread/INFO]: [@: Killed Piglin]
[15:32:02] [Server thread/INFO]: [@: Killed 3 entities]
[15:32:03] [Server thread/INFO]: [@: Killed 2 entities]
[15:32:09] [Server thread/INFO]: [@: Killed Piglin]
[15:32:09] [Server thread/INFO]: [@: Killed 2 entities]
[15:32:10] [Server thread/INFO]: [@: Killed Piglin]
[15:32:12] [Server thread/INFO]: [@: Killed Piglin]
[15:32:13] [Server thread/INFO]: [@: Killed 2 entities]
[15:32:16] [Server thread/INFO]: [@: Killed Piglin]
[15:32:25] [Server thread/INFO]: [@: Killed Piglin]
[15:32:27] [Server thread/INFO]: [@: Killed Piglin]
[15:32:27] [Server thread/INFO]: [@: Killed 2 entities]
[15:32:28] [Server thread/INFO]: [@: Killed 3 entities]
[15:32:33] [Server thread/INFO]: [@: Killed 2 entities]
[15:32:34] [Server thread/INFO]: [@: Killed Piglin]
[15:32:36] [Server thread/INFO]: [@: Killed Piglin]
[15:32:37] [Server thread/INFO]: [@: Killed Piglin]
[15:32:37] [Server thread/INFO]: [@: Killed Piglin]
[15:32:38] [Server thread/INFO]: [@: Killed Piglin]
[15:32:53] [Server thread/INFO]: [@: Killed Piglin]
[15:33:01] [Server thread/INFO]: [@: Killed 2 entities]
[15:33:02] [Server thread/INFO]: [@: Killed Piglin]
[15:33:07] [Server thread/INFO]: [@: Killed 3 entities]
[15:33:09] [Server thread/INFO]: [@: Killed Piglin]
[15:33:22] [Server thread/INFO]: [@: Killed Piglin]
[15:33:23] [Server thread/INFO]: [@: Killed Piglin]
[15:33:23] [Server thread/INFO]: [@: Killed Piglin]
[15:33:23] [Server thread/INFO]: [@: Killed Piglin]
[15:33:23] [Server thread/INFO]: [@: Killed 2 entities]
[15:33:24] [Server thread/INFO]: [@: Killed Ghast]
[15:33:24] [Server thread/INFO]: [@: Killed 2 entities]
[15:33:30] [Server thread/INFO]: [@: Killed Piglin]
[15:33:31] [Server thread/INFO]: [@: Killed Piglin]
[15:33:32] [Server thread/INFO]: [@: Killed 2 entities]
[15:33:33] [Server thread/INFO]: [@: Killed 3 entities]
[15:33:35] [Server thread/INFO]: [@: Killed Piglin]
[15:33:35] [Server thread/INFO]: [@: Killed Piglin]
[15:33:40] [Server thread/INFO]: [@: Killed 4 entities]
[15:33:43] [Server thread/INFO]: [@: Killed Piglin]
[15:33:45] [Server thread/INFO]: [@: Killed Piglin]
[15:33:46] [Server thread/INFO]: [@: Killed Piglin]
[15:33:47] [Server thread/INFO]: [@: Killed 3 entities]
[15:33:48] [Server thread/INFO]: [@: Killed Piglin]
[15:33:53] [Server thread/INFO]: [@: Killed 3 entities]
[15:34:01] [Server thread/INFO]: [@: Killed Piglin]
[15:34:02] [Server thread/INFO]: [@: Killed 2 entities]
[15:34:06] [Server thread/INFO]: [@: Killed 2 entities]
[15:34:12] [Server thread/INFO]: [@: Killed 2 entities]
[15:34:13] [Server thread/INFO]: [@: Killed 2 entities]
[15:34:22] [Server thread/INFO]: [@: Killed Piglin]
[15:34:29] [Server thread/INFO]: [@: Killed Piglin]
[15:34:30] [Server thread/INFO]: [@: Killed 2 entities]
[15:34:48] [Server thread/INFO]: [@: Killed Piglin]
[15:34:56] [Server thread/INFO]: [@: Killed 2 entities]
[15:34:57] [Server thread/INFO]: [@: Killed 2 entities]
[15:34:58] [Server thread/INFO]: [@: Killed 2 entities]
[15:35:04] [Server thread/INFO]: [@: Killed 3 entities]
[15:35:05] [Server thread/INFO]: [@: Killed 3 entities]
[15:35:06] [Server thread/INFO]: [@: Killed Piglin]
[15:35:06] [Server thread/INFO]: [@: Killed Piglin]
[15:35:06] [Server thread/INFO]: [@: Killed Piglin]
[15:35:17] [Server thread/INFO]: [@: Killed Piglin]
[15:35:18] [Server thread/INFO]: [@: Killed 3 entities]
[15:35:19] [Server thread/INFO]: [@: Killed Piglin]
[15:35:21] [Server thread/INFO]: [@: Killed Piglin]
[15:35:29] [Server thread/INFO]: [@: Killed Piglin]
[15:36:00] [Server thread/INFO]: [@: Killed 2 entities]
[15:36:08] [Server thread/INFO]: [@: Killed Piglin]
[15:36:14] [Server thread/INFO]: [@: Killed 2 entities]
[15:36:15] [Server thread/INFO]: [@: Killed Piglin]
[15:36:29] [Server thread/INFO]: [@: Killed Piglin]
[15:36:31] [Server thread/INFO]: [@: Killed Piglin]
[15:36:33] [Server thread/INFO]: [@: Killed 2 entities]
[15:36:40] [Server thread/INFO]: [@: Killed Ghast]
[15:36:45] [Server thread/INFO]: [@: Killed Piglin]
[15:36:46] [Server thread/INFO]: [@: Killed 2 entities]
[15:36:52] [Server thread/INFO]: [@: Killed 2 entities]
[15:36:53] [Server thread/INFO]: [@: Killed Magma Cube]
[15:36:54] [Server thread/INFO]: [@: Killed Ghast]
[15:36:54] [Server thread/INFO]: [@: Killed Piglin]
[15:36:54] [Server thread/INFO]: [@: Killed 4 entities]
[15:36:56] [Server thread/INFO]: [@: Killed Piglin]
[15:36:59] [Server thread/INFO]: [@: Killed Piglin]
[15:37:06] [Server thread/INFO]: [@: Killed 2 entities]
[15:37:15] [Server thread/INFO]: [@: Killed Piglin]
[15:37:18] [Server thread/INFO]: [@: Killed 3 entities]
[15:37:20] [Server thread/INFO]: [@: Killed Piglin]
[15:37:21] [Server thread/INFO]: [@: Killed 4 entities]
[15:37:37] [Server thread/INFO]: [@: Killed 2 entities]
[15:37:48] [Server thread/INFO]: [@: Killed 2 entities]
[15:37:56] [Server thread/INFO]: [@: Killed Piglin]
[15:38:02] [Server thread/INFO]: [@: Killed Piglin]
[15:38:03] [Server thread/INFO]: [@: Killed Ghast]
[15:38:04] [Server thread/INFO]: [@: Killed Piglin]
[15:38:05] [Server thread/INFO]: [@: Killed 3 entities]
[15:38:12] [Server thread/INFO]: [@: Killed Piglin]
[15:38:13] [Server thread/INFO]: [@: Killed 2 entities]
[15:38:14] [Server thread/INFO]: [@: Killed Piglin]
[15:38:21] [Server thread/INFO]: [@: Killed Piglin]
[15:38:21] [Server thread/INFO]: [@: Killed 3 entities]
[15:38:22] [Server thread/INFO]: [@: Killed Piglin]
[15:38:25] [Server thread/INFO]: [@: Killed Piglin]
[15:38:25] [Server thread/INFO]: [@: Killed Piglin]
[15:38:28] [Server thread/INFO]: [@: Killed 2 entities]
[15:38:29] [Server thread/INFO]: [@: Killed Piglin]
[15:38:44] [Server thread/INFO]: [@: Killed Piglin]
[15:38:46] [Server thread/INFO]: [@: Killed Piglin]
[15:38:48] [Server thread/INFO]: [@: Killed Piglin]
[15:38:49] [Server thread/INFO]: [@: Killed Piglin]
[15:38:51] [Server thread/INFO]: [@: Killed Piglin]
[15:38:52] [Server thread/INFO]: [@: Killed 2 entities]
[15:38:53] [Server thread/INFO]: [@: Killed Piglin]
[15:38:54] [Server thread/INFO]: [@: Killed 3 entities]
[15:39:01] [Server thread/INFO]: [@: Killed Piglin]
[15:39:03] [Server thread/INFO]: [@: Killed Piglin]
[15:39:04] [Server thread/INFO]: [@: Killed Piglin]
[15:39:05] [Server thread/INFO]: [@: Killed 2 entities]
[15:39:06] [Server thread/INFO]: [@: Killed 3 entities]
[15:39:07] [Server thread/INFO]: [@: Killed Piglin]
[15:39:11] [Server thread/INFO]: [@: Killed 2 entities]
[15:39:17] [Server thread/INFO]: [@: Killed Piglin]
[15:39:30] [Server thread/INFO]: [@: Killed Piglin]
[15:39:33] [Server thread/INFO]: [@: Killed 2 entities]
[15:39:50] [Server thread/INFO]: [@: Killed Piglin]
[15:39:51] [Server thread/INFO]: [@: Killed Piglin]
[15:39:51] [Server thread/INFO]: [@: Killed Piglin]
[15:39:51] [Server thread/INFO]: [@: Killed 4 entities]
[15:39:52] [Server thread/INFO]: [@: Killed 4 entities]
[15:39:53] [Server thread/INFO]: [@: Killed Ghast]
[15:39:54] [Server thread/INFO]: [@: Killed Piglin]
[15:40:02] [Server thread/INFO]: [@: Killed Piglin]
[15:40:02] [Server thread/INFO]: [@: Killed Piglin]
[15:40:05] [Server thread/INFO]: [@: Killed Piglin]
[15:40:06] [Server thread/INFO]: [@: Killed 3 entities]
[15:40:24] [Server thread/INFO]: [@: Killed Piglin]
[15:40:25] [Server thread/INFO]: [@: Killed Piglin]
[15:40:26] [Server thread/INFO]: [@: Killed Piglin]
[15:40:28] [Server thread/INFO]: [@: Killed Piglin]
[15:40:35] [Server thread/INFO]: [@: Killed Piglin]
[15:40:36] [Server thread/INFO]: [@: Killed 3 entities]
[15:40:38] [Server thread/INFO]: [@: Killed Piglin]
[15:40:45] [Server thread/INFO]: [@: Killed 2 entities]
[15:40:47] [Server thread/INFO]: [@: Killed Piglin]
[15:40:50] [Server thread/INFO]: [@: Killed Piglin]
[15:40:52] [Server thread/INFO]: [@: Killed Piglin]
[15:40:57] [Server thread/INFO]: [@: Killed Piglin]
[15:40:58] [Server thread/INFO]: [@: Killed Piglin]
[15:40:58] [Server thread/INFO]: [@: Killed 2 entities]
[15:41:03] [Server thread/INFO]: [@: Killed 2 entities]
[15:41:06] [Server thread/INFO]: [@: Killed 2 entities]
[15:41:11] [Server thread/INFO]: [@: Killed Piglin]
[15:41:14] [Server thread/INFO]: [@: Killed Piglin]
[15:41:30] [Server thread/INFO]: [@: Killed Piglin]
[15:41:33] [Server thread/INFO]: [@: Killed Piglin]
[15:41:34] [Server thread/INFO]: [@: Killed 2 entities]
[15:41:40] [Server thread/INFO]: [@: Killed Piglin]
[15:41:41] [Server thread/INFO]: [@: Killed Piglin]
[15:41:47] [Server thread/INFO]: [@: Killed Piglin]
[15:41:48] [Server thread/INFO]: [@: Killed Piglin]
[15:41:49] [Server thread/INFO]: [@: Killed 3 entities]
[15:41:55] [Server thread/INFO]: [@: Killed Piglin]
[15:42:09] [Server thread/INFO]: [@: Killed Piglin]
[15:42:15] [Server thread/INFO]: [@: Killed 2 entities]
[15:42:23] [Server thread/INFO]: [@: Killed 2 entities]
[15:42:24] [Server thread/INFO]: [@: Killed 3 entities]
[15:42:25] [Server thread/INFO]: [@: Killed Piglin]
[15:42:31] [Server thread/INFO]: [@: Killed 2 entities]
[15:42:33] [Server thread/INFO]: [@: Killed 2 entities]
[15:42:35] [Server thread/INFO]: [@: Killed Piglin]
[15:42:35] [Server thread/INFO]: [@: Killed Piglin]
[15:42:38] [Server thread/INFO]: [@: Killed Piglin]
[15:42:47] [Server thread/INFO]: [@: Killed Piglin]
[15:42:49] [Server thread/INFO]: [@: Killed Piglin]
[15:42:50] [Server thread/INFO]: [@: Killed Piglin]
[15:42:53] [Server thread/INFO]: [@: Killed Piglin]
[15:43:06] [Server thread/INFO]: [@: Killed 3 entities]
[15:43:07] [Server thread/INFO]: BC_U was killed
[15:43:07] [Server thread/INFO]: [BC_U: Killed BC_U]
[15:43:08] [Server thread/INFO]: [@: Applied effect Night Vision to BC_U]
[15:43:08] [Server thread/INFO]: [@: Applied effect Night Vision to BC_U]
[15:43:17] [Server thread/INFO]: [BC_U: Teleported BC_U to -178.500000, 70.500000, 314.500000]
[15:47:51] [Server thread/INFO]: [BC_U: Set own game mode to Creative Mode]
[15:48:09] [Server thread/INFO]: [BC_U: Set own game mode to Survival Mode]
[16:04:40] [Server thread/INFO]: [BC_U: Teleported BC_U to -178.500000, 70.500000, 314.500000]
[16:08:39] [Server thread/INFO]: [@: Killed Ghast]
[16:08:39] [Server thread/INFO]: [@: Killed Piglin]
[16:08:51] [Server thread/INFO]: [@: Killed Piglin]
[16:08:53] [Server thread/INFO]: [@: Killed 2 entities]
[16:08:54] [Server thread/INFO]: [@: Killed Piglin]
[16:08:57] [Server thread/INFO]: [@: Killed 5 entities]
[16:08:58] [Server thread/INFO]: [@: Killed 2 entities]
[16:08:59] [Server thread/INFO]: [@: Killed 2 entities]
[16:09:11] [Server thread/INFO]: [@: Killed 3 entities]
[16:09:26] [Server thread/INFO]: [@: Killed 2 entities]
[16:09:26] [Server thread/INFO]: [@: Killed 2 entities]
[16:09:28] [Server thread/INFO]: [@: Killed 2 entities]
[16:09:29] [Server thread/INFO]: [@: Killed 3 entities]
[16:09:38] [Server thread/INFO]: [@: Killed 4 entities]
[16:09:49] [Server thread/INFO]: [@: Killed Piglin]
[16:09:57] [Server thread/INFO]: [@: Killed 2 entities]
[16:10:01] [Server thread/INFO]: [@: Killed Piglin]
[16:10:09] [Server thread/INFO]: [@: Killed Ghast]
[16:10:18] [Server thread/INFO]: BC_U tried to swim in lava
[16:10:19] [Server thread/INFO]: [@: Killed Piglin]
[16:10:19] [Server thread/INFO]: [@: Applied effect Night Vision to BC_U]
[16:10:19] [Server thread/INFO]: [@: Applied effect Night Vision to BC_U]
[16:10:35] [Server thread/INFO]: [BC_U: Set the time to 1000]
[16:11:05] [Server thread/INFO]: [BC_U: Teleported BC_U to 1447.500000, 84.500000, -1362.500000]
[16:13:47] [Server thread/INFO]: [BC_U: Teleported BC_U to -178.500000, 70.500000, 314.500000]
[16:14:47] [Server thread/INFO]: [BC_U: Teleported BC_U to 1447.500000, 84.500000, -1362.500000]
[16:17:14] [Server thread/INFO]: [BC_U: Teleported BC_U to -178.500000, 70.500000, 314.500000]
[16:17:41] [Server thread/INFO]: BC_U has made the advancement [A Seedy Place]
[16:19:25] [Server thread/INFO]: [BC_U: Set the weather to clear]
[16:20:45] [Server thread/INFO]: BC_U lost connection: Disconnected
[16:20:45] [Server thread/INFO]: BC_U left the game
[16:21:45] [Server thread/INFO]: Server empty for 60 seconds, pausing
[18:31:26] [User Authenticator #2/INFO]: UUID of player BC_U is 0b27b59c-c397-4fb7-bb5e-ebf0740bbbfe
[18:31:27] [Server thread/INFO]: BC_U[/127.0.0.1:11069] logged in with entity id 13113 at (-176.8465246789627, 70.0625, 321.93382634650965)
[18:31:27] [Server thread/INFO]: BC_U joined the game
[18:48:29] [Server thread/INFO]: BC_U lost connection: Disconnected
[18:48:29] [Server thread/INFO]: BC_U left the game
[18:49:29] [Server thread/INFO]: Server empty for 60 seconds, pausing
[18:53:50] [User Authenticator #3/INFO]: UUID of player BC_U is 0b27b59c-c397-4fb7-bb5e-ebf0740bbbfe
[18:53:50] [Server thread/INFO]: BC_U[/127.0.0.1:41609] logged in with entity id 19418 at (-1002.4819895919675, 63.0, 161.6570716506243)
[18:53:50] [Server thread/INFO]: BC_U joined the game
[19:00:12] [Server thread/INFO]: [BC_U: Set own game mode to Creative Mode]
[19:00:22] [Server thread/INFO]: [BC_U: Set the time to 1000]
[19:00:51] [Server thread/INFO]: [BC_U: Set own game mode to Survival Mode]
[19:01:32] [Server thread/INFO]: [BC_U: Set own game mode to Creative Mode]
[19:01:56] [Server thread/INFO]: [BC_U: Set own game mode to Survival Mode]
[19:06:21] [Server thread/INFO]: BC_U lost connection: Disconnected
[19:06:21] [Server thread/INFO]: BC_U left the game
[19:07:21] [Server thread/INFO]: Server empty for 60 seconds, pausing
[19:45:06] [User Authenticator #4/INFO]: UUID of player BC_U is 0b27b59c-c397-4fb7-bb5e-ebf0740bbbfe
[19:45:07] [Server thread/INFO]: BC_U[/127.0.0.1:20728] logged in with entity id 23000 at (-1082.3847317088969, 79.0, 329.78361757938535)
[19:45:07] [Server thread/INFO]: BC_U joined the game
[19:54:19] [Server thread/INFO]: BC_U lost connection: Disconnected
[19:54:19] [Server thread/INFO]: BC_U left the game
[19:55:19] [Server thread/INFO]: Server empty for 60 seconds, pausing
[19:58:31] [User Authenticator #5/INFO]: UUID of player BC_U is 0b27b59c-c397-4fb7-bb5e-ebf0740bbbfe
[19:58:31] [Server thread/INFO]: BC_U[/127.0.0.1:51458] logged in with entity id 26004 at (-676.7185038963422, 64.0, 13.413566997042798)
[19:58:31] [Server thread/INFO]: BC_U joined the game
[19:59:58] [Server thread/INFO]: [BC_U: Set the time to 1000]
[20:35:02] [Server thread/INFO]: BC_U tried to swim in lava
[20:35:03] [Server thread/INFO]: [@: Applied effect Night Vision to BC_U]
[20:35:03] [Server thread/INFO]: [@: Applied effect Night Vision to BC_U]
[20:42:44] [Server thread/INFO]: [@: Killed Magma Cube]
[20:42:44] [Server thread/INFO]: [@: Killed Piglin]
[20:42:44] [Server thread/INFO]: [@: Killed 3 entities]
[20:42:45] [Server thread/INFO]: [@: Killed 2 entities]
[20:42:45] [Server thread/INFO]: [@: Killed Piglin]
[20:42:45] [Server thread/INFO]: [@: Killed Piglin]
[20:42:46] [Server thread/INFO]: [@: Killed 2 entities]
[20:42:46] [Server thread/INFO]: [@: Killed Ghast]
[20:42:47] [Server thread/INFO]: [@: Killed Piglin]
[20:42:47] [Server thread/INFO]: [@: Killed Magma Cube]
[20:42:48] [Server thread/INFO]: [@: Killed 3 entities]
[20:42:48] [Server thread/INFO]: [@: Killed 2 entities]
[20:42:49] [Server thread/INFO]: [@: Killed Piglin]
[20:42:49] [Server thread/INFO]: [@: Killed 6 entities]
[20:42:50] [Server thread/INFO]: [@: Killed Piglin]
[20:42:50] [Server thread/INFO]: [@: Killed Piglin]
[20:42:50] [Server thread/INFO]: [@: Killed Piglin]
[20:42:51] [Server thread/INFO]: [@: Killed Piglin]
[20:42:51] [Server thread/INFO]: [@: Killed 4 entities]
[20:42:52] [Server thread/INFO]: [@: Killed Piglin]
[20:42:52] [Server thread/INFO]: [@: Killed Piglin]
[20:42:52] [Server thread/INFO]: [@: Killed 2 entities]
[20:42:53] [Server thread/INFO]: [@: Killed Magma Cube]
[20:42:54] [Server thread/INFO]: [@: Killed Piglin]
[20:42:54] [Server thread/INFO]: [@: Killed Piglin]
[20:42:54] [Server thread/INFO]: [@: Killed 2 entities]
[20:42:57] [Server thread/INFO]: [@: Killed 2 entities]
[20:43:00] [Server thread/INFO]: [@: Killed Piglin]
[20:43:01] [Server thread/INFO]: [@: Killed Magma Cube]
[20:43:02] [Server thread/INFO]: [@: Killed 2 entities]
[20:43:03] [Server thread/INFO]: [@: Killed 2 entities]
[20:43:03] [Server thread/INFO]: [@: Killed Magma Cube]
[20:43:03] [Server thread/INFO]: [@: Killed 2 entities]
[20:43:04] [Server thread/INFO]: [@: Killed Piglin]
[20:43:04] [Server thread/INFO]: [@: Killed Magma Cube]
[20:43:04] [Server thread/INFO]: [@: Killed 4 entities]
[20:43:05] [Server thread/INFO]: [@: Killed 2 entities]
[20:43:05] [Server thread/INFO]: [@: Killed 3 entities]
[20:43:05] [Server thread/INFO]: [@: Killed Magma Cube]
[20:43:05] [Server thread/INFO]: [@: Killed 2 entities]
[20:43:05] [Server thread/INFO]: [@: Killed 5 entities]
[20:43:06] [Server thread/INFO]: [@: Killed 7 entities]
[20:43:06] [Server thread/INFO]: [@: Killed 2 entities]
[20:43:06] [Server thread/INFO]: [@: Killed Magma Cube]
[20:43:07] [Server thread/INFO]: [@: Killed 3 entities]
[20:43:08] [Server thread/INFO]: [@: Killed 9 entities]
[20:43:09] [Server thread/INFO]: [@: Killed Piglin]
[20:43:15] [Server thread/INFO]: [@: Killed 2 entities]
[20:43:15] [Server thread/INFO]: [@: Killed 5 entities]
[20:43:16] [Server thread/INFO]: [@: Killed 2 entities]
[20:43:17] [Server thread/INFO]: [@: Killed Piglin]
[20:43:17] [Server thread/INFO]: [@: Killed Magma Cube]
[20:43:18] [Server thread/INFO]: [@: Killed 2 entities]
[20:43:19] [Server thread/INFO]: [@: Killed 6 entities]
[20:43:20] [Server thread/INFO]: [@: Killed Piglin]
[20:43:20] [Server thread/INFO]: [@: Killed Piglin]
[20:43:31] [Server thread/INFO]: [@: Killed Piglin]
[20:43:32] [Server thread/INFO]: BC_U was killed
[20:43:32] [Server thread/INFO]: [BC_U: Killed BC_U]
[20:43:33] [Server thread/INFO]: [@: Killed 2 entities]
[20:43:33] [Server thread/INFO]: [@: Applied effect Night Vision to BC_U]
[20:43:33] [Server thread/INFO]: [@: Applied effect Night Vision to BC_U]
[20:44:55] [Server thread/INFO]: [BC_U: Teleported BC_U to -1006.500000, 65.500000, -335.500000]
[20:51:54] [Server thread/INFO]: [BC_U: Teleported BC_U to -178.500000, 70.500000, 314.500000]
[20:52:24] [Server thread/INFO]: [BC_U: Set the time to 1000]
[20:52:29] [Server thread/INFO]: Villager class_1646['Farmer'/39428, l='ServerLevel[world]', x=-168.57, y=68.00, z=333.50] died, message: 'Farmer was slain by Zombie'
[20:55:39] [User Authenticator #6/INFO]: UUID of player Qhua_xih is fe0fc8cc-09fc-4272-bcd7-2ef11c21c308
[20:55:44] [Server thread/INFO]: Qhua_xih[/127.0.0.1:52331] logged in with entity id 40144 at (-6.5, 102.0, 9.5)
[20:55:44] [Server thread/INFO]: Qhua_xih joined the game
[20:56:03] [Server thread/INFO]: <Qhua_xih> ok
[20:56:05] [Server thread/INFO]: <BC_U> hello
[20:57:44] [Server thread/INFO]: [BC_U: Teleported BC_U to Qhua_xih]
[20:58:50] [Server thread/WARN]: Qhua_xih moved too quickly! 6.191788848347215,-1.57573246410945,8.127366901249786
[20:59:28] [Server thread/INFO]: <Qhua_xih> go home.
[20:59:33] [Server thread/INFO]: <BC_U> ok
[21:00:19] [Server thread/INFO]: [BC_U: Set own game mode to Creative Mode]
[21:00:25] [Server thread/INFO]: [BC_U: Set own game mode to Survival Mode]
[21:01:19] [Server thread/INFO]: BC_U has made the advancement [Stay Hydrated!]
[21:01:50] [Server thread/INFO]: <BC_U> What are you doing?
[21:02:37] [Server thread/INFO]: Qhua_xih has made the advancement [Sweet Dreams]
[21:02:39] [Server thread/INFO]: <Qhua_xih> z
[21:02:39] [Server thread/INFO]: <Qhua_xih> z
[21:02:39] [Server thread/INFO]: <Qhua_xih> z
[21:02:39] [Server thread/INFO]: <Qhua_xih> z
[21:02:40] [Server thread/INFO]: <Qhua_xih> z
[21:02:40] [Server thread/INFO]: <Qhua_xih> z
[21:02:40] [Server thread/INFO]: <Qhua_xih> z
[21:02:40] [Server thread/INFO]: <Qhua_xih> z
[21:02:41] [Server thread/INFO]: <Qhua_xih> z
[21:02:41] [Server thread/INFO]: <Qhua_xih> z
[21:02:41] [Server thread/INFO]: <Qhua_xih> z
[21:02:41] [Server thread/INFO]: <Qhua_xih> z
[21:02:41] [Server thread/INFO]: Qhua_xih lost connection: Kicked for spamming
[21:02:41] [Server thread/INFO]: Qhua_xih left the game
[21:02:45] [Server thread/INFO]: [BC_U: Set the time to 1000]
[21:02:46] [User Authenticator #7/INFO]: UUID of player Qhua_xih is fe0fc8cc-09fc-4272-bcd7-2ef11c21c308
[21:02:49] [Server thread/INFO]: Qhua_xih[/127.0.0.1:52597] logged in with entity id 41809 at (-177.5, 70.0, 322.5)
[21:02:49] [Server thread/INFO]: Qhua_xih joined the game
[21:03:03] [Server thread/INFO]: Qhua_xih has made the advancement [Acquire Hardware]
[21:03:55] [Server thread/INFO]: [@: Killed Piglin]
[21:03:55] [Server thread/INFO]: [@: Killed 3 entities]
[21:03:56] [Server thread/INFO]: [@: Killed Piglin]
[21:04:11] [Server thread/INFO]: [BC_U: Teleported BC_U to 131.500000, 32.500000, -78.500000]
[21:04:11] [Server thread/INFO]: [@: Killed Piglin]
[21:04:11] [Server thread/INFO]: [@: Killed 2 entities]
[21:04:19] [Server thread/INFO]: BC_U tried to swim in lava
[21:04:20] [Server thread/INFO]: [@: Applied effect Night Vision to BC_U]
[21:04:21] [Server thread/INFO]: [@: Applied effect Night Vision to BC_U]
[21:04:28] [Server thread/INFO]: <Qhua_xih> ?
[21:05:31] [Server thread/INFO]: Qhua_xih has made the advancement [We Need to Go Deeper]
[21:05:31] [Server thread/INFO]: [@: Killed Magma Cube]
[21:05:31] [Server thread/INFO]: [@: Killed Piglin]
[21:05:32] [Server thread/INFO]: [@: Killed Piglin]
[21:05:32] [Server thread/INFO]: [@: Killed 3 entities]
[21:05:33] [Server thread/INFO]: [@: Killed 9 entities]
[21:06:35] [Server thread/INFO]: Qhua_xih has made the advancement [Cover Me with Diamonds]
[21:06:52] [Server thread/INFO]: [BC_U: Teleported BC_U to -178.500000, 70.500000, 314.500000]
[21:06:53] [Server thread/INFO]: Qhua_xih has made the advancement [Suit Up]
[21:07:02] [Server thread/INFO]: Qhua_xih has made the advancement [Diamonds!]
[21:07:03] [Server thread/INFO]: [BC_U: Set the weather to clear]
[21:08:47] [Server thread/INFO]: [@: Killed 2 entities]
[21:08:51] [Server thread/INFO]: [@: Killed Piglin]
[21:08:53] [Server thread/INFO]: [@: Killed Piglin]
[21:08:55] [Server thread/INFO]: [@: Killed 4 entities]
[21:08:56] [Server thread/INFO]: [@: Killed 3 entities]
[21:08:58] [Server thread/INFO]: [@: Killed Piglin]
[21:09:00] [Server thread/INFO]: [@: Killed 3 entities]
[21:09:00] [Server thread/INFO]: [@: Killed 2 entities]
[21:09:01] [Server thread/INFO]: [@: Killed 3 entities]
[21:09:02] [Server thread/INFO]: Qhua_xih has made the advancement [Stay Hydrated!]
[21:09:12] [Server thread/INFO]: [@: Killed Piglin]
[21:09:16] [Server thread/INFO]: [@: Killed 2 entities]
[21:09:17] [Server thread/INFO]: [@: Killed 3 entities]
[21:09:39] [Server thread/INFO]: [@: Killed 2 entities]
[21:09:55] [Server thread/INFO]: [@: Killed Piglin]
[21:10:00] [Server thread/INFO]: [@: Killed Magma Cube]
[21:10:02] [Server thread/INFO]: [@: Killed Magma Cube]
[21:10:02] [Server thread/INFO]: [@: Killed 2 entities]
[21:10:03] [Server thread/INFO]: [@: Killed 3 entities]
[21:10:03] [Server thread/INFO]: [@: Killed 2 entities]
[21:10:04] [Server thread/INFO]: [@: Killed 9 entities]
[21:10:05] [Server thread/INFO]: [@: Killed Piglin]
[21:10:16] [Server thread/INFO]: [@: Killed Magma Cube]
[21:10:17] [Server thread/INFO]: [@: Killed Magma Cube]
[21:10:17] [Server thread/INFO]: [@: Killed 4 entities]
[21:10:18] [Server thread/INFO]: [@: Killed 4 entities]
[21:10:18] [Server thread/INFO]: [@: Killed 13 entities]
[21:10:19] [Server thread/INFO]: [@: Killed 12 entities]
[21:10:19] [Server thread/INFO]: [@: Killed 10 entities]
[21:10:20] [Server thread/INFO]: [@: Killed Magma Cube]
[21:10:20] [Server thread/INFO]: [@: Killed 2 entities]
[21:10:21] [Server thread/INFO]: [@: Killed 3 entities]
[21:10:21] [Server thread/INFO]: [@: Killed 2 entities]
[21:10:21] [Server thread/INFO]: [@: Killed 8 entities]
[21:10:22] [Server thread/INFO]: [@: Killed 2 entities]
[21:10:22] [Server thread/INFO]: [@: Killed 6 entities]
[21:10:22] [Server thread/INFO]: [@: Killed 14 entities]
[21:10:23] [Server thread/INFO]: [@: Killed 5 entities]
[21:10:23] [Server thread/INFO]: Qhua_xih has made the advancement [Stone Age]
[21:10:24] [Server thread/INFO]: [@: Killed Piglin]
[21:10:24] [Server thread/INFO]: [@: Killed Magma Cube]
[21:10:25] [Server thread/INFO]: [@: Killed 2 entities]
[21:10:26] [Server thread/INFO]: [@: Killed 7 entities]
[21:10:27] [Server thread/INFO]: [@: Killed 3 entities]
[21:10:27] [Server thread/INFO]: [@: Killed Magma Cube]
[21:10:28] [Server thread/INFO]: [@: Killed 10 entities]
[21:10:28] [Server thread/INFO]: [@: Killed 4 entities]
[21:10:29] [Server thread/INFO]: [@: Killed Magma Cube]
[21:10:29] [Server thread/INFO]: [@: Killed Magma Cube]
[21:10:29] [Server thread/INFO]: [@: Killed Magma Cube]
[21:10:30] [Server thread/INFO]: [@: Killed Magma Cube]
[21:10:30] [Server thread/INFO]: [@: Killed 4 entities]
[21:10:30] [Server thread/INFO]: [@: Killed 2 entities]
[21:10:31] [Server thread/INFO]: [@: Killed 2 entities]
[21:10:31] [Server thread/INFO]: [@: Killed 13 entities]
[21:10:32] [Server thread/INFO]: [@: Killed 2 entities]
[21:10:32] [Server thread/INFO]: [@: Killed Magma Cube]
[21:10:32] [Server thread/INFO]: [@: Killed Piglin]
[21:10:32] [Server thread/INFO]: [@: Killed 3 entities]
[21:10:33] [Server thread/INFO]: [@: Killed 3 entities]
[21:10:33] [Server thread/INFO]: [@: Killed 9 entities]
[21:10:34] [Server thread/INFO]: [@: Killed Magma Cube]
[21:10:34] [Server thread/INFO]: [@: Killed Piglin]
[21:10:34] [Server thread/INFO]: [@: Killed 3 entities]
[21:10:34] [Server thread/INFO]: [@: Killed 29 entities]
[21:10:35] [Server thread/INFO]: [@: Killed 4 entities]
[21:10:35] [Server thread/INFO]: [@: Killed 6 entities]
[21:10:35] [Server thread/INFO]: [@: Killed Magma Cube]
[21:10:35] [Server thread/INFO]: [@: Killed 3 entities]
[21:10:36] [Server thread/INFO]: [@: Killed 14 entities]
[21:10:36] [Server thread/INFO]: [@: Killed 12 entities]
[21:10:36] [Server thread/INFO]: [@: Killed 3 entities]
[21:10:37] [Server thread/INFO]: [@: Killed Magma Cube]
[21:10:38] [Server thread/INFO]: [@: Killed Magma Cube]
[21:10:38] [Server thread/INFO]: [@: Killed 3 entities]
[21:10:39] [Server thread/INFO]: [@: Killed 4 entities]
[21:10:39] [Server thread/INFO]: [@: Killed 7 entities]
[21:10:40] [Server thread/INFO]: [@: Killed 11 entities]
[21:10:41] [Server thread/INFO]: [@: Killed 2 entities]
[21:10:41] [Server thread/INFO]: [@: Killed 2 entities]
[21:10:42] [Server thread/INFO]: [@: Killed Piglin]
[21:10:42] [Server thread/INFO]: [@: Killed 4 entities]
[21:10:42] [Server thread/INFO]: [@: Killed 6 entities]
[21:10:43] [Server thread/INFO]: [@: Killed 15 entities]
[21:10:43] [Server thread/INFO]: [@: Killed 11 entities]
[21:10:44] [Server thread/INFO]: [@: Killed 12 entities]
[21:10:44] [Server thread/INFO]: [@: Killed Magma Cube]
[21:10:44] [Server thread/INFO]: [@: Killed 2 entities]
[21:10:45] [Server thread/INFO]: [@: Killed 3 entities]
[21:10:45] [Server thread/INFO]: [@: Killed 2 entities]
[21:12:28] [Server thread/INFO]: Qhua_xih has made the advancement [Monster Hunter]
[21:14:43] [Server thread/INFO]: <Qhua_xih> 兄弟，快没血了。
[21:14:53] [Server thread/INFO]: [BC_U: Teleported BC_U to Qhua_xih]
[21:15:32] [Server thread/INFO]: Qhua_xih hit the ground too hard
[21:15:41] [Server thread/INFO]: BC_U was killed
[21:15:41] [Server thread/INFO]: [BC_U: Killed BC_U]
[21:15:42] [Server thread/INFO]: [@: Applied effect Night Vision to BC_U]
[21:15:43] [Server thread/INFO]: [@: Applied effect Night Vision to BC_U]
[21:16:02] [Server thread/INFO]: <Qhua_xih> 有死亡不掉落吗？
[21:16:14] [Server thread/INFO]: <BC_U> Yea
[21:16:57] [Server thread/INFO]: [BC_U: Set the time to 1000]
[21:17:42] [Server thread/INFO]: [BC_U: Teleported BC_U to -178.500000, 70.500000, 314.500000]
[21:17:49] [Server thread/INFO]: [BC_U: Teleported BC_U to 271.500000, 69.500000, -272.500000]
[21:18:55] [Server thread/INFO]: [BC_U: Teleported BC_U to -178.500000, 70.500000, 314.500000]
[21:19:53] [Server thread/INFO]: <BC_U> 我的下界合金胸甲呢？
[21:21:50] [Server thread/INFO]: <Qhua_xih> 不知道
[21:22:03] [Server thread/INFO]: <BC_U> 好吧
[21:22:44] [Server thread/INFO]: <BC_U> ?
[21:23:20] [Server thread/INFO]: <Qhua_xih> 我换个皮肤。
[21:23:25] [Server thread/INFO]: Qhua_xih lost connection: Disconnected
[21:23:25] [Server thread/INFO]: Qhua_xih left the game
[21:23:27] [Server thread/INFO]: <BC_U> ok
[21:23:52] [Server thread/INFO]: [BC_U: Set own game mode to Creative Mode]
[21:25:07] [Server thread/INFO]: [BC_U: Set own game mode to Survival Mode]
[21:25:11] [User Authenticator #8/INFO]: UUID of player Qhua_xih is fe0fc8cc-09fc-4272-bcd7-2ef11c21c308
[21:25:17] [Server thread/INFO]: Qhua_xih[/127.0.0.1:31854] logged in with entity id 47522 at (-179.69999998807907, 73.0, 320.30000001192093)
[21:25:17] [Server thread/INFO]: Qhua_xih joined the game
[21:25:59] [Server thread/INFO]: Qhua_xih fell from a high place
[21:26:00] [Server thread/INFO]: BC_U fell from a high place
[21:26:01] [Server thread/INFO]: [@: Applied effect Night Vision to BC_U]
[21:26:02] [Server thread/INFO]: [@: Applied effect Night Vision to BC_U]
[21:26:25] [Server thread/WARN]: Qhua_xih moved too quickly! 0.0,-10.867409983895094,0.0
[21:26:28] [Server thread/INFO]: Qhua_xih fell from a high place
[21:26:37] [Server thread/INFO]: <Qhua_xih> 卡
[21:26:58] [Server thread/INFO]: <BC_U> wifi问题
[21:27:14] [Server thread/INFO]: <Qhua_xih> 是我的问题
[21:27:43] [Server thread/INFO]: <BC_U> 你的网络只有两格
[21:27:55] [Server thread/INFO]: <Qhua_xih> 是的
[21:28:15] [Server thread/INFO]: <BC_U> 皮肤可以
[21:28:35] [Server thread/INFO]: <Qhua_xih> 天穹凯伊
[21:28:35] [Server thread/INFO]: <BC_U> 凯一？
[21:28:57] [Server thread/INFO]: <BC_U> good
[21:29:26] [Server thread/INFO]: [BC_U: Set the time to 1000]
[21:30:16] [Server thread/INFO]: <BC_U> 我去调个参数，马上回来
[21:30:23] [Server thread/INFO]: BC_U lost connection: Disconnected
[21:30:23] [Server thread/INFO]: BC_U left the game
[21:33:17] [User Authenticator #9/INFO]: UUID of player BC_U is 0b27b59c-c397-4fb7-bb5e-ebf0740bbbfe
[21:33:23] [Server thread/INFO]: BC_U[/127.0.0.1:16022] logged in with entity id 49087 at (-150.26291717919966, 69.0, 297.9052049728989)
[21:33:23] [Server thread/INFO]: BC_U joined the game
[21:33:37] [User Authenticator #10/INFO]: UUID of player BC_U is 0b27b59c-c397-4fb7-bb5e-ebf0740bbbfe
[21:33:37] [Server thread/INFO]: BC_U lost connection: You logged in from another location
[21:33:37] [Server thread/INFO]: BC_U left the game
[21:33:37] [Server thread/INFO]: BC_U (/127.0.0.1:16040) lost connection: Disconnected
[21:33:49] [User Authenticator #11/INFO]: UUID of player BC_U is 0b27b59c-c397-4fb7-bb5e-ebf0740bbbfe
[21:33:51] [Server thread/WARN]: Mismatch in destroy block pos: class_2338{x=-164, y=70, z=304} class_2338{x=-164, y=69, z=303}
[21:33:54] [Server thread/INFO]: BC_U[/127.0.0.1:16053] logged in with entity id 49222 at (-150.26291717919966, 69.0, 297.9052049728989)
[21:33:54] [Server thread/INFO]: BC_U joined the game
[21:35:13] [Server thread/WARN]: BC_U moved too quickly! -9.98132960915774,2.024424088213692,-0.3244805262481236
[21:36:13] [Server thread/INFO]: BC_U lost connection: Disconnected
[21:36:13] [Server thread/INFO]: BC_U left the game
[21:36:27] [User Authenticator #12/INFO]: UUID of player BC_U is 0b27b59c-c397-4fb7-bb5e-ebf0740bbbfe
[21:36:34] [Server thread/INFO]: BC_U[/127.0.0.1:16164] logged in with entity id 49853 at (-190.69999998807907, 74.0, 287.15481418666343)
[21:36:34] [Server thread/INFO]: BC_U joined the game
[21:37:07] [Server thread/INFO]: Qhua_xih has made the advancement [Ice Bucket Challenge]
[21:37:23] [Server thread/WARN]: Qhua_xih moved too quickly! -9.456944582081292,3.15233518685055,-1.711736962214104
[21:37:33] [Server thread/INFO]: Qhua_xih lost connection: Timed out
[21:37:33] [Server thread/INFO]: Qhua_xih left the game
[21:37:35] [Server thread/INFO]: BC_U lost connection: Timed out
[21:37:35] [Server thread/INFO]: BC_U left the game
[21:37:43] [User Authenticator #13/INFO]: UUID of player BC_U is 0b27b59c-c397-4fb7-bb5e-ebf0740bbbfe
[21:37:49] [Server thread/INFO]: BC_U[/127.0.0.1:47695] logged in with entity id 50269 at (-190.69999998807907, 74.0, 287.15481418666343)
[21:37:49] [Server thread/INFO]: BC_U joined the game
[21:37:49] [User Authenticator #14/INFO]: UUID of player Qhua_xih is fe0fc8cc-09fc-4272-bcd7-2ef11c21c308
[21:37:56] [Server thread/INFO]: Qhua_xih[/127.0.0.1:47706] logged in with entity id 50497 at (-390.87784973301575, 69.25220334025373, 178.0196045761867)
[21:37:56] [Server thread/INFO]: Qhua_xih joined the game
[21:37:56] [Server thread/INFO]: <BC_U> 是我这里的问题，免费账户节点一波动就会掉线
[21:38:27] [Server thread/INFO]: <Qhua_xih> 去找雪地。
[21:38:51] [Server thread/INFO]: <BC_U> 等我过几天充个VIP，[笑]
[21:39:13] [Server thread/INFO]: <Qhua_xih> 给你一块
[21:39:29] [Server thread/INFO]: <Qhua_xih> awa
[21:40:31] [Server thread/INFO]: [BC_U: Teleported BC_U to Qhua_xih]
[21:41:21] [Server thread/WARN]: Qhua_xih moved too quickly! -4.894153381369847,-0.2712241076924897,9.020947393566942
[21:41:27] [Server thread/WARN]: BC_U moved too quickly! -0.29205386816340706,1.0,-10.1722408514972
[21:44:45] [Server thread/INFO]: <BC_U> 我重新连一个
[21:44:48] [Server thread/INFO]: BC_U lost connection: Disconnected
[21:44:48] [Server thread/INFO]: BC_U left the game
[21:44:50] [Netty NIO IO #10/ERROR]: Error sending packet clientbound/minecraft:disconnect
[21:45:35] [Server thread/INFO]: Qhua_xih tried to swim in lava
[21:45:40] [User Authenticator #15/INFO]: UUID of player BC_U is 0b27b59c-c397-4fb7-bb5e-ebf0740bbbfe
[21:45:41] [Server thread/INFO]: BC_U[/192.168.1.9:40384] logged in with entity id 52937 at (-664.094731200164, 68.0, -69.21255387093169)
[21:45:41] [Server thread/INFO]: BC_U joined the game
[21:46:24] [Server thread/INFO]: <Qhua_xih> 种子多少。
[21:48:33] [Server thread/INFO]: <BC_U> 不知道，等我明天去看一下
[21:51:45] [Server thread/INFO]: [BC_U: Set own game mode to Creative Mode]
[21:52:15] [Server thread/INFO]: <Qhua_xih> 搞一点雪球。
[21:52:22] [Server thread/INFO]: [BC_U: Set own game mode to Survival Mode]
[21:54:19] [Server thread/INFO]: Villager class_1646['Mason'/45210, l='ServerLevel[world]', x=-161.25, y=70.00, z=314.19] died, message: 'Mason was slain by BC_U'
[21:57:00] [Server thread/INFO]: [BC_U: Set own game mode to Creative Mode]
[21:57:28] [Server thread/INFO]: [BC_U: Set own game mode to Survival Mode]
[22:00:34] [Server thread/INFO]: <BC_U> 明天下午再玩吧，我关服了
[22:00:39] [Server thread/INFO]: BC_U lost connection: Disconnected
[22:00:39] [Server thread/INFO]: BC_U left the game
[22:01:05] [Server thread/INFO]: Qhua_xih lost connection: Disconnected
[22:01:05] [Server thread/INFO]: Qhua_xih left the game
[22:01:10] [Server thread/INFO]: Unknown or incomplete command. See below for error
[22:01:10] [Server thread/INFO]: stopstop<--[HERE]
[22:01:14] [Server thread/INFO]: Stopping the server
[22:01:14] [Server thread/INFO]: [Scalable] Server stopping ...
[22:01:14] [Server thread/INFO]: Stopping server
[22:01:14] [Server thread/INFO]: Saving players
[22:01:14] [Server thread/INFO]: Saving worlds
[22:01:14] [Server thread/INFO]: Saving chunks for level 'ServerLevel[world]'/minecraft:overworld
[22:01:14] [Server thread/INFO]: Saving chunks for level 'ServerLevel[world]'/minecraft:the_nether
[22:01:14] [Server thread/INFO]: Saving chunks for level 'ServerLevel[world]'/minecraft:the_end
[22:01:14] [Server thread/INFO]: ThreadedAnvilChunkStorage (world): All chunks are saved
[22:01:14] [Server thread/INFO]: ThreadedAnvilChunkStorage (DIM-1): All chunks are saved
[22:01:14] [Server thread/INFO]: ThreadedAnvilChunkStorage (DIM1): All chunks are saved
[22:01:14] [Server thread/INFO]: ThreadedAnvilChunkStorage: All dimensions are saved
