[17:51:40] [main/INFO]: Loading Minecraft 1.21.11 with Fabric Loader 0.19.3
[17:51:40] [main/INFO]: Loading 45 mods:
[17:51:40] [main/INFO]: - fabric-api 0.141.4+1.21.11
[17:51:40] [main/INFO]: |-- fabric-api-base 1.0.5+4ebb5c083e
[17:51:40] [main/INFO]: |-- fabric-api-lookup-api-v1 1.6.114+20dc27073e
[17:51:40] [main/INFO]: |-- fabric-biome-api-v1 17.1.1+4fc5413f3e
[17:51:40] [main/INFO]: |-- fabric-block-api-v1 1.1.10+4ebb5c083e
[17:51:40] [main/INFO]: |-- fabric-block-view-api-v2 1.0.39+4ebb5c083e
[17:51:40] [main/INFO]: |-- fabric-command-api-v2 2.4.7+6b42a6003e
[17:51:40] [main/INFO]: |-- fabric-content-registries-v0 10.2.14+4fc5413f3e
[17:51:40] [main/INFO]: |-- fabric-convention-tags-v1 2.1.55+7f945d5b3e
[17:51:40] [main/INFO]: |-- fabric-convention-tags-v2 2.17.3+8ef948ba3e
[17:51:40] [main/INFO]: |-- fabric-crash-report-info-v1 0.3.23+4ebb5c083e
[17:51:40] [main/INFO]: |-- fabric-data-attachment-api-v1 1.8.48+eed0806f3e
[17:51:40] [main/INFO]: |-- fabric-data-generation-api-v1 23.4.1+69974c4e3e
[17:51:40] [main/INFO]: |-- fabric-dimensions-v1 4.0.28+4fc5413f3e
[17:51:40] [main/INFO]: |-- fabric-entity-events-v1 3.1.1+1d0ab4303e
[17:51:40] [main/INFO]: |-- fabric-events-interaction-v0 4.1.1+3b89ecf63e
[17:51:40] [main/INFO]: |-- fabric-game-rule-api-v1 2.0.3+4fc5413f3e
[17:51:40] [main/INFO]: |-- fabric-item-api-v1 11.5.20+d0c46b9e3e
[17:51:40] [main/INFO]: |-- fabric-item-group-api-v1 4.2.36+4fc5413f3e
[17:51:40] [main/INFO]: |-- fabric-key-binding-api-v1 1.1.7+4fc5413f3e
[17:51:40] [main/INFO]: |-- fabric-lifecycle-events-v1 2.6.15+4ebb5c083e
[17:51:40] [main/INFO]: |-- fabric-loot-api-v2 3.0.73+3f89f5a53e
[17:51:40] [main/INFO]: |-- fabric-loot-api-v3 2.0.20+78c8b4663e
[17:51:40] [main/INFO]: |-- fabric-message-api-v1 6.1.12+4ebb5c083e
[17:51:40] [main/INFO]: |-- fabric-model-loading-api-v1 6.0.15+4fc5413f3e
[17:51:40] [main/INFO]: |-- fabric-networking-api-v1 5.1.6+6b6d71a53e
[17:51:40] [main/INFO]: |-- fabric-object-builder-api-v1 21.1.40+4fc5413f3e
[17:51:40] [main/INFO]: |-- fabric-particles-v1 4.2.12+4fc5413f3e
[17:51:40] [main/INFO]: |-- fabric-recipe-api-v1 8.2.4+4ebb5c083e
[17:51:40] [main/INFO]: |-- fabric-registry-sync-v0 6.2.6+1718722b3e
[17:51:40] [main/INFO]: |-- fabric-renderer-api-v1 8.0.3+f4ffd2e53e
[17:51:40] [main/INFO]: |-- fabric-renderer-indigo 5.0.3+f4ffd2e53e
[17:51:40] [main/INFO]: |-- fabric-rendering-fluids-v1 3.1.43+4ebb5c083e
[17:51:40] [main/INFO]: |-- fabric-rendering-v1 16.2.10+0290ad933e
[17:51:40] [main/INFO]: |-- fabric-resource-conditions-api-v1 5.0.35+4fc5413f3e
[17:51:40] [main/INFO]: |-- fabric-resource-loader-v0 3.3.4+4fc5413f3e
[17:51:40] [main/INFO]: |-- fabric-resource-loader-v1 1.0.10+78c8b4663e
[17:51:40] [main/INFO]: |-- fabric-screen-api-v1 3.1.7+4ebb5c083e
[17:51:40] [main/INFO]: |-- fabric-screen-handler-api-v1 1.3.162+4fc5413f3e
[17:51:40] [main/INFO]: |-- fabric-serialization-api-v1 1.0.5+4ebb5c083e
[17:51:40] [main/INFO]: |-- fabric-sound-api-v1 1.0.51+4fc5413f3e
[17:51:40] [main/INFO]: |-- fabric-tag-api-v1 1.2.20+4fc5413f3e
[17:51:40] [main/INFO]: |-- fabric-transfer-api-v1 6.0.25+4fc5413f3e
[17:51:40] [main/INFO]: \-- fabric-transitive-access-wideners-v1 7.1.0+014c8cec3e
[17:51:40] [main/INFO]: - fabricloader 0.19.3
[17:51:40] [main/INFO]: \-- mixinextras 0.5.4
[17:51:40] [main/INFO]: - ferritecore 8.2.0
[17:51:40] [main/INFO]: - java 21
[17:51:40] [main/INFO]: - jei 27.17.0.50
[17:51:40] [main/INFO]: - lithium 0.21.4+mc1.21.11
[17:51:40] [main/INFO]: - minecraft 1.21.11
[17:51:40] [main/INFO]: - scalable 1.0.0
[17:51:43] [main/INFO]: SpongePowered MIXIN Subsystem Version=0.8.7 Source=file:/D:/Minecraft_Server/libraries/net/fabricmc/sponge-mixin/0.17.3+mixin.0.8.7/sponge-mixin-0.17.3+mixin.0.8.7.jar Service=Knot/Fabric Env=SERVER
[17:51:51] [main/INFO]: Compatibility level set to JAVA_21
[17:51:51] [main/INFO]: Loaded configuration file for Lithium: 171 options available, 0 override(s) found.
[17:51:52] [main/WARN]: Error loading class: de/siphalor/amecs/key_modifiers/impl/AmecsKeyModifiersEarlyInit (java.lang.ClassNotFoundException: de/siphalor/amecs/key_modifiers/impl/AmecsKeyModifiersEarlyInit)
[17:51:52] [main/WARN]: @Mixin target de.siphalor.amecs.key_modifiers.impl.AmecsKeyModifiersEarlyInit was not found jei.mixins.json:AmecsKeyModifiersEarlyInitMixin from mod jei
[17:51:52] [main/INFO]: Initializing MixinExtras via com.llamalad7.mixinextras.service.MixinExtrasServiceImpl(version=0.5.4).
[17:52:00] [main/INFO]: [Scalable] Initializing ...
[17:52:01] [main/INFO]: Environment: Environment[sessionHost=http://127.0.0.1:28596/https/sessionserver.mojang.com, servicesHost=http://127.0.0.1:28596/https/api.minecraftservices.com, profilesHost=http://127.0.0.1:28596/https/api.mojang.com, name=PROD]
[17:52:03] [main/INFO]: Loaded 1470 recipes
[17:52:03] [main/INFO]: Loaded 1584 advancements
[17:52:03] [main/INFO]: Applied 0 biome modifications to 0 of 65 new biomes in 1.787 ms
[17:52:03] [Server thread/INFO]: Starting minecraft server version 1.21.11
[17:52:03] [Server thread/INFO]: Loading properties
[17:52:03] [Server thread/INFO]: Default game type: SURVIVAL
[17:52:03] [Server thread/INFO]: Generating keypair
[17:52:03] [Server thread/INFO]: Starting Minecraft server on *:25565
[17:52:03] [Server thread/INFO]: Preparing level "world"
[17:52:04] [Server thread/INFO]: Loading 50 persistent chunks...
[17:52:04] [Server thread/INFO]: Preparing spawn area: 16%
[17:52:05] [Server thread/INFO]: Preparing spawn area: 16%
[17:52:05] [Server thread/INFO]: Preparing spawn area: 58%
[17:52:05] [Server thread/INFO]: Time elapsed: 1124 ms
[17:52:05] [Server thread/INFO]: Done (1.753s)! For help, type "help"
[17:53:05] [Server thread/INFO]: Server empty for 60 seconds, pausing
[18:05:07] [User Authenticator #1/INFO]: UUID of player Qhua_xih is fe0fc8cc-09fc-4272-bcd7-2ef11c21c308
[18:05:10] [Server thread/INFO]: Qhua_xih[/127.0.0.1:46976] logged in with entity id 74 at (-176.79027987630036, 73.0, 321.9621184506132)
[18:05:10] [Server thread/INFO]: Qhua_xih joined the game
[18:07:36] [User Authenticator #2/INFO]: UUID of player BC_U is 0b27b59c-c397-4fb7-bb5e-ebf0740bbbfe
[18:07:37] [Server thread/INFO]: BC_U[/127.0.0.1:1290] logged in with entity id 597 at (197.58437921925938, 33.0, -25.281108760288614)
[18:07:37] [Server thread/INFO]: BC_U joined the game
[18:09:25] [Server thread/INFO]: BC_U was killed
[18:09:25] [Server thread/INFO]: [BC_U: Killed BC_U]
[18:09:26] [Server thread/INFO]: [@: Applied effect Night Vision to BC_U]
[18:09:27] [Server thread/INFO]: [@: Applied effect Night Vision to BC_U]
[18:10:26] [Server thread/INFO]: <Qhua_xih> 航母
[18:11:12] [Server thread/INFO]: <Qhua_xih> 我这个动作优化真生动。
[18:11:19] [Server thread/INFO]: <Qhua_xih> awa
[18:11:24] [Server thread/INFO]: <BC_U> ?
[18:11:39] [Server thread/INFO]: <BC_U> 动作优化？
[18:12:01] [Server thread/INFO]: <Qhua_xih> 材质包
[18:12:12] [Server thread/INFO]: <BC_U> 发我
[18:13:06] [Server thread/INFO]: <BC_U> 去找雪地
[18:16:14] [Server thread/INFO]: [BC_U: Set the time to 1000]
[18:16:22] [Server thread/INFO]: [BC_U: Set the weather to clear]
[18:17:31] [Server thread/INFO]: [BC_U: Set own game mode to Creative Mode]
[18:17:36] [Server thread/INFO]: [BC_U: Set own game mode to Survival Mode]
[18:17:44] [Server thread/INFO]: [BC_U: Made Qhua_xih a server operator]
[18:18:00] [Server thread/INFO]: [Qhua_xih: Teleported Qhua_xih to BC_U]
[18:18:05] [Server thread/INFO]: <BC_U> 不准开创造
[18:18:15] [Server thread/INFO]: <Qhua_xih> 行
[18:18:45] [Server thread/INFO]: [Qhua_xih: Gave 64 [Apple] to Qhua_xih]
[18:19:52] [Server thread/INFO]: [Qhua_xih: Gave 256 [Snowball] to Qhua_xih]
[18:20:16] [Server thread/INFO]: <BC_U> 何意味
[18:20:51] [Server thread/INFO]: [BC_U: Set own game mode to Creative Mode]
[18:21:07] [Server thread/INFO]: [BC_U: Set own game mode to Survival Mode]
[18:21:40] [Server thread/INFO]: <BC_U> 不是说好不开创造的吗？
[18:22:03] [Server thread/INFO]: <Qhua_xih> 这是指令
[18:22:17] [Server thread/INFO]: <Qhua_xih> 好了，不搞了。
[18:22:17] [Server thread/INFO]: <BC_U> 何意味
[18:22:38] [Server thread/INFO]: <BC_U> 行
[18:26:09] [Server thread/INFO]: <Qhua_xih> 要干嘛。
[18:26:31] [Server thread/INFO]: <BC_U> 烈焰棒
[18:26:39] [Server thread/INFO]: <Qhua_xih> go
[18:28:02] [Server thread/INFO]: <BC_U> 不缺石英
[18:32:36] [Server thread/INFO]: Qhua_xih tried to swim in lava
[18:32:45] [Server thread/INFO]: BC_U has completed the challenge [Hot Tourist Destinations]
[18:33:31] [Server thread/INFO]: <BC_U> tp
[18:33:36] [Server thread/INFO]: [Qhua_xih: Teleported Qhua_xih to BC_U]
[18:33:37] [Server thread/INFO]: Qhua_xih has completed the challenge [Hot Tourist Destinations]
[18:33:53] [Server thread/INFO]: [BC_U: Set own game mode to Creative Mode]
[18:33:56] [Server thread/INFO]: BC_U has made the advancement [A Terrible Fortress]
[18:34:00] [Server thread/INFO]: [BC_U: Set own game mode to Survival Mode]
[18:34:04] [Server thread/INFO]: Qhua_xih has made the advancement [A Terrible Fortress]
[18:34:22] [Server thread/INFO]: Qhua_xih fell from a high place
[18:34:35] [Server thread/INFO]: [Qhua_xih: Teleported Qhua_xih to BC_U]
[18:37:16] [Server thread/INFO]: Qhua_xih has made the advancement [Into Fire]
[18:37:34] [Server thread/INFO]: BC_U has made the advancement [Into Fire]
[18:38:54] [Server thread/INFO]: [BC_U: Set own game mode to Creative Mode]
[18:38:57] [Server thread/INFO]: [BC_U: Set own game mode to Survival Mode]
[18:40:24] [Server thread/INFO]: [BC_U: Set own game mode to Creative Mode]
[18:40:26] [Server thread/INFO]: Qhua_xih burned to death
[18:40:29] [Server thread/INFO]: [BC_U: Set own game mode to Survival Mode]
[18:41:07] [Server thread/INFO]: <Qhua_xih> 好了，晚上在找你。
[18:41:13] [Server thread/INFO]: <BC_U> ok
[18:41:32] [Server thread/INFO]: Qhua_xih lost connection: Disconnected
[18:41:32] [Server thread/INFO]: Qhua_xih left the game
[18:41:52] [Server thread/INFO]: [BC_U: Teleported BC_U to -18.500000, 63.500000, 45.500000]
[18:44:39] [Server thread/INFO]: BC_U lost connection: Disconnected
[18:44:39] [Server thread/INFO]: BC_U left the game
[18:45:39] [Server thread/INFO]: Server empty for 60 seconds, pausing
[19:52:51] [User Authenticator #3/INFO]: UUID of player BC_U is 0b27b59c-c397-4fb7-bb5e-ebf0740bbbfe
[19:52:52] [Server thread/INFO]: BC_U[/127.0.0.1:1667] logged in with entity id 8096 at (-176.40907006381127, 70.0, 321.33238277045916)
[19:52:52] [Server thread/INFO]: BC_U joined the game
[19:57:00] [Server thread/INFO]: [BC_U: Set the time to 1000]
[19:59:13] [Server thread/INFO]: [BC_U: Teleported BC_U to -18.500000, 63.500000, 45.500000]
[20:07:30] [Server thread/INFO]: [BC_U: Teleported BC_U to -18.500000, 63.500000, 45.500000]
[20:24:03] [Server thread/INFO]: [BC_U: Teleported BC_U to 1843.500000, 72.500000, -1432.500000]
[20:29:21] [Server thread/INFO]: [BC_U: Set the time to 1000]
[20:31:12] [Server thread/INFO]: BC_U lost connection: Disconnected
[20:31:12] [Server thread/INFO]: BC_U left the game
[20:32:12] [Server thread/INFO]: Server empty for 60 seconds, pausing
[21:02:51] [User Authenticator #4/INFO]: UUID of player BC_U is 0b27b59c-c397-4fb7-bb5e-ebf0740bbbfe
[21:02:51] [Server thread/INFO]: BC_U[/127.0.0.1:6045] logged in with entity id 16834 at (1883.8618748401207, 63.0, -1461.4044098214247)
[21:02:51] [Server thread/INFO]: BC_U joined the game
[21:03:12] [Server thread/INFO]: BC_U lost connection: Disconnected
[21:03:12] [Server thread/INFO]: BC_U left the game
[21:04:12] [Server thread/INFO]: Server empty for 60 seconds, pausing
[21:20:12] [User Authenticator #5/INFO]: UUID of player BC_U is 0b27b59c-c397-4fb7-bb5e-ebf0740bbbfe
[21:20:13] [Server thread/INFO]: BC_U[/127.0.0.1:5483] logged in with entity id 17097 at (1887.5582415975484, 69.0, -1452.1246277540708)
[21:20:13] [Server thread/INFO]: BC_U joined the game
[21:21:19] [Server thread/INFO]: BC_U lost connection: Disconnected
[21:21:19] [Server thread/INFO]: BC_U left the game
[21:22:19] [Server thread/INFO]: Server empty for 60 seconds, pausing
[21:27:47] [User Authenticator #6/INFO]: UUID of player BC_U is 0b27b59c-c397-4fb7-bb5e-ebf0740bbbfe
[21:27:48] [Server thread/INFO]: BC_U[/127.0.0.1:16638] logged in with entity id 17377 at (1887.5582415975484, 69.0, -1452.1246277540708)
[21:27:48] [Server thread/INFO]: BC_U joined the game
[21:30:44] [Server thread/INFO]: [BC_U: Set own game mode to Creative Mode]
[21:30:47] [Server thread/INFO]: [BC_U: Set own game mode to Survival Mode]
[21:34:53] [Server thread/INFO]: BC_U lost connection: Disconnected
[21:34:53] [Server thread/INFO]: BC_U left the game
[21:35:53] [Server thread/INFO]: Server empty for 60 seconds, pausing
[21:35:58] [User Authenticator #7/INFO]: UUID of player BC_U is 0b27b59c-c397-4fb7-bb5e-ebf0740bbbfe
[21:35:59] [Server thread/INFO]: BC_U[/127.0.0.1:25584] logged in with entity id 19308 at (1878.7246906033592, 63.0, -1469.4824360551836)
[21:35:59] [Server thread/INFO]: BC_U joined the game
[21:41:14] [Server thread/INFO]: [BC_U: Set the time to 18000]
[21:41:22] [Server thread/INFO]: [BC_U: Set own game mode to Creative Mode]
[21:42:47] [Server thread/INFO]: [BC_U: The difficulty has been set to Normal]
[21:42:53] [Server thread/INFO]: [BC_U: Set own game mode to Survival Mode]
[21:46:19] [Server thread/INFO]: [BC_U: Set own game mode to Creative Mode]
[21:46:22] [Server thread/INFO]: [BC_U: Set own game mode to Survival Mode]
[21:52:39] [Server thread/INFO]: BC_U was slain by Zombie
[21:52:40] [Server thread/INFO]: [@: Applied effect Night Vision to BC_U]
[21:52:40] [Server thread/INFO]: [@: Applied effect Night Vision to BC_U]
[21:52:46] [Server thread/INFO]: [BC_U: Teleported BC_U to 1891.500000, -15.500000, -1641.500000]
[21:57:57] [Server thread/INFO]: [BC_U: Set own game mode to Creative Mode]
[21:58:01] [Server thread/INFO]: [BC_U: Set own game mode to Survival Mode]
[21:58:55] [Server thread/INFO]: [BC_U: Set own game mode to Creative Mode]
[21:59:02] [Server thread/INFO]: [BC_U: Set own game mode to Survival Mode]
[21:59:06] [Server thread/INFO]: BC_U was shot by Skeleton
[21:59:07] [Server thread/INFO]: [@: Applied effect Night Vision to BC_U]
[21:59:08] [Server thread/INFO]: [@: Applied effect Night Vision to BC_U]
[21:59:15] [Server thread/INFO]: BC_U lost connection: Disconnected
[21:59:15] [Server thread/INFO]: BC_U left the game
[22:00:15] [Server thread/INFO]: Server empty for 60 seconds, pausing
[22:00:44] [Server thread/INFO]: Stopping the server
[22:00:44] [Server thread/INFO]: [Scalable] Server stopping ...
[22:00:44] [Server thread/INFO]: Stopping server
[22:00:44] [Server thread/INFO]: Saving players
[22:00:44] [Server thread/INFO]: Saving worlds
[22:00:44] [Server thread/INFO]: Saving chunks for level 'ServerLevel[world]'/minecraft:overworld
[22:00:44] [Server thread/INFO]: Saving chunks for level 'ServerLevel[world]'/minecraft:the_end
[22:00:44] [Server thread/INFO]: Saving chunks for level 'ServerLevel[world]'/minecraft:the_nether
[22:00:44] [Server thread/INFO]: ThreadedAnvilChunkStorage (world): All chunks are saved
[22:00:44] [Server thread/INFO]: ThreadedAnvilChunkStorage (DIM1): All chunks are saved
[22:00:44] [Server thread/INFO]: ThreadedAnvilChunkStorage (DIM-1): All chunks are saved
[22:00:44] [Server thread/INFO]: ThreadedAnvilChunkStorage: All dimensions are saved
